Archive member included to satisfy reference by file (symbol)

c:/progra~1/raspbe~1/picosd~1.1/gcc-ar~1/bin/../lib/gcc/arm-none-eabi/10.3.1/thumb/v6-m/nofp\libgcc.a(_dvmd_tls.o)
                              CMakeFiles/motor_control_by_mqtt.dir/C_/Program_Files/Raspberry_Pi/Pico_SDK_v1.5.1/pico-sdk/src/rp2_common/pico_divider/divider.S.obj (__aeabi_idiv0)
c:/progra~1/raspbe~1/picosd~1.1/gcc-ar~1/bin/../lib/gcc/arm-none-eabi/10.3.1/../../../../arm-none-eabi/lib/thumb/v6-m/nofp\libc.a(lib_a-atoi.o)
                              CMakeFiles/motor_control_by_mqtt.dir/main.c.obj (atoi)
c:/progra~1/raspbe~1/picosd~1.1/gcc-ar~1/bin/../lib/gcc/arm-none-eabi/10.3.1/../../../../arm-none-eabi/lib/thumb/v6-m/nofp\libc.a(lib_a-calloc.o)
                              CMakeFiles/motor_control_by_mqtt.dir/C_/Program_Files/Raspberry_Pi/Pico_SDK_v1.5.1/pico-sdk/src/rp2_common/pico_malloc/pico_malloc.c.obj (calloc)
c:/progra~1/raspbe~1/picosd~1.1/gcc-ar~1/bin/../lib/gcc/arm-none-eabi/10.3.1/../../../../arm-none-eabi/lib/thumb/v6-m/nofp\libc.a(lib_a-callocr.o)
                              c:/progra~1/raspbe~1/picosd~1.1/gcc-ar~1/bin/../lib/gcc/arm-none-eabi/10.3.1/../../../../arm-none-eabi/lib/thumb/v6-m/nofp\libc.a(lib_a-calloc.o) (_calloc_r)
c:/progra~1/raspbe~1/picosd~1.1/gcc-ar~1/bin/../lib/gcc/arm-none-eabi/10.3.1/../../../../arm-none-eabi/lib/thumb/v6-m/nofp\libc.a(lib_a-ctype_.o)
                              CMakeFiles/motor_control_by_mqtt.dir/main.c.obj (_ctype_)
c:/progra~1/raspbe~1/picosd~1.1/gcc-ar~1/bin/../lib/gcc/arm-none-eabi/10.3.1/../../../../arm-none-eabi/lib/thumb/v6-m/nofp\libc.a(lib_a-errno.o)
                              c:/progra~1/raspbe~1/picosd~1.1/gcc-ar~1/bin/../lib/gcc/arm-none-eabi/10.3.1/../../../../arm-none-eabi/lib/thumb/v6-m/nofp\libc.a(lib_a-callocr.o) (__errno)
c:/progra~1/raspbe~1/picosd~1.1/gcc-ar~1/bin/../lib/gcc/arm-none-eabi/10.3.1/../../../../arm-none-eabi/lib/thumb/v6-m/nofp\libc.a(lib_a-impure.o)
                              c:/progra~1/raspbe~1/picosd~1.1/gcc-ar~1/bin/../lib/gcc/arm-none-eabi/10.3.1/../../../../arm-none-eabi/lib/thumb/v6-m/nofp\libc.a(lib_a-calloc.o) (_impure_ptr)
c:/progra~1/raspbe~1/picosd~1.1/gcc-ar~1/bin/../lib/gcc/arm-none-eabi/10.3.1/../../../../arm-none-eabi/lib/thumb/v6-m/nofp\libc.a(lib_a-init.o)
                              c:/progra~1/raspbe~1/picosd~1.1/gcc-ar~1/bin/../lib/gcc/arm-none-eabi/10.3.1/../../../../arm-none-eabi/lib/thumb/v6-m/nofp/crt0.o (__libc_init_array)
c:/progra~1/raspbe~1/picosd~1.1/gcc-ar~1/bin/../lib/gcc/arm-none-eabi/10.3.1/../../../../arm-none-eabi/lib/thumb/v6-m/nofp\libc.a(lib_a-malloc.o)
                              CMakeFiles/motor_control_by_mqtt.dir/C_/Program_Files/Raspberry_Pi/Pico_SDK_v1.5.1/pico-sdk/src/rp2_common/pico_malloc/pico_malloc.c.obj (malloc)
c:/progra~1/raspbe~1/picosd~1.1/gcc-ar~1/bin/../lib/gcc/arm-none-eabi/10.3.1/../../../../arm-none-eabi/lib/thumb/v6-m/nofp\libc.a(lib_a-mallocr.o)
                              c:/progra~1/raspbe~1/picosd~1.1/gcc-ar~1/bin/../lib/gcc/arm-none-eabi/10.3.1/../../../../arm-none-eabi/lib/thumb/v6-m/nofp\libc.a(lib_a-callocr.o) (_malloc_r)
c:/progra~1/raspbe~1/picosd~1.1/gcc-ar~1/bin/../lib/gcc/arm-none-eabi/10.3.1/../../../../arm-none-eabi/lib/thumb/v6-m/nofp\libc.a(lib_a-memcmp.o)
                              CMakeFiles/motor_control_by_mqtt.dir/C_/Program_Files/Raspberry_Pi/Pico_SDK_v1.5.1/pico-sdk/lib/lwip/src/netif/ethernet.c.obj (memcmp)
c:/progra~1/raspbe~1/picosd~1.1/gcc-ar~1/bin/../lib/gcc/arm-none-eabi/10.3.1/../../../../arm-none-eabi/lib/thumb/v6-m/nofp\libc.a(lib_a-memmove.o)
                              CMakeFiles/motor_control_by_mqtt.dir/C_/Program_Files/Raspberry_Pi/Pico_SDK_v1.5.1/pico-sdk/lib/lwip/src/core/def.c.obj (memmove)
c:/progra~1/raspbe~1/picosd~1.1/gcc-ar~1/bin/../lib/gcc/arm-none-eabi/10.3.1/../../../../arm-none-eabi/lib/thumb/v6-m/nofp\libc.a(lib_a-mlock.o)
                              c:/progra~1/raspbe~1/picosd~1.1/gcc-ar~1/bin/../lib/gcc/arm-none-eabi/10.3.1/../../../../arm-none-eabi/lib/thumb/v6-m/nofp\libc.a(lib_a-mallocr.o) (__malloc_lock)
c:/progra~1/raspbe~1/picosd~1.1/gcc-ar~1/bin/../lib/gcc/arm-none-eabi/10.3.1/../../../../arm-none-eabi/lib/thumb/v6-m/nofp\libc.a(lib_a-realloc.o)
                              CMakeFiles/motor_control_by_mqtt.dir/C_/Program_Files/Raspberry_Pi/Pico_SDK_v1.5.1/pico-sdk/src/rp2_common/pico_malloc/pico_malloc.c.obj (realloc)
c:/progra~1/raspbe~1/picosd~1.1/gcc-ar~1/bin/../lib/gcc/arm-none-eabi/10.3.1/../../../../arm-none-eabi/lib/thumb/v6-m/nofp\libc.a(lib_a-reallocr.o)
                              c:/progra~1/raspbe~1/picosd~1.1/gcc-ar~1/bin/../lib/gcc/arm-none-eabi/10.3.1/../../../../arm-none-eabi/lib/thumb/v6-m/nofp\libc.a(lib_a-realloc.o) (_realloc_r)
c:/progra~1/raspbe~1/picosd~1.1/gcc-ar~1/bin/../lib/gcc/arm-none-eabi/10.3.1/../../../../arm-none-eabi/lib/thumb/v6-m/nofp\libc.a(lib_a-sbrkr.o)
[...]
Memory Configuration

Name             Origin             Length             Attributes
FLASH            0x10000000         0x00200000         xr
RAM              0x20000000         0x00040000         xrw
SCRATCH_X        0x20040000         0x00001000         xrw
SCRATCH_Y        0x20041000         0x00001000         xrw
*default*        0x00000000         0xffffffff

Linker script and memory map

LOAD c:/progra~1/raspbe~1/picosd~1.1/gcc-ar~1/bin/../lib/gcc/arm-none-eabi/10.3.1/thumb/v6-m/nofp/crti.o
LOAD c:/progra~1/raspbe~1/picosd~1.1/gcc-ar~1/bin/../lib/gcc/arm-none-eabi/10.3.1/thumb/v6-m/nofp/crtbegin.o
LOAD c:/progra~1/raspbe~1/picosd~1.1/gcc-ar~1/bin/../lib/gcc/arm-none-eabi/10.3.1/../../../../arm-none-eabi/lib/thumb/v6-m/nofp/crt0.o

.flash_begin    0x10000000        0x0
                0x10000000                __flash_binary_start = .

.boot2          0x10000000      0x100
                0x10000000                __boot2_start__ = .
 *(.boot2)
 .boot2         0x10000000      0x100 C:\Users\LABDIG~1\AppData\Local\Temp\ccY3NVHz.o
                0x10000100                __boot2_end__ = .
                0x00000001                ASSERT (((__boot2_end__ - __boot2_start__) == 0x100), ERROR: Pico second stage bootloader must be 256 bytes in size)

.text           0x10000100    0x19420
                0x10000100                __logical_binary_start = .
 *(.vectors)
 .vectors       0x10000100       0xd4 CMakeFiles/motor_control_by_mqtt.dir/C_/Program_Files/Raspberry_Pi/Pico_SDK_v1.5.1/pico-sdk/src/rp2_common/pico_standard_link/crt0.S.obj
                0x10000100                __VECTOR_TABLE
                0x10000100                __vectors
                0x100001c0                isr_invalid
                0x100001c0                __default_isrs_start
                0x100001c2                isr_nmi
                0x100001c4                isr_hardfault
                0x100001c6                isr_svcall
                0x100001c8                isr_pendsv
                0x100001ca                isr_systick
                0x100001cc                isr_irq23
                0x100001cc                isr_irq18
                0x100001cc                isr_irq11
                0x100001cc                isr_irq28
                0x100001cc                isr_irq19
                0x100001cc                isr_irq0
                0x100001cc                isr_irq6
                0x100001cc                isr_irq5
                0x100001cc                isr_irq12
                0x100001cc                isr_irq22
                0x100001cc                isr_irq31
                0x100001cc                isr_irq17
                0x100001cc                isr_irq27
                0x100001cc                isr_irq30
                0x100001cc                isr_irq2
                0x100001cc                isr_irq10
                0x100001cc                isr_irq8
                0x100001cc                isr_irq24
                0x100001cc                isr_irq1
                0x100001cc                isr_irq7
                0x100001cc                isr_irq21
                0x100001cc                isr_irq20
                0x100001cc                isr_irq15
                0x100001cc                isr_irq25
                0x100001cc                isr_irq13
                0x100001cc                __unhandled_user_irq
                0x100001cc                isr_irq4
                0x100001cc                isr_irq16
                0x100001cc                isr_irq29
                0x100001cc                isr_irq26
                0x100001cc                __default_isrs_end
                0x100001cc                isr_irq3
                0x100001cc                isr_irq14
                0x100001cc                isr_irq9
                0x100001d2                unhandled_user_irq_num_in_r0
 *(.binary_info_header)
 .binary_info_header
                0x100001d4       0x14 CMakeFiles/motor_control_by_mqtt.dir/C_/Program_Files/Raspberry_Pi/Pico_SDK_v1.5.1/pico-sdk/src/rp2_common/pico_standard_link/crt0.S.obj
                0x100001e8                __binary_info_header_end = .
 *(.reset)
 .reset         0x100001e8       0xa0 CMakeFiles/motor_control_by_mqtt.dir/C_/Program_Files/Raspberry_Pi/Pico_SDK_v1.5.1/pico-sdk/src/rp2_common/pico_standard_link/crt0.S.obj
                0x100001e8                _entry_point
 .reset         0x10000288       0x30 CMakeFiles/motor_control_by_mqtt.dir/C_/Program_Files/Raspberry_Pi/Pico_SDK_v1.5.1/pico-sdk/src/rp2_common/pico_standard_link/binary_info.c.obj
 *(.init)
 .init          0x100002b8        0x4 c:/progra~1/raspbe~1/picosd~1.1/gcc-ar~1/bin/../lib/gcc/arm-none-eabi/10.3.1/thumb/v6-m/nofp/crti.o
                0x100002b8                _init
 *(EXCLUDE_FILE(*libm.a: *libc.a:*lib_a-mem*.o *libgcc.a:) .text*)
 .text          0x100002bc       0x48 c:/progra~1/raspbe~1/picosd~1.1/gcc-ar~1/bin/../lib/gcc/arm-none-eabi/10.3.1/thumb/v6-m/nofp/crtbegin.o
 .text.mqtt_request_cb
                0x10000304        0xc CMakeFiles/motor_control_by_mqtt.dir/main.c.obj
 .text.mqtt_incoming_publish_cb
                0x10000310       0x10 CMakeFiles/motor_control_by_mqtt.dir/main.c.obj
 .text.mqtt_incoming_data_cb
                0x10000320      0x120 CMakeFiles/motor_control_by_mqtt.dir/main.c.obj
 .text.mqtt_connection_cb
                0x10000440       0x58 CMakeFiles/motor_control_by_mqtt.dir/main.c.obj
 .text.startup.main
                0x10000498      0x1a0 CMakeFiles/motor_control_by_mqtt.dir/main.c.obj
                0x10000498                main
 .text.lwip_timeout_reached
                0x10000638        0x8 CMakeFiles/motor_control_by_mqtt.dir/C_/Program_Files/Raspberry_Pi/Pico_SDK_v1.5.1/pico-sdk/src/rp2_common/pico_lwip/lwip_nosys.c.obj
 .text.update_next_timeout
                0x10000640       0x6c CMakeFiles/motor_control_by_mqtt.dir/C_/Program_Files/Raspberry_Pi/Pico_SDK_v1.5.1/pico-sdk/src/rp2_common/pico_lwip/lwip_nosys.c.obj
 .text.lwip_nosys_init
                0x100006ac       0x30 CMakeFiles/motor_control_by_mqtt.dir/C_/Program_Files/Raspberry_Pi/Pico_SDK_v1.5.1/pico-sdk/src/rp2_common/pico_lwip/lwip_nosys.c.obj
                0x100006ac                lwip_nosys_init
 .text.lwip_nosys_deinit
                0x100006dc       0x20 CMakeFiles/motor_control_by_mqtt.dir/C_/Program_Files/Raspberry_Pi/Pico_SDK_v1.5.1/pico-sdk/src/rp2_common/pico_lwip/lwip_nosys.c.obj
                0x100006dc                lwip_nosys_deinit
 .text.sys_arch_protect
                0x100006fc        0x4 CMakeFiles/motor_control_by_mqtt.dir/C_/Program_Files/Raspberry_Pi/Pico_SDK_v1.5.1/pico-sdk/src/rp2_common/pico_lwip/lwip_nosys.c.obj
                0x100006fc                sys_arch_protect
 .text.sys_arch_unprotect
                0x10000700        0x4 CMakeFiles/motor_control_by_mqtt.dir/C_/Program_Files/Raspberry_Pi/Pico_SDK_v1.5.1/pico-sdk/src/rp2_common/pico_lwip/lwip_nosys.c.obj
                0x10000700                sys_arch_unprotect
 .text.sys_now  0x10000704       0x20 CMakeFiles/motor_control_by_mqtt.dir/C_/Program_Files/Raspberry_Pi/Pico_SDK_v1.5.1/pico-sdk/src/rp2_common/pico_lwip/lwip_nosys.c.obj
                0x10000704                sys_now
 .text.async_context_base_add_at_time_worker
                0x10000724       0x28 CMakeFiles/motor_control_by_mqtt.dir/C_/Program_Files/Raspberry_Pi/Pico_SDK_v1.5.1/pico-sdk/src/rp2_common/pico_async_context/async_context_base.c.obj
                0x10000724                async_context_base_add_at_time_worker
 .text.async_context_base_remove_at_time_worker
                0x1000074c       0x28 CMakeFiles/motor_control_by_mqtt.dir/C_/Program_Files/Raspberry_Pi/Pico_SDK_v1.5.1/pico-sdk/src/rp2_common/pico_async_context/async_context_base.c.obj
                0x1000074c                async_context_base_remove_at_time_worker
 .text.async_context_base_add_when_pending_worker
                0x10000774       0x24 CMakeFiles/motor_control_by_mqtt.dir/C_/Program_Files/Raspberry_Pi/Pico_SDK_v1.5.1/pico-sdk/src/rp2_common/pico_async_context/async_context_base.c.obj
                0x10000774                async_context_base_add_when_pending_worker
 .text.async_context_base_remove_when_pending_worker
                0x10000798       0x28 CMakeFiles/motor_control_by_mqtt.dir/C_/Program_Files/Raspberry_Pi/Pico_SDK_v1.5.1/pico-sdk/src/rp2_common/pico_async_context/async_context_base.c.obj
                0x10000798                async_context_base_remove_when_pending_worker
 .text.async_context_base_execute_once
                0x100007c0       0xe8 CMakeFiles/motor_control_by_mqtt.dir/C_/Program_Files/Raspberry_Pi/Pico_SDK_v1.5.1/pico-sdk/src/rp2_common/pico_async_context/async_context_base.c.obj
                0x100007c0                async_context_base_execute_once
 .text.running_on_fpga
                0x100008a8       0x10 CMakeFiles/motor_control_by_mqtt.dir/C_/Program_Files/Raspberry_Pi/Pico_SDK_v1.5.1/pico-sdk/src/rp2_common/pico_platform/platform.c.obj
                0x100008a8                running_on_fpga
 .text.splitmix64
                0x100008b8       0x5c CMakeFiles/motor_control_by_mqtt.dir/C_/Program_Files/Raspberry_Pi/Pico_SDK_v1.5.1/pico-sdk/src/rp2_common/pico_rand/rand.c.obj
 .text.xoroshiro128ss
                0x10000914       0x90 CMakeFiles/motor_control_by_mqtt.dir/C_/Program_Files/Raspberry_Pi/Pico_SDK_v1.5.1/pico-sdk/src/rp2_common/pico_rand/rand.c.obj
 .text.get_rand_64
                0x100009a4      0x484 CMakeFiles/motor_control_by_mqtt.dir/C_/Program_Files/Raspberry_Pi/Pico_SDK_v1.5.1/pico-sdk/src/rp2_common/pico_rand/rand.c.obj
                0x100009a4                get_rand_64
 .text.get_rand_32
                0x10000e28        0x8 CMakeFiles/motor_control_by_mqtt.dir/C_/Program_Files/Raspberry_Pi/Pico_SDK_v1.5.1/pico-sdk/src/rp2_common/pico_rand/rand.c.obj
                0x10000e28                get_rand_32
 .text.startup._retrieve_unique_id_on_boot
                0x10000e30       0x10 CMakeFiles/motor_control_by_mqtt.dir/C_/Program_Files/Raspberry_Pi/Pico_SDK_v1.5.1/pico-sdk/src/rp2_common/pico_unique_id/unique_id.c.obj
 .text.pico_get_unique_board_id
                0x10000e40       0x10 CMakeFiles/motor_control_by_mqtt.dir/C_/Program_Files/Raspberry_Pi/Pico_SDK_v1.5.1/pico-sdk/src/rp2_common/pico_unique_id/unique_id.c.obj
                0x10000e40                pico_get_unique_board_id
 .text.pico_get_unique_board_id_string
                0x10000e50      0x1a8 CMakeFiles/motor_control_by_mqtt.dir/C_/Program_Files/Raspberry_Pi/Pico_SDK_v1.5.1/pico-sdk/src/rp2_common/pico_unique_id/unique_id.c.obj
                0x10000e50                pico_get_unique_board_id_string
 .text.flash_get_unique_id
                0x10000ff8       0x40 CMakeFiles/motor_control_by_mqtt.dir/C_/Program_Files/Raspberry_Pi/Pico_SDK_v1.5.1/pico-sdk/src/rp2_common/hardware_flash/flash.c.obj
                0x10000ff8                flash_get_unique_id
 .text.hw_claim_lock
                0x10001038       0x18 CMakeFiles/motor_control_by_mqtt.dir/C_/Program_Files/Raspberry_Pi/Pico_SDK_v1.5.1/pico-sdk/src/rp2_common/hardware_claim/claim.c.obj
                0x10001038                hw_claim_lock
 .text.hw_claim_unlock
                0x10001050       0x14 CMakeFiles/motor_control_by_mqtt.dir/C_/Program_Files/Raspberry_Pi/Pico_SDK_v1.5.1/pico-sdk/src/rp2_common/hardware_claim/claim.c.obj
                0x10001050                hw_claim_unlock
 .text.hw_claim_or_assert
                0x10001064       0x44 CMakeFiles/motor_control_by_mqtt.dir/C_/Program_Files/Raspberry_Pi/Pico_SDK_v1.5.1/pico-sdk/src/rp2_common/hardware_claim/claim.c.obj
                0x10001064                hw_claim_or_assert
 .text.hw_claim_unused_from_range
                0x100010a8       0x9c CMakeFiles/motor_control_by_mqtt.dir/C_/Program_Files/Raspberry_Pi/Pico_SDK_v1.5.1/pico-sdk/src/rp2_common/hardware_claim/claim.c.obj
                0x100010a8                hw_claim_unused_from_range
 .text.hw_claim_clear
                0x10001144       0x38 CMakeFiles/motor_control_by_mqtt.dir/C_/Program_Files/Raspberry_Pi/Pico_SDK_v1.5.1/pico-sdk/src/rp2_common/hardware_claim/claim.c.obj
                0x10001144                hw_claim_clear
 .text.spin_locks_reset
                0x1000117c       0x1c CMakeFiles/motor_control_by_mqtt.dir/C_/Program_Files/Raspberry_Pi/Pico_SDK_v1.5.1/pico-sdk/src/rp2_common/hardware_sync/sync.c.obj
                0x1000117c                spin_locks_reset
 .text.next_striped_spin_lock_num
                0x10001198       0x18 CMakeFiles/motor_control_by_mqtt.dir/C_/Program_Files/Raspberry_Pi/Pico_SDK_v1.5.1/pico-sdk/src/rp2_common/hardware_sync/sync.c.obj
                0x10001198                next_striped_spin_lock_num
 .text.spin_lock_claim_unused
                0x100011b0       0x20 CMakeFiles/motor_control_by_mqtt.dir/C_/Program_Files/Raspberry_Pi/Pico_SDK_v1.5.1/pico-sdk/src/rp2_common/hardware_sync/sync.c.obj
                0x100011b0                spin_lock_claim_unused
 .text.rom_func_lookup
                0x100011d0       0x10 CMakeFiles/motor_control_by_mqtt.dir/C_/Program_Files/Raspberry_Pi/Pico_SDK_v1.5.1/pico-sdk/src/rp2_common/pico_bootrom/bootrom.c.obj
                0x100011d0                rom_func_lookup
 .text.rom_data_lookup
                0x100011e0       0x10 CMakeFiles/motor_control_by_mqtt.dir/C_/Program_Files/Raspberry_Pi/Pico_SDK_v1.5.1/pico-sdk/src/rp2_common/pico_bootrom/bootrom.c.obj
                0x100011e0                rom_data_lookup
 .text.rom_funcs_lookup
                0x100011f0       0x44 CMakeFiles/motor_control_by_mqtt.dir/C_/Program_Files/Raspberry_Pi/Pico_SDK_v1.5.1/pico-sdk/src/rp2_common/pico_bootrom/bootrom.c.obj
                0x100011f0                rom_funcs_lookup
 .text.clocks_init
                0x10001234      0x2d0 CMakeFiles/motor_control_by_mqtt.dir/C_/Program_Files/Raspberry_Pi/Pico_SDK_v1.5.1/pico-sdk/src/rp2_common/hardware_clocks/clocks.c.obj
                0x10001234                clocks_init
 .text.clock_get_hz
                0x10001504        0xc CMakeFiles/motor_control_by_mqtt.dir/C_/Program_Files/Raspberry_Pi/Pico_SDK_v1.5.1/pico-sdk/src/rp2_common/hardware_clocks/clocks.c.obj
                0x10001504                clock_get_hz
 .text.gpio_set_function
                0x10001510       0x30 CMakeFiles/motor_control_by_mqtt.dir/C_/Program_Files/Raspberry_Pi/Pico_SDK_v1.5.1/pico-sdk/src/rp2_common/hardware_gpio/gpio.c.obj
                0x10001510                gpio_set_function
 .text.gpio_set_pulls
                0x10001540       0x30 CMakeFiles/motor_control_by_mqtt.dir/C_/Program_Files/Raspberry_Pi/Pico_SDK_v1.5.1/pico-sdk/src/rp2_common/hardware_gpio/gpio.c.obj
                0x10001540                gpio_set_pulls
 .text.gpio_set_input_hysteresis_enabled
                0x10001570       0x28 CMakeFiles/motor_control_by_mqtt.dir/C_/Program_Files/Raspberry_Pi/Pico_SDK_v1.5.1/pico-sdk/src/rp2_common/hardware_gpio/gpio.c.obj
                0x10001570                gpio_set_input_hysteresis_enabled
 .text.gpio_set_irq_enabled
                0x10001598       0x54 CMakeFiles/motor_control_by_mqtt.dir/C_/Program_Files/Raspberry_Pi/Pico_SDK_v1.5.1/pico-sdk/src/rp2_common/hardware_gpio/gpio.c.obj
                0x10001598                gpio_set_irq_enabled
 .text.gpio_add_raw_irq_handler_with_order_priority_masked
                0x100015ec       0x44 CMakeFiles/motor_control_by_mqtt.dir/C_/Program_Files/Raspberry_Pi/Pico_SDK_v1.5.1/pico-sdk/src/rp2_common/hardware_gpio/gpio.c.obj
                0x100015ec                gpio_add_raw_irq_handler_with_order_priority_masked
 .text.gpio_remove_raw_irq_handler_masked
                0x10001630       0x20 CMakeFiles/motor_control_by_mqtt.dir/C_/Program_Files/Raspberry_Pi/Pico_SDK_v1.5.1/pico-sdk/src/rp2_common/hardware_gpio/gpio.c.obj
                0x10001630                gpio_remove_raw_irq_handler_masked
 .text.gpio_init
                0x10001650       0x3c CMakeFiles/motor_control_by_mqtt.dir/C_/Program_Files/Raspberry_Pi/Pico_SDK_v1.5.1/pico-sdk/src/rp2_common/hardware_gpio/gpio.c.obj
                0x10001650                gpio_init
 .text.irq_set_enabled
                0x1000168c       0x24 CMakeFiles/motor_control_by_mqtt.dir/C_/Program_Files/Raspberry_Pi/Pico_SDK_v1.5.1/pico-sdk/src/rp2_common/hardware_irq/irq.c.obj
                0x1000168c                irq_set_enabled
 .text.irq_set_pending
                0x100016b0       0x10 CMakeFiles/motor_control_by_mqtt.dir/C_/Program_Files/Raspberry_Pi/Pico_SDK_v1.5.1/pico-sdk/src/rp2_common/hardware_irq/irq.c.obj
                0x100016b0                irq_set_pending
 .text.irq_has_shared_handler
                0x100016c0       0x2c CMakeFiles/motor_control_by_mqtt.dir/C_/Program_Files/Raspberry_Pi/Pico_SDK_v1.5.1/pico-sdk/src/rp2_common/hardware_irq/irq.c.obj
                0x100016c0                irq_has_shared_handler
 .text.irq_get_vtable_handler
                0x100016ec       0x10 CMakeFiles/motor_control_by_mqtt.dir/C_/Program_Files/Raspberry_Pi/Pico_SDK_v1.5.1/pico-sdk/src/rp2_common/hardware_irq/irq.c.obj
                0x100016ec                irq_get_vtable_handler
 .text.irq_set_exclusive_handler
                0x100016fc       0x54 CMakeFiles/motor_control_by_mqtt.dir/C_/Program_Files/Raspberry_Pi/Pico_SDK_v1.5.1/pico-sdk/src/rp2_common/hardware_irq/irq.c.obj
                0x100016fc                irq_set_exclusive_handler
 .text.irq_add_shared_handler
                0x10001750      0x1e8 CMakeFiles/motor_control_by_mqtt.dir/C_/Program_Files/Raspberry_Pi/Pico_SDK_v1.5.1/pico-sdk/src/rp2_common/hardware_irq/irq.c.obj
                0x10001750                irq_add_shared_handler
 .text.irq_remove_handler
                0x10001938      0x1b0 CMakeFiles/motor_control_by_mqtt.dir/C_/Program_Files/Raspberry_Pi/Pico_SDK_v1.5.1/pico-sdk/src/rp2_common/hardware_irq/irq.c.obj
                0x10001938                irq_remove_handler
 .text.irq_set_priority
                0x10001ae8       0x28 CMakeFiles/motor_control_by_mqtt.dir/C_/Program_Files/Raspberry_Pi/Pico_SDK_v1.5.1/pico-sdk/src/rp2_common/hardware_irq/irq.c.obj
                0x10001ae8                irq_set_priority
 .text.irq_add_tail_to_free_list
                0x10001b10       0xb4 CMakeFiles/motor_control_by_mqtt.dir/C_/Program_Files/Raspberry_Pi/Pico_SDK_v1.5.1/pico-sdk/src/rp2_common/hardware_irq/irq.c.obj
                0x10001b10                irq_add_tail_to_free_list
 .text.irq_init_priorities
                0x10001bc4       0x24 CMakeFiles/motor_control_by_mqtt.dir/C_/Program_Files/Raspberry_Pi/Pico_SDK_v1.5.1/pico-sdk/src/rp2_common/hardware_irq/irq.c.obj
                0x10001bc4                irq_init_priorities
 .text.user_irq_unclaim
                0x10001be8       0x14 CMakeFiles/motor_control_by_mqtt.dir/C_/Program_Files/Raspberry_Pi/Pico_SDK_v1.5.1/pico-sdk/src/rp2_common/hardware_irq/irq.c.obj
                0x10001be8                user_irq_unclaim
 .text.user_irq_claim_unused
                0x10001bfc       0x28 CMakeFiles/motor_control_by_mqtt.dir/C_/Program_Files/Raspberry_Pi/Pico_SDK_v1.5.1/pico-sdk/src/rp2_common/hardware_irq/irq.c.obj
                0x10001bfc                user_irq_claim_unused
 .text.sem_init
                0x10001c24       0x20 CMakeFiles/motor_control_by_mqtt.dir/C_/Program_Files/Raspberry_Pi/Pico_SDK_v1.5.1/pico-sdk/src/common/pico_sync/sem.c.obj
                0x10001c24                sem_init
 .text.lock_init
                0x10001c44       0x10 CMakeFiles/motor_control_by_mqtt.dir/C_/Program_Files/Raspberry_Pi/Pico_SDK_v1.5.1/pico-sdk/src/common/pico_sync/lock_core.c.obj
                0x10001c44                lock_init
 .text.mutex_init
                0x10001c54       0x1c CMakeFiles/motor_control_by_mqtt.dir/C_/Program_Files/Raspberry_Pi/Pico_SDK_v1.5.1/pico-sdk/src/common/pico_sync/mutex.c.obj
                0x10001c54                mutex_init
 .text.recursive_mutex_init
                0x10001c70       0x1c CMakeFiles/motor_control_by_mqtt.dir/C_/Program_Files/Raspberry_Pi/Pico_SDK_v1.5.1/pico-sdk/src/common/pico_sync/mutex.c.obj
                0x10001c70                recursive_mutex_init
 .text.critical_section_init
                0x10001c8c       0x20 CMakeFiles/motor_control_by_mqtt.dir/C_/Program_Files/Raspberry_Pi/Pico_SDK_v1.5.1/pico-sdk/src/common/pico_sync/critical_section.c.obj
                0x10001c8c                critical_section_init
 .text.critical_section_init_with_lock_num
                0x10001cac       0x14 CMakeFiles/motor_control_by_mqtt.dir/C_/Program_Files/Raspberry_Pi/Pico_SDK_v1.5.1/pico-sdk/src/common/pico_sync/critical_section.c.obj
                0x10001cac                critical_section_init_with_lock_num
 .text.timer_pool_entry_comparator
                0x10001cc0       0x34 CMakeFiles/motor_control_by_mqtt.dir/C_/Program_Files/Raspberry_Pi/Pico_SDK_v1.5.1/pico-sdk/src/common/pico_time/time.c.obj
                0x10001cc0                timer_pool_entry_comparator
 .text.sleep_until_callback
                0x10001cf4       0x30 CMakeFiles/motor_control_by_mqtt.dir/C_/Program_Files/Raspberry_Pi/Pico_SDK_v1.5.1/pico-sdk/src/common/pico_time/time.c.obj
 .text.add_alarm_under_lock.isra.0
                0x10001d24      0x100 CMakeFiles/motor_control_by_mqtt.dir/C_/Program_Files/Raspberry_Pi/Pico_SDK_v1.5.1/pico-sdk/src/common/pico_time/time.c.obj
 .text.alarm_pool_alarm_callback
                0x10001e24      0x1bc CMakeFiles/motor_control_by_mqtt.dir/C_/Program_Files/Raspberry_Pi/Pico_SDK_v1.5.1/pico-sdk/src/common/pico_time/time.c.obj
 .text.alarm_pool_init_default
                0x10001fe0       0x6c CMakeFiles/motor_control_by_mqtt.dir/C_/Program_Files/Raspberry_Pi/Pico_SDK_v1.5.1/pico-sdk/src/common/pico_time/time.c.obj
                0x10001fe0                alarm_pool_init_default
 .text.alarm_pool_get_default
                0x1000204c        0x8 CMakeFiles/motor_control_by_mqtt.dir/C_/Program_Files/Raspberry_Pi/Pico_SDK_v1.5.1/pico-sdk/src/common/pico_time/time.c.obj
                0x1000204c                alarm_pool_get_default
 .text.alarm_pool_add_alarm_at
                0x10002054      0x178 CMakeFiles/motor_control_by_mqtt.dir/C_/Program_Files/Raspberry_Pi/Pico_SDK_v1.5.1/pico-sdk/src/common/pico_time/time.c.obj
                0x10002054                alarm_pool_add_alarm_at
 .text.alarm_pool_cancel_alarm
                0x100021cc       0x78 CMakeFiles/motor_control_by_mqtt.dir/C_/Program_Files/Raspberry_Pi/Pico_SDK_v1.5.1/pico-sdk/src/common/pico_time/time.c.obj
                0x100021cc                alarm_pool_cancel_alarm
 .text.alarm_pool_core_num
                0x10002244        0x4 CMakeFiles/motor_control_by_mqtt.dir/C_/Program_Files/Raspberry_Pi/Pico_SDK_v1.5.1/pico-sdk/src/common/pico_time/time.c.obj
                0x10002244                alarm_pool_core_num
 .text.sleep_until
                0x10002248       0xc4 CMakeFiles/motor_control_by_mqtt.dir/C_/Program_Files/Raspberry_Pi/Pico_SDK_v1.5.1/pico-sdk/src/common/pico_time/time.c.obj
                0x10002248                sleep_until
 .text.sleep_ms
                0x1000230c       0x34 CMakeFiles/motor_control_by_mqtt.dir/C_/Program_Files/Raspberry_Pi/Pico_SDK_v1.5.1/pico-sdk/src/common/pico_time/time.c.obj
                0x1000230c                sleep_ms
 .text.best_effort_wfe_or_timeout
                0x10002340       0xd4 CMakeFiles/motor_control_by_mqtt.dir/C_/Program_Files/Raspberry_Pi/Pico_SDK_v1.5.1/pico-sdk/src/common/pico_time/time.c.obj
                0x10002340                best_effort_wfe_or_timeout
 .text.hardware_alarm_irq_handler
                0x10002414       0xbc CMakeFiles/motor_control_by_mqtt.dir/C_/Program_Files/Raspberry_Pi/Pico_SDK_v1.5.1/pico-sdk/src/rp2_common/hardware_timer/timer.c.obj
 .text.hardware_alarm_claim
                0x100024d0       0x18 CMakeFiles/motor_control_by_mqtt.dir/C_/Program_Files/Raspberry_Pi/Pico_SDK_v1.5.1/pico-sdk/src/rp2_common/hardware_timer/timer.c.obj
                0x100024d0                hardware_alarm_claim
 .text.time_us_64
                0x100024e8       0x14 CMakeFiles/motor_control_by_mqtt.dir/C_/Program_Files/Raspberry_Pi/Pico_SDK_v1.5.1/pico-sdk/src/rp2_common/hardware_timer/timer.c.obj
                0x100024e8                time_us_64
 .text.busy_wait_until
                0x100024fc       0x20 CMakeFiles/motor_control_by_mqtt.dir/C_/Program_Files/Raspberry_Pi/Pico_SDK_v1.5.1/pico-sdk/src/rp2_common/hardware_timer/timer.c.obj
                0x100024fc                busy_wait_until
 .text.hardware_alarm_set_callback
                0x1000251c       0x8c CMakeFiles/motor_control_by_mqtt.dir/C_/Program_Files/Raspberry_Pi/Pico_SDK_v1.5.1/pico-sdk/src/rp2_common/hardware_timer/timer.c.obj
                0x1000251c                hardware_alarm_set_callback
 .text.hardware_alarm_set_target
                0x100025a8       0xd4 CMakeFiles/motor_control_by_mqtt.dir/C_/Program_Files/Raspberry_Pi/Pico_SDK_v1.5.1/pico-sdk/src/rp2_common/hardware_timer/timer.c.obj
                0x100025a8                hardware_alarm_set_target
 .text.hardware_alarm_cancel
                0x1000267c       0x3c CMakeFiles/motor_control_by_mqtt.dir/C_/Program_Files/Raspberry_Pi/Pico_SDK_v1.5.1/pico-sdk/src/rp2_common/hardware_timer/timer.c.obj
                0x1000267c                hardware_alarm_cancel
 .text.ph_merge_nodes
                0x100026b8       0x68 CMakeFiles/motor_control_by_mqtt.dir/C_/Program_Files/Raspberry_Pi/Pico_SDK_v1.5.1/pico-sdk/src/common/pico_util/pheap.c.obj
 .text.ph_post_alloc_init
                0x10002720       0x3c CMakeFiles/motor_control_by_mqtt.dir/C_/Program_Files/Raspberry_Pi/Pico_SDK_v1.5.1/pico-sdk/src/common/pico_util/pheap.c.obj
                0x10002720                ph_post_alloc_init
 .text.ph_merge_two_pass
                0x1000275c       0x90 CMakeFiles/motor_control_by_mqtt.dir/C_/Program_Files/Raspberry_Pi/Pico_SDK_v1.5.1/pico-sdk/src/common/pico_util/pheap.c.obj
                0x1000275c                ph_merge_two_pass
 .text.ph_remove_any_head
                0x100027ec      0x100 CMakeFiles/motor_control_by_mqtt.dir/C_/Program_Files/Raspberry_Pi/Pico_SDK_v1.5.1/pico-sdk/src/common/pico_util/pheap.c.obj
 .text.ph_remove_head
                0x100028ec      0x104 CMakeFiles/motor_control_by_mqtt.dir/C_/Program_Files/Raspberry_Pi/Pico_SDK_v1.5.1/pico-sdk/src/common/pico_util/pheap.c.obj
                0x100028ec                ph_remove_head
 .text.ph_remove_and_free_node
                0x100029f0       0x7c CMakeFiles/motor_control_by_mqtt.dir/C_/Program_Files/Raspberry_Pi/Pico_SDK_v1.5.1/pico-sdk/src/common/pico_util/pheap.c.obj
                0x100029f0                ph_remove_and_free_node
 .text.pll_init
                0x10002a6c       0xa0 CMakeFiles/motor_control_by_mqtt.dir/C_/Program_Files/Raspberry_Pi/Pico_SDK_v1.5.1/pico-sdk/src/rp2_common/hardware_pll/pll.c.obj
                0x10002a6c                pll_init
 .text.watchdog_start_tick
                0x10002b0c       0x10 CMakeFiles/motor_control_by_mqtt.dir/C_/Program_Files/Raspberry_Pi/Pico_SDK_v1.5.1/pico-sdk/src/rp2_common/hardware_watchdog/watchdog.c.obj
                0x10002b0c                watchdog_start_tick
 .text.watchdog_reboot
                0x10002b1c       0x98 CMakeFiles/motor_control_by_mqtt.dir/C_/Program_Files/Raspberry_Pi/Pico_SDK_v1.5.1/pico-sdk/src/rp2_common/hardware_watchdog/watchdog.c.obj
                0x10002b1c                watchdog_reboot
 .text.xosc_init
                0x10002bb4       0x28 CMakeFiles/motor_control_by_mqtt.dir/C_/Program_Files/Raspberry_Pi/Pico_SDK_v1.5.1/pico-sdk/src/rp2_common/hardware_xosc/xosc.c.obj
                0x10002bb4                xosc_init
 .text.lwip_init
                0x10002bdc       0x24 CMakeFiles/motor_control_by_mqtt.dir/C_/Program_Files/Raspberry_Pi/Pico_SDK_v1.5.1/pico-sdk/lib/lwip/src/core/init.c.obj
                0x10002bdc                lwip_init
 .text.lwip_htons
                0x10002c00        0x8 CMakeFiles/motor_control_by_mqtt.dir/C_/Program_Files/Raspberry_Pi/Pico_SDK_v1.5.1/pico-sdk/lib/lwip/src/core/def.c.obj
                0x10002c00                lwip_htons
 .text.lwip_htonl
                0x10002c08        0x4 CMakeFiles/motor_control_by_mqtt.dir/C_/Program_Files/Raspberry_Pi/Pico_SDK_v1.5.1/pico-sdk/lib/lwip/src/core/def.c.obj
                0x10002c08                lwip_htonl
 .text.dns_call_found
                0x10002c0c      0x134 CMakeFiles/motor_control_by_mqtt.dir/C_/Program_Files/Raspberry_Pi/Pico_SDK_v1.5.1/pico-sdk/lib/lwip/src/core/dns.c.obj
 .text.dns_send.isra.0
                0x10002d40      0x168 CMakeFiles/motor_control_by_mqtt.dir/C_/Program_Files/Raspberry_Pi/Pico_SDK_v1.5.1/pico-sdk/lib/lwip/src/core/dns.c.obj
 .text.dns_init
                0x10002ea8        0x4 CMakeFiles/motor_control_by_mqtt.dir/C_/Program_Files/Raspberry_Pi/Pico_SDK_v1.5.1/pico-sdk/lib/lwip/src/core/dns.c.obj
                0x10002ea8                dns_init
 .text.dns_setserver
                0x10002eac       0x2c CMakeFiles/motor_control_by_mqtt.dir/C_/Program_Files/Raspberry_Pi/Pico_SDK_v1.5.1/pico-sdk/lib/lwip/src/core/dns.c.obj
                0x10002eac                dns_setserver
 .text.dns_tmr  0x10002ed8      0x138 CMakeFiles/motor_control_by_mqtt.dir/C_/Program_Files/Raspberry_Pi/Pico_SDK_v1.5.1/pico-sdk/lib/lwip/src/core/dns.c.obj
                0x10002ed8                dns_tmr
 .text.lwip_standard_chksum
                0x10003010       0xd8 CMakeFiles/motor_control_by_mqtt.dir/C_/Program_Files/Raspberry_Pi/Pico_SDK_v1.5.1/pico-sdk/lib/lwip/src/core/inet_chksum.c.obj
                0x10003010                lwip_standard_chksum
 .text.inet_chksum_pseudo
                0x100030e8       0xb4 CMakeFiles/motor_control_by_mqtt.dir/C_/Program_Files/Raspberry_Pi/Pico_SDK_v1.5.1/pico-sdk/lib/lwip/src/core/inet_chksum.c.obj
                0x100030e8                inet_chksum_pseudo
 .text.ip_chksum_pseudo
                0x1000319c       0x10 CMakeFiles/motor_control_by_mqtt.dir/C_/Program_Files/Raspberry_Pi/Pico_SDK_v1.5.1/pico-sdk/lib/lwip/src/core/inet_chksum.c.obj
                0x1000319c                ip_chksum_pseudo
 .text.inet_chksum
                0x100031ac        0xc CMakeFiles/motor_control_by_mqtt.dir/C_/Program_Files/Raspberry_Pi/Pico_SDK_v1.5.1/pico-sdk/lib/lwip/src/core/inet_chksum.c.obj
                0x100031ac                inet_chksum
 .text.inet_chksum_pbuf
                0x100031b8       0x6c CMakeFiles/motor_control_by_mqtt.dir/C_/Program_Files/Raspberry_Pi/Pico_SDK_v1.5.1/pico-sdk/lib/lwip/src/core/inet_chksum.c.obj
                0x100031b8                inet_chksum_pbuf
 .text.mem_init
                0x10003224       0x40 CMakeFiles/motor_control_by_mqtt.dir/C_/Program_Files/Raspberry_Pi/Pico_SDK_v1.5.1/pico-sdk/lib/lwip/src/core/mem.c.obj
                0x10003224                mem_init
 .text.mem_free
                0x10003264      0x11c CMakeFiles/motor_control_by_mqtt.dir/C_/Program_Files/Raspberry_Pi/Pico_SDK_v1.5.1/pico-sdk/lib/lwip/src/core/mem.c.obj
                0x10003264                mem_free
 .text.mem_trim
                0x10003380      0x110 CMakeFiles/motor_control_by_mqtt.dir/C_/Program_Files/Raspberry_Pi/Pico_SDK_v1.5.1/pico-sdk/lib/lwip/src/core/mem.c.obj
                0x10003380                mem_trim
 .text.mem_malloc
                0x10003490      0x120 CMakeFiles/motor_control_by_mqtt.dir/C_/Program_Files/Raspberry_Pi/Pico_SDK_v1.5.1/pico-sdk/lib/lwip/src/core/mem.c.obj
                0x10003490                mem_malloc
 .text.mem_calloc
                0x100035b0       0x28 CMakeFiles/motor_control_by_mqtt.dir/C_/Program_Files/Raspberry_Pi/Pico_SDK_v1.5.1/pico-sdk/lib/lwip/src/core/mem.c.obj
                0x100035b0                mem_calloc
 .text.memp_init
                0x100035d8       0x6c CMakeFiles/motor_control_by_mqtt.dir/C_/Program_Files/Raspberry_Pi/Pico_SDK_v1.5.1/pico-sdk/lib/lwip/src/core/memp.c.obj
                0x100035d8                memp_init
 .text.memp_malloc
                0x10003644       0x3c CMakeFiles/motor_control_by_mqtt.dir/C_/Program_Files/Raspberry_Pi/Pico_SDK_v1.5.1/pico-sdk/lib/lwip/src/core/memp.c.obj
                0x10003644                memp_malloc
 .text.memp_free
                0x10003680       0x38 CMakeFiles/motor_control_by_mqtt.dir/C_/Program_Files/Raspberry_Pi/Pico_SDK_v1.5.1/pico-sdk/lib/lwip/src/core/memp.c.obj
                0x10003680                memp_free
 .text.netif_null_output_ip4
                0x100036b8        0x8 CMakeFiles/motor_control_by_mqtt.dir/C_/Program_Files/Raspberry_Pi/Pico_SDK_v1.5.1/pico-sdk/lib/lwip/src/core/netif.c.obj
 .text.netif_do_set_ipaddr.isra.0
                0x100036c0       0x70 CMakeFiles/motor_control_by_mqtt.dir/C_/Program_Files/Raspberry_Pi/Pico_SDK_v1.5.1/pico-sdk/lib/lwip/src/core/netif.c.obj
 .text.netif_init
                0x10003730        0x4 CMakeFiles/motor_control_by_mqtt.dir/C_/Program_Files/Raspberry_Pi/Pico_SDK_v1.5.1/pico-sdk/lib/lwip/src/core/netif.c.obj
                0x10003730                netif_init
 .text.netif_add
                0x10003734      0x144 CMakeFiles/motor_control_by_mqtt.dir/C_/Program_Files/Raspberry_Pi/Pico_SDK_v1.5.1/pico-sdk/lib/lwip/src/core/netif.c.obj
                0x10003734                netif_add
 .text.netif_set_addr
                0x10003878       0xb8 CMakeFiles/motor_control_by_mqtt.dir/C_/Program_Files/Raspberry_Pi/Pico_SDK_v1.5.1/pico-sdk/lib/lwip/src/core/netif.c.obj
                0x10003878                netif_set_addr
 .text.netif_remove
                0x10003930       0x94 CMakeFiles/motor_control_by_mqtt.dir/C_/Program_Files/Raspberry_Pi/Pico_SDK_v1.5.1/pico-sdk/lib/lwip/src/core/netif.c.obj
                0x10003930                netif_remove
 .text.netif_set_default
                0x100039c4        0xc CMakeFiles/motor_control_by_mqtt.dir/C_/Program_Files/Raspberry_Pi/Pico_SDK_v1.5.1/pico-sdk/lib/lwip/src/core/netif.c.obj
                0x100039c4                netif_set_default
 .text.netif_set_up
                0x100039d0       0x40 CMakeFiles/motor_control_by_mqtt.dir/C_/Program_Files/Raspberry_Pi/Pico_SDK_v1.5.1/pico-sdk/lib/lwip/src/core/netif.c.obj
                0x100039d0                netif_set_up
 .text.netif_set_link_up
                0x10003a10       0x44 CMakeFiles/motor_control_by_mqtt.dir/C_/Program_Files/Raspberry_Pi/Pico_SDK_v1.5.1/pico-sdk/lib/lwip/src/core/netif.c.obj
                0x10003a10                netif_set_link_up
 .text.netif_set_link_down
                0x10003a54       0x20 CMakeFiles/motor_control_by_mqtt.dir/C_/Program_Files/Raspberry_Pi/Pico_SDK_v1.5.1/pico-sdk/lib/lwip/src/core/netif.c.obj
                0x10003a54                netif_set_link_down
 .text.netif_get_by_index
                0x10003a74       0x2c CMakeFiles/motor_control_by_mqtt.dir/C_/Program_Files/Raspberry_Pi/Pico_SDK_v1.5.1/pico-sdk/lib/lwip/src/core/netif.c.obj
                0x10003a74                netif_get_by_index
 .text.pbuf_free.part.0
                0x10003aa0       0x7c CMakeFiles/motor_control_by_mqtt.dir/C_/Program_Files/Raspberry_Pi/Pico_SDK_v1.5.1/pico-sdk/lib/lwip/src/core/pbuf.c.obj
 .text.pbuf_free_ooseq
                0x10003b1c       0x34 CMakeFiles/motor_control_by_mqtt.dir/C_/Program_Files/Raspberry_Pi/Pico_SDK_v1.5.1/pico-sdk/lib/lwip/src/core/pbuf.c.obj
                0x10003b1c                pbuf_free_ooseq
 .text.pbuf_alloc
                0x10003b50      0x130 CMakeFiles/motor_control_by_mqtt.dir/C_/Program_Files/Raspberry_Pi/Pico_SDK_v1.5.1/pico-sdk/lib/lwip/src/core/pbuf.c.obj
                0x10003b50                pbuf_alloc
 .text.pbuf_realloc
                0x10003c80       0x88 CMakeFiles/motor_control_by_mqtt.dir/C_/Program_Files/Raspberry_Pi/Pico_SDK_v1.5.1/pico-sdk/lib/lwip/src/core/pbuf.c.obj
                0x10003c80                pbuf_realloc
 .text.pbuf_add_header
                0x10003d08       0x54 CMakeFiles/motor_control_by_mqtt.dir/C_/Program_Files/Raspberry_Pi/Pico_SDK_v1.5.1/pico-sdk/lib/lwip/src/core/pbuf.c.obj
                0x10003d08                pbuf_add_header
 .text.pbuf_remove_header
                0x10003d5c       0x44 CMakeFiles/motor_control_by_mqtt.dir/C_/Program_Files/Raspberry_Pi/Pico_SDK_v1.5.1/pico-sdk/lib/lwip/src/core/pbuf.c.obj
                0x10003d5c                pbuf_remove_header
 .text.pbuf_header_force
                0x10003da0       0x74 CMakeFiles/motor_control_by_mqtt.dir/C_/Program_Files/Raspberry_Pi/Pico_SDK_v1.5.1/pico-sdk/lib/lwip/src/core/pbuf.c.obj
                0x10003da0                pbuf_header_force
 .text.pbuf_free
                0x10003e14       0x18 CMakeFiles/motor_control_by_mqtt.dir/C_/Program_Files/Raspberry_Pi/Pico_SDK_v1.5.1/pico-sdk/lib/lwip/src/core/pbuf.c.obj
                0x10003e14                pbuf_free
 .text.pbuf_clen
                0x10003e2c       0x14 CMakeFiles/motor_control_by_mqtt.dir/C_/Program_Files/Raspberry_Pi/Pico_SDK_v1.5.1/pico-sdk/lib/lwip/src/core/pbuf.c.obj
                0x10003e2c                pbuf_clen
 .text.pbuf_ref
                0x10003e40       0x28 CMakeFiles/motor_control_by_mqtt.dir/C_/Program_Files/Raspberry_Pi/Pico_SDK_v1.5.1/pico-sdk/lib/lwip/src/core/pbuf.c.obj
                0x10003e40                pbuf_ref
 .text.pbuf_cat
                0x10003e68       0x3c CMakeFiles/motor_control_by_mqtt.dir/C_/Program_Files/Raspberry_Pi/Pico_SDK_v1.5.1/pico-sdk/lib/lwip/src/core/pbuf.c.obj
                0x10003e68                pbuf_cat
 .text.pbuf_chain
                0x10003ea4       0x64 CMakeFiles/motor_control_by_mqtt.dir/C_/Program_Files/Raspberry_Pi/Pico_SDK_v1.5.1/pico-sdk/lib/lwip/src/core/pbuf.c.obj
                0x10003ea4                pbuf_chain
 .text.pbuf_copy_partial_pbuf
                0x10003f08      0x13c CMakeFiles/motor_control_by_mqtt.dir/C_/Program_Files/Raspberry_Pi/Pico_SDK_v1.5.1/pico-sdk/lib/lwip/src/core/pbuf.c.obj
                0x10003f08                pbuf_copy_partial_pbuf
 .text.pbuf_copy
                0x10004044       0x18 CMakeFiles/motor_control_by_mqtt.dir/C_/Program_Files/Raspberry_Pi/Pico_SDK_v1.5.1/pico-sdk/lib/lwip/src/core/pbuf.c.obj
                0x10004044                pbuf_copy
 .text.pbuf_copy_partial
                0x1000405c       0x70 CMakeFiles/motor_control_by_mqtt.dir/C_/Program_Files/Raspberry_Pi/Pico_SDK_v1.5.1/pico-sdk/lib/lwip/src/core/pbuf.c.obj
                0x1000405c                pbuf_copy_partial
 .text.pbuf_get_contiguous
                0x100040cc       0xa0 CMakeFiles/motor_control_by_mqtt.dir/C_/Program_Files/Raspberry_Pi/Pico_SDK_v1.5.1/pico-sdk/lib/lwip/src/core/pbuf.c.obj
                0x100040cc                pbuf_get_contiguous
 .text.pbuf_take
                0x1000416c       0x78 CMakeFiles/motor_control_by_mqtt.dir/C_/Program_Files/Raspberry_Pi/Pico_SDK_v1.5.1/pico-sdk/lib/lwip/src/core/pbuf.c.obj
                0x1000416c                pbuf_take
 .text.pbuf_take_at
                0x100041e4       0xc0 CMakeFiles/motor_control_by_mqtt.dir/C_/Program_Files/Raspberry_Pi/Pico_SDK_v1.5.1/pico-sdk/lib/lwip/src/core/pbuf.c.obj
                0x100041e4                pbuf_take_at
 .text.pbuf_clone
                0x100042a4       0x30 CMakeFiles/motor_control_by_mqtt.dir/C_/Program_Files/Raspberry_Pi/Pico_SDK_v1.5.1/pico-sdk/lib/lwip/src/core/pbuf.c.obj
                0x100042a4                pbuf_clone
 .text.pbuf_get_at
                0x100042d4       0x20 CMakeFiles/motor_control_by_mqtt.dir/C_/Program_Files/Raspberry_Pi/Pico_SDK_v1.5.1/pico-sdk/lib/lwip/src/core/pbuf.c.obj
                0x100042d4                pbuf_get_at
 .text.pbuf_put_at
                0x100042f4       0x1c CMakeFiles/motor_control_by_mqtt.dir/C_/Program_Files/Raspberry_Pi/Pico_SDK_v1.5.1/pico-sdk/lib/lwip/src/core/pbuf.c.obj
                0x100042f4                pbuf_put_at
 .text.raw_input
                0x10004310       0xf0 CMakeFiles/motor_control_by_mqtt.dir/C_/Program_Files/Raspberry_Pi/Pico_SDK_v1.5.1/pico-sdk/lib/lwip/src/core/raw.c.obj
                0x10004310                raw_input
 .text.raw_netif_ip_addr_changed
                0x10004400       0x40 CMakeFiles/motor_control_by_mqtt.dir/C_/Program_Files/Raspberry_Pi/Pico_SDK_v1.5.1/pico-sdk/lib/lwip/src/core/raw.c.obj
                0x10004400                raw_netif_ip_addr_changed
 .text.stats_init
                0x10004440        0x4 CMakeFiles/motor_control_by_mqtt.dir/C_/Program_Files/Raspberry_Pi/Pico_SDK_v1.5.1/pico-sdk/lib/lwip/src/core/stats.c.obj
                0x10004440                stats_init
 .text.tcp_close_shutdown_fin
                0x10004444       0x58 CMakeFiles/motor_control_by_mqtt.dir/C_/Program_Files/Raspberry_Pi/Pico_SDK_v1.5.1/pico-sdk/lib/lwip/src/core/tcp.c.obj
 .text.tcp_pcb_purge.part.0
                0x1000449c       0xc4 CMakeFiles/motor_control_by_mqtt.dir/C_/Program_Files/Raspberry_Pi/Pico_SDK_v1.5.1/pico-sdk/lib/lwip/src/core/tcp.c.obj
 .text.tcp_init
                0x10004560       0x20 CMakeFiles/motor_control_by_mqtt.dir/C_/Program_Files/Raspberry_Pi/Pico_SDK_v1.5.1/pico-sdk/lib/lwip/src/core/tcp.c.obj
                0x10004560                tcp_init
 .text.tcp_free
                0x10004580       0x1c CMakeFiles/motor_control_by_mqtt.dir/C_/Program_Files/Raspberry_Pi/Pico_SDK_v1.5.1/pico-sdk/lib/lwip/src/core/tcp.c.obj
                0x10004580                tcp_free
 .text.tcp_bind
                0x1000459c       0xf8 CMakeFiles/motor_control_by_mqtt.dir/C_/Program_Files/Raspberry_Pi/Pico_SDK_v1.5.1/pico-sdk/lib/lwip/src/core/tcp.c.obj
                0x1000459c                tcp_bind
 .text.tcp_update_rcv_ann_wnd
                0x10004694       0x60 CMakeFiles/motor_control_by_mqtt.dir/C_/Program_Files/Raspberry_Pi/Pico_SDK_v1.5.1/pico-sdk/lib/lwip/src/core/tcp.c.obj
                0x10004694                tcp_update_rcv_ann_wnd
 .text.tcp_recved
                0x100046f4       0x98 CMakeFiles/motor_control_by_mqtt.dir/C_/Program_Files/Raspberry_Pi/Pico_SDK_v1.5.1/pico-sdk/lib/lwip/src/core/tcp.c.obj
                0x100046f4                tcp_recved
 .text.tcp_connect
                0x1000478c      0x1a8 CMakeFiles/motor_control_by_mqtt.dir/C_/Program_Files/Raspberry_Pi/Pico_SDK_v1.5.1/pico-sdk/lib/lwip/src/core/tcp.c.obj
                0x1000478c                tcp_connect
 .text.tcp_slowtmr
                0x10004934      0x4dc CMakeFiles/motor_control_by_mqtt.dir/C_/Program_Files/Raspberry_Pi/Pico_SDK_v1.5.1/pico-sdk/lib/lwip/src/core/tcp.c.obj
                0x10004934                tcp_slowtmr
 .text.tcp_segs_free
                0x10004e10       0x38 CMakeFiles/motor_control_by_mqtt.dir/C_/Program_Files/Raspberry_Pi/Pico_SDK_v1.5.1/pico-sdk/lib/lwip/src/core/tcp.c.obj
                0x10004e10                tcp_segs_free
 .text.tcp_seg_free
                0x10004e48       0x1c CMakeFiles/motor_control_by_mqtt.dir/C_/Program_Files/Raspberry_Pi/Pico_SDK_v1.5.1/pico-sdk/lib/lwip/src/core/tcp.c.obj
                0x10004e48                tcp_seg_free
 .text.tcp_seg_copy
                0x10004e64       0x2c CMakeFiles/motor_control_by_mqtt.dir/C_/Program_Files/Raspberry_Pi/Pico_SDK_v1.5.1/pico-sdk/lib/lwip/src/core/tcp.c.obj
                0x10004e64                tcp_seg_copy
 .text.tcp_arg  0x10004e90        0x8 CMakeFiles/motor_control_by_mqtt.dir/C_/Program_Files/Raspberry_Pi/Pico_SDK_v1.5.1/pico-sdk/lib/lwip/src/core/tcp.c.obj
                0x10004e90                tcp_arg
 .text.tcp_recv
                0x10004e98       0x1c CMakeFiles/motor_control_by_mqtt.dir/C_/Program_Files/Raspberry_Pi/Pico_SDK_v1.5.1/pico-sdk/lib/lwip/src/core/tcp.c.obj
                0x10004e98                tcp_recv
 .text.tcp_sent
                0x10004eb4       0x1c CMakeFiles/motor_control_by_mqtt.dir/C_/Program_Files/Raspberry_Pi/Pico_SDK_v1.5.1/pico-sdk/lib/lwip/src/core/tcp.c.obj
                0x10004eb4                tcp_sent
 .text.tcp_err  0x10004ed0       0x1c CMakeFiles/motor_control_by_mqtt.dir/C_/Program_Files/Raspberry_Pi/Pico_SDK_v1.5.1/pico-sdk/lib/lwip/src/core/tcp.c.obj
                0x10004ed0                tcp_err
 .text.tcp_poll
                0x10004eec       0x20 CMakeFiles/motor_control_by_mqtt.dir/C_/Program_Files/Raspberry_Pi/Pico_SDK_v1.5.1/pico-sdk/lib/lwip/src/core/tcp.c.obj
                0x10004eec                tcp_poll
 .text.tcp_pcb_purge
                0x10004f0c       0x18 CMakeFiles/motor_control_by_mqtt.dir/C_/Program_Files/Raspberry_Pi/Pico_SDK_v1.5.1/pico-sdk/lib/lwip/src/core/tcp.c.obj
                0x10004f0c                tcp_pcb_purge
 .text.tcp_pcb_remove
                0x10004f24       0xc8 CMakeFiles/motor_control_by_mqtt.dir/C_/Program_Files/Raspberry_Pi/Pico_SDK_v1.5.1/pico-sdk/lib/lwip/src/core/tcp.c.obj
                0x10004f24                tcp_pcb_remove
 .text.tcp_abandon
                0x10004fec      0x1ac CMakeFiles/motor_control_by_mqtt.dir/C_/Program_Files/Raspberry_Pi/Pico_SDK_v1.5.1/pico-sdk/lib/lwip/src/core/tcp.c.obj
                0x10004fec                tcp_abandon
 .text.tcp_abort
                0x10005198        0xc CMakeFiles/motor_control_by_mqtt.dir/C_/Program_Files/Raspberry_Pi/Pico_SDK_v1.5.1/pico-sdk/lib/lwip/src/core/tcp.c.obj
                0x10005198                tcp_abort
 .text.tcp_alloc
                0x100051a4      0x1cc CMakeFiles/motor_control_by_mqtt.dir/C_/Program_Files/Raspberry_Pi/Pico_SDK_v1.5.1/pico-sdk/lib/lwip/src/core/tcp.c.obj
                0x100051a4                tcp_alloc
 .text.tcp_new_ip_type
                0x10005370      0x1ac CMakeFiles/motor_control_by_mqtt.dir/C_/Program_Files/Raspberry_Pi/Pico_SDK_v1.5.1/pico-sdk/lib/lwip/src/core/tcp.c.obj
                0x10005370                tcp_new_ip_type
 .text.tcp_close_shutdown
                0x1000551c      0x18c CMakeFiles/motor_control_by_mqtt.dir/C_/Program_Files/Raspberry_Pi/Pico_SDK_v1.5.1/pico-sdk/lib/lwip/src/core/tcp.c.obj
 .text.tcp_recv_null
                0x100056a8       0xd4 CMakeFiles/motor_control_by_mqtt.dir/C_/Program_Files/Raspberry_Pi/Pico_SDK_v1.5.1/pico-sdk/lib/lwip/src/core/tcp.c.obj
                0x100056a8                tcp_recv_null
 .text.tcp_process_refused_data
                0x1000577c       0x78 CMakeFiles/motor_control_by_mqtt.dir/C_/Program_Files/Raspberry_Pi/Pico_SDK_v1.5.1/pico-sdk/lib/lwip/src/core/tcp.c.obj
                0x1000577c                tcp_process_refused_data
 .text.tcp_fasttmr
                0x100057f4       0x98 CMakeFiles/motor_control_by_mqtt.dir/C_/Program_Files/Raspberry_Pi/Pico_SDK_v1.5.1/pico-sdk/lib/lwip/src/core/tcp.c.obj
                0x100057f4                tcp_fasttmr
 .text.tcp_tmr  0x1000588c       0x20 CMakeFiles/motor_control_by_mqtt.dir/C_/Program_Files/Raspberry_Pi/Pico_SDK_v1.5.1/pico-sdk/lib/lwip/src/core/tcp.c.obj
                0x1000588c                tcp_tmr
 .text.tcp_close
                0x100058ac      0x174 CMakeFiles/motor_control_by_mqtt.dir/C_/Program_Files/Raspberry_Pi/Pico_SDK_v1.5.1/pico-sdk/lib/lwip/src/core/tcp.c.obj
                0x100058ac                tcp_close
 .text.tcp_next_iss
                0x10005a20       0x28 CMakeFiles/motor_control_by_mqtt.dir/C_/Program_Files/Raspberry_Pi/Pico_SDK_v1.5.1/pico-sdk/lib/lwip/src/core/tcp.c.obj
                0x10005a20                tcp_next_iss
 .text.tcp_eff_send_mss_netif
                0x10005a48       0x38 CMakeFiles/motor_control_by_mqtt.dir/C_/Program_Files/Raspberry_Pi/Pico_SDK_v1.5.1/pico-sdk/lib/lwip/src/core/tcp.c.obj
                0x10005a48                tcp_eff_send_mss_netif
 .text.tcp_netif_ip_addr_changed
                0x10005a80       0x9c CMakeFiles/motor_control_by_mqtt.dir/C_/Program_Files/Raspberry_Pi/Pico_SDK_v1.5.1/pico-sdk/lib/lwip/src/core/tcp.c.obj
                0x10005a80                tcp_netif_ip_addr_changed
 .text.tcp_free_ooseq
                0x10005b1c       0x40 CMakeFiles/motor_control_by_mqtt.dir/C_/Program_Files/Raspberry_Pi/Pico_SDK_v1.5.1/pico-sdk/lib/lwip/src/core/tcp.c.obj
                0x10005b1c                tcp_free_ooseq
 .text.tcp_parseopt
                0x10005b5c      0x190 CMakeFiles/motor_control_by_mqtt.dir/C_/Program_Files/Raspberry_Pi/Pico_SDK_v1.5.1/pico-sdk/lib/lwip/src/core/tcp_in.c.obj
 .text.tcp_oos_insert_segment
                0x10005cec       0xe0 CMakeFiles/motor_control_by_mqtt.dir/C_/Program_Files/Raspberry_Pi/Pico_SDK_v1.5.1/pico-sdk/lib/lwip/src/core/tcp_in.c.obj
 .text.tcp_free_acked_segments.constprop.0
                0x10005dcc       0xdc CMakeFiles/motor_control_by_mqtt.dir/C_/Program_Files/Raspberry_Pi/Pico_SDK_v1.5.1/pico-sdk/lib/lwip/src/core/tcp_in.c.obj
 .text.tcp_receive
                0x10005ea8      0xa4c CMakeFiles/motor_control_by_mqtt.dir/C_/Program_Files/Raspberry_Pi/Pico_SDK_v1.5.1/pico-sdk/lib/lwip/src/core/tcp_in.c.obj
 .text.tcp_input
                0x100068f4      0xda4 CMakeFiles/motor_control_by_mqtt.dir/C_/Program_Files/Raspberry_Pi/Pico_SDK_v1.5.1/pico-sdk/lib/lwip/src/core/tcp_in.c.obj
                0x100068f4                tcp_input
 .text.tcp_trigger_input_pcb_close
                0x10007698       0x10 CMakeFiles/motor_control_by_mqtt.dir/C_/Program_Files/Raspberry_Pi/Pico_SDK_v1.5.1/pico-sdk/lib/lwip/src/core/tcp_in.c.obj
                0x10007698                tcp_trigger_input_pcb_close
 .text.tcp_create_segment
                0x100076a8       0xf8 CMakeFiles/motor_control_by_mqtt.dir/C_/Program_Files/Raspberry_Pi/Pico_SDK_v1.5.1/pico-sdk/lib/lwip/src/core/tcp_out.c.obj
 .text.tcp_output_control_segment
                0x100077a0       0xc0 CMakeFiles/motor_control_by_mqtt.dir/C_/Program_Files/Raspberry_Pi/Pico_SDK_v1.5.1/pico-sdk/lib/lwip/src/core/tcp_out.c.obj
 .text.tcp_output_alloc_header.constprop.0
                0x10007860       0xcc CMakeFiles/motor_control_by_mqtt.dir/C_/Program_Files/Raspberry_Pi/Pico_SDK_v1.5.1/pico-sdk/lib/lwip/src/core/tcp_out.c.obj
 .text.tcp_write
                0x1000792c      0x494 CMakeFiles/motor_control_by_mqtt.dir/C_/Program_Files/Raspberry_Pi/Pico_SDK_v1.5.1/pico-sdk/lib/lwip/src/core/tcp_out.c.obj
                0x1000792c                tcp_write
 .text.tcp_split_unsent_seg
                0x10007dc0      0x1c4 CMakeFiles/motor_control_by_mqtt.dir/C_/Program_Files/Raspberry_Pi/Pico_SDK_v1.5.1/pico-sdk/lib/lwip/src/core/tcp_out.c.obj
                0x10007dc0                tcp_split_unsent_seg
 .text.tcp_send_fin
                0x10007f84      0x12c CMakeFiles/motor_control_by_mqtt.dir/C_/Program_Files/Raspberry_Pi/Pico_SDK_v1.5.1/pico-sdk/lib/lwip/src/core/tcp_out.c.obj
                0x10007f84                tcp_send_fin
 .text.tcp_enqueue_flags
                0x100080b0      0x124 CMakeFiles/motor_control_by_mqtt.dir/C_/Program_Files/Raspberry_Pi/Pico_SDK_v1.5.1/pico-sdk/lib/lwip/src/core/tcp_out.c.obj
                0x100080b0                tcp_enqueue_flags
 .text.tcp_rexmit_rto_prepare
                0x100081d4       0x9c CMakeFiles/motor_control_by_mqtt.dir/C_/Program_Files/Raspberry_Pi/Pico_SDK_v1.5.1/pico-sdk/lib/lwip/src/core/tcp_out.c.obj
                0x100081d4                tcp_rexmit_rto_prepare
 .text.tcp_rexmit
                0x10008270       0x9c CMakeFiles/motor_control_by_mqtt.dir/C_/Program_Files/Raspberry_Pi/Pico_SDK_v1.5.1/pico-sdk/lib/lwip/src/core/tcp_out.c.obj
                0x10008270                tcp_rexmit
 .text.tcp_rexmit_fast
                0x1000830c       0x64 CMakeFiles/motor_control_by_mqtt.dir/C_/Program_Files/Raspberry_Pi/Pico_SDK_v1.5.1/pico-sdk/lib/lwip/src/core/tcp_out.c.obj
                0x1000830c                tcp_rexmit_fast
 .text.tcp_rst  0x10008370       0xe8 CMakeFiles/motor_control_by_mqtt.dir/C_/Program_Files/Raspberry_Pi/Pico_SDK_v1.5.1/pico-sdk/lib/lwip/src/core/tcp_out.c.obj
                0x10008370                tcp_rst
 .text.tcp_rst_netif
                0x10008458      0x130 CMakeFiles/motor_control_by_mqtt.dir/C_/Program_Files/Raspberry_Pi/Pico_SDK_v1.5.1/pico-sdk/lib/lwip/src/core/tcp_out.c.obj
                0x10008458                tcp_rst_netif
 .text.tcp_send_empty_ack
                0x10008588       0x54 CMakeFiles/motor_control_by_mqtt.dir/C_/Program_Files/Raspberry_Pi/Pico_SDK_v1.5.1/pico-sdk/lib/lwip/src/core/tcp_out.c.obj
                0x10008588                tcp_send_empty_ack
 .text.tcp_output
                0x100085dc      0x46c CMakeFiles/motor_control_by_mqtt.dir/C_/Program_Files/Raspberry_Pi/Pico_SDK_v1.5.1/pico-sdk/lib/lwip/src/core/tcp_out.c.obj
                0x100085dc                tcp_output
 .text.tcp_rexmit_rto_commit
                0x10008a48       0x24 CMakeFiles/motor_control_by_mqtt.dir/C_/Program_Files/Raspberry_Pi/Pico_SDK_v1.5.1/pico-sdk/lib/lwip/src/core/tcp_out.c.obj
                0x10008a48                tcp_rexmit_rto_commit
 .text.tcp_rexmit_rto
                0x10008a6c       0xa4 CMakeFiles/motor_control_by_mqtt.dir/C_/Program_Files/Raspberry_Pi/Pico_SDK_v1.5.1/pico-sdk/lib/lwip/src/core/tcp_out.c.obj
                0x10008a6c                tcp_rexmit_rto
 .text.tcp_keepalive
                0x10008b10       0xe0 CMakeFiles/motor_control_by_mqtt.dir/C_/Program_Files/Raspberry_Pi/Pico_SDK_v1.5.1/pico-sdk/lib/lwip/src/core/tcp_out.c.obj
                0x10008b10                tcp_keepalive
 .text.tcp_zero_window_probe
                0x10008bf0      0x108 CMakeFiles/motor_control_by_mqtt.dir/C_/Program_Files/Raspberry_Pi/Pico_SDK_v1.5.1/pico-sdk/lib/lwip/src/core/tcp_out.c.obj
                0x10008bf0                tcp_zero_window_probe
 .text.sys_timeout_abs
                0x10008cf8       0x48 CMakeFiles/motor_control_by_mqtt.dir/C_/Program_Files/Raspberry_Pi/Pico_SDK_v1.5.1/pico-sdk/lib/lwip/src/core/timeouts.c.obj
 .text.lwip_cyclic_timer
                0x10008d40       0x38 CMakeFiles/motor_control_by_mqtt.dir/C_/Program_Files/Raspberry_Pi/Pico_SDK_v1.5.1/pico-sdk/lib/lwip/src/core/timeouts.c.obj
 .text.tcpip_tcp_timer
                0x10008d78       0x3c CMakeFiles/motor_control_by_mqtt.dir/C_/Program_Files/Raspberry_Pi/Pico_SDK_v1.5.1/pico-sdk/lib/lwip/src/core/timeouts.c.obj
 .text.tcp_timer_needed
                0x10008db4       0x40 CMakeFiles/motor_control_by_mqtt.dir/C_/Program_Files/Raspberry_Pi/Pico_SDK_v1.5.1/pico-sdk/lib/lwip/src/core/timeouts.c.obj
                0x10008db4                tcp_timer_needed
 .text.sys_timeouts_init
                0x10008df4       0x90 CMakeFiles/motor_control_by_mqtt.dir/C_/Program_Files/Raspberry_Pi/Pico_SDK_v1.5.1/pico-sdk/lib/lwip/src/core/timeouts.c.obj
                0x10008df4                sys_timeouts_init
 .text.sys_timeout
                0x10008e84       0x60 CMakeFiles/motor_control_by_mqtt.dir/C_/Program_Files/Raspberry_Pi/Pico_SDK_v1.5.1/pico-sdk/lib/lwip/src/core/timeouts.c.obj
                0x10008e84                sys_timeout
 .text.sys_untimeout
                0x10008ee4       0x40 CMakeFiles/motor_control_by_mqtt.dir/C_/Program_Files/Raspberry_Pi/Pico_SDK_v1.5.1/pico-sdk/lib/lwip/src/core/timeouts.c.obj
                0x10008ee4                sys_untimeout
 .text.sys_check_timeouts
                0x10008f24       0x68 CMakeFiles/motor_control_by_mqtt.dir/C_/Program_Files/Raspberry_Pi/Pico_SDK_v1.5.1/pico-sdk/lib/lwip/src/core/timeouts.c.obj
                0x10008f24                sys_check_timeouts
 .text.sys_timeouts_sleeptime
                0x10008f8c       0x28 CMakeFiles/motor_control_by_mqtt.dir/C_/Program_Files/Raspberry_Pi/Pico_SDK_v1.5.1/pico-sdk/lib/lwip/src/core/timeouts.c.obj
                0x10008f8c                sys_timeouts_sleeptime
 .text.udp_init
                0x10008fb4       0x20 CMakeFiles/motor_control_by_mqtt.dir/C_/Program_Files/Raspberry_Pi/Pico_SDK_v1.5.1/pico-sdk/lib/lwip/src/core/udp.c.obj
                0x10008fb4                udp_init
 .text.udp_input
                0x10008fd4      0x24c CMakeFiles/motor_control_by_mqtt.dir/C_/Program_Files/Raspberry_Pi/Pico_SDK_v1.5.1/pico-sdk/lib/lwip/src/core/udp.c.obj
                0x10008fd4                udp_input
 .text.udp_bind
                0x10009220      0x10c CMakeFiles/motor_control_by_mqtt.dir/C_/Program_Files/Raspberry_Pi/Pico_SDK_v1.5.1/pico-sdk/lib/lwip/src/core/udp.c.obj
                0x10009220                udp_bind
 .text.udp_sendto_if_src
                0x1000932c      0x130 CMakeFiles/motor_control_by_mqtt.dir/C_/Program_Files/Raspberry_Pi/Pico_SDK_v1.5.1/pico-sdk/lib/lwip/src/core/udp.c.obj
                0x1000932c                udp_sendto_if_src
 .text.udp_sendto_if
                0x1000945c       0x48 CMakeFiles/motor_control_by_mqtt.dir/C_/Program_Files/Raspberry_Pi/Pico_SDK_v1.5.1/pico-sdk/lib/lwip/src/core/udp.c.obj
                0x1000945c                udp_sendto_if
 .text.udp_sendto
                0x100094a4       0x7c CMakeFiles/motor_control_by_mqtt.dir/C_/Program_Files/Raspberry_Pi/Pico_SDK_v1.5.1/pico-sdk/lib/lwip/src/core/udp.c.obj
                0x100094a4                udp_sendto
 .text.udp_connect
                0x10009520       0x64 CMakeFiles/motor_control_by_mqtt.dir/C_/Program_Files/Raspberry_Pi/Pico_SDK_v1.5.1/pico-sdk/lib/lwip/src/core/udp.c.obj
                0x10009520                udp_connect
 .text.udp_recv
                0x10009584        0xc CMakeFiles/motor_control_by_mqtt.dir/C_/Program_Files/Raspberry_Pi/Pico_SDK_v1.5.1/pico-sdk/lib/lwip/src/core/udp.c.obj
                0x10009584                udp_recv
 .text.udp_remove
                0x10009590       0x3c CMakeFiles/motor_control_by_mqtt.dir/C_/Program_Files/Raspberry_Pi/Pico_SDK_v1.5.1/pico-sdk/lib/lwip/src/core/udp.c.obj
                0x10009590                udp_remove
 .text.udp_new  0x100095cc       0x1c CMakeFiles/motor_control_by_mqtt.dir/C_/Program_Files/Raspberry_Pi/Pico_SDK_v1.5.1/pico-sdk/lib/lwip/src/core/udp.c.obj
                0x100095cc                udp_new
 .text.udp_netif_ip_addr_changed
                0x100095e8       0x40 CMakeFiles/motor_control_by_mqtt.dir/C_/Program_Files/Raspberry_Pi/Pico_SDK_v1.5.1/pico-sdk/lib/lwip/src/core/udp.c.obj
                0x100095e8                udp_netif_ip_addr_changed
 .text.dhcp_create_msg
                0x10009628      0x16c CMakeFiles/motor_control_by_mqtt.dir/C_/Program_Files/Raspberry_Pi/Pico_SDK_v1.5.1/pico-sdk/lib/lwip/src/core/ipv4/dhcp.c.obj
 .text.dhcp_inc_pcb_refcount
                0x10009794       0x6c CMakeFiles/motor_control_by_mqtt.dir/C_/Program_Files/Raspberry_Pi/Pico_SDK_v1.5.1/pico-sdk/lib/lwip/src/core/ipv4/dhcp.c.obj
 .text.dhcp_bind
                0x10009800      0x140 CMakeFiles/motor_control_by_mqtt.dir/C_/Program_Files/Raspberry_Pi/Pico_SDK_v1.5.1/pico-sdk/lib/lwip/src/core/ipv4/dhcp.c.obj
 .text.dhcp_option_hostname.isra.0
                0x10009940       0x8c CMakeFiles/motor_control_by_mqtt.dir/C_/Program_Files/Raspberry_Pi/Pico_SDK_v1.5.1/pico-sdk/lib/lwip/src/core/ipv4/dhcp.c.obj
 .text.dhcp_handle_ack.isra.0
                0x100099cc       0xcc CMakeFiles/motor_control_by_mqtt.dir/C_/Program_Files/Raspberry_Pi/Pico_SDK_v1.5.1/pico-sdk/lib/lwip/src/core/ipv4/dhcp.c.obj
 .text.dhcp_reboot.isra.0
                0x10009a98      0x1e4 CMakeFiles/motor_control_by_mqtt.dir/C_/Program_Files/Raspberry_Pi/Pico_SDK_v1.5.1/pico-sdk/lib/lwip/src/core/ipv4/dhcp.c.obj
 .text.dhcp_discover
                0x10009c7c      0x198 CMakeFiles/motor_control_by_mqtt.dir/C_/Program_Files/Raspberry_Pi/Pico_SDK_v1.5.1/pico-sdk/lib/lwip/src/core/ipv4/dhcp.c.obj
 .text.dhcp_select.isra.0
                0x10009e14      0x268 CMakeFiles/motor_control_by_mqtt.dir/C_/Program_Files/Raspberry_Pi/Pico_SDK_v1.5.1/pico-sdk/lib/lwip/src/core/ipv4/dhcp.c.obj
 .text.dhcp_recv
                0x1000a07c      0x494 CMakeFiles/motor_control_by_mqtt.dir/C_/Program_Files/Raspberry_Pi/Pico_SDK_v1.5.1/pico-sdk/lib/lwip/src/core/ipv4/dhcp.c.obj
 .text.dhcp_set_struct
                0x1000a510       0x44 CMakeFiles/motor_control_by_mqtt.dir/C_/Program_Files/Raspberry_Pi/Pico_SDK_v1.5.1/pico-sdk/lib/lwip/src/core/ipv4/dhcp.c.obj
                0x1000a510                dhcp_set_struct
 .text.dhcp_network_changed_link_up
                0x1000a554       0x40 CMakeFiles/motor_control_by_mqtt.dir/C_/Program_Files/Raspberry_Pi/Pico_SDK_v1.5.1/pico-sdk/lib/lwip/src/core/ipv4/dhcp.c.obj
                0x1000a554                dhcp_network_changed_link_up
 .text.dhcp_renew
                0x1000a594      0x1b8 CMakeFiles/motor_control_by_mqtt.dir/C_/Program_Files/Raspberry_Pi/Pico_SDK_v1.5.1/pico-sdk/lib/lwip/src/core/ipv4/dhcp.c.obj
                0x1000a594                dhcp_renew
 .text.dhcp_release_and_stop
                0x1000a74c      0x180 CMakeFiles/motor_control_by_mqtt.dir/C_/Program_Files/Raspberry_Pi/Pico_SDK_v1.5.1/pico-sdk/lib/lwip/src/core/ipv4/dhcp.c.obj
                0x1000a74c                dhcp_release_and_stop
 .text.dhcp_start
                0x1000a8cc       0xb0 CMakeFiles/motor_control_by_mqtt.dir/C_/Program_Files/Raspberry_Pi/Pico_SDK_v1.5.1/pico-sdk/lib/lwip/src/core/ipv4/dhcp.c.obj
                0x1000a8cc                dhcp_start
 .text.dhcp_coarse_tmr
                0x1000a97c      0x238 CMakeFiles/motor_control_by_mqtt.dir/C_/Program_Files/Raspberry_Pi/Pico_SDK_v1.5.1/pico-sdk/lib/lwip/src/core/ipv4/dhcp.c.obj
                0x1000a97c                dhcp_coarse_tmr
 .text.dhcp_fine_tmr
                0x1000abb4       0x78 CMakeFiles/motor_control_by_mqtt.dir/C_/Program_Files/Raspberry_Pi/Pico_SDK_v1.5.1/pico-sdk/lib/lwip/src/core/ipv4/dhcp.c.obj
                0x1000abb4                dhcp_fine_tmr
 .text.dhcp_stop
                0x1000ac2c      0x180 CMakeFiles/motor_control_by_mqtt.dir/C_/Program_Files/Raspberry_Pi/Pico_SDK_v1.5.1/pico-sdk/lib/lwip/src/core/ipv4/dhcp.c.obj
                0x1000ac2c                dhcp_stop
 .text.etharp_find_entry
                0x1000adac     0x1fbc CMakeFiles/motor_control_by_mqtt.dir/C_/Program_Files/Raspberry_Pi/Pico_SDK_v1.5.1/pico-sdk/lib/lwip/src/core/ipv4/etharp.c.obj
 .text.etharp_raw
                0x1000cd68       0xec CMakeFiles/motor_control_by_mqtt.dir/C_/Program_Files/Raspberry_Pi/Pico_SDK_v1.5.1/pico-sdk/lib/lwip/src/core/ipv4/etharp.c.obj
 .text.etharp_output_to_arp_index
                0x1000ce54       0xe4 CMakeFiles/motor_control_by_mqtt.dir/C_/Program_Files/Raspberry_Pi/Pico_SDK_v1.5.1/pico-sdk/lib/lwip/src/core/ipv4/etharp.c.obj
 .text.etharp_tmr
                0x1000cf38       0x94 CMakeFiles/motor_control_by_mqtt.dir/C_/Program_Files/Raspberry_Pi/Pico_SDK_v1.5.1/pico-sdk/lib/lwip/src/core/ipv4/etharp.c.obj
                0x1000cf38                etharp_tmr
 .text.etharp_cleanup_netif
                0x1000cfcc      0x188 CMakeFiles/motor_control_by_mqtt.dir/C_/Program_Files/Raspberry_Pi/Pico_SDK_v1.5.1/pico-sdk/lib/lwip/src/core/ipv4/etharp.c.obj
                0x1000cfcc                etharp_cleanup_netif
 .text.etharp_input
                0x1000d154      0x1b0 CMakeFiles/motor_control_by_mqtt.dir/C_/Program_Files/Raspberry_Pi/Pico_SDK_v1.5.1/pico-sdk/lib/lwip/src/core/ipv4/etharp.c.obj
                0x1000d154                etharp_input
 .text.etharp_query
                0x1000d304      0x1c0 CMakeFiles/motor_control_by_mqtt.dir/C_/Program_Files/Raspberry_Pi/Pico_SDK_v1.5.1/pico-sdk/lib/lwip/src/core/ipv4/etharp.c.obj
                0x1000d304                etharp_query
 .text.etharp_output
                0x1000d4c4      0x24c CMakeFiles/motor_control_by_mqtt.dir/C_/Program_Files/Raspberry_Pi/Pico_SDK_v1.5.1/pico-sdk/lib/lwip/src/core/ipv4/etharp.c.obj
                0x1000d4c4                etharp_output
 .text.etharp_request
                0x1000d710       0x2c CMakeFiles/motor_control_by_mqtt.dir/C_/Program_Files/Raspberry_Pi/Pico_SDK_v1.5.1/pico-sdk/lib/lwip/src/core/ipv4/etharp.c.obj
                0x1000d710                etharp_request
 .text.icmp_input
                0x1000d73c      0x1e8 CMakeFiles/motor_control_by_mqtt.dir/C_/Program_Files/Raspberry_Pi/Pico_SDK_v1.5.1/pico-sdk/lib/lwip/src/core/ipv4/icmp.c.obj
                0x1000d73c                icmp_input
 .text.icmp_dest_unreach
                0x1000d924       0xd0 CMakeFiles/motor_control_by_mqtt.dir/C_/Program_Files/Raspberry_Pi/Pico_SDK_v1.5.1/pico-sdk/lib/lwip/src/core/ipv4/icmp.c.obj
                0x1000d924                icmp_dest_unreach
 .text.icmp_time_exceeded
                0x1000d9f4       0xd0 CMakeFiles/motor_control_by_mqtt.dir/C_/Program_Files/Raspberry_Pi/Pico_SDK_v1.5.1/pico-sdk/lib/lwip/src/core/ipv4/icmp.c.obj
                0x1000d9f4                icmp_time_exceeded
 .text.ip_reass_free_complete_datagram
                0x1000dac4      0x114 CMakeFiles/motor_control_by_mqtt.dir/C_/Program_Files/Raspberry_Pi/Pico_SDK_v1.5.1/pico-sdk/lib/lwip/src/core/ipv4/ip4_frag.c.obj
 .text.ip_reass_remove_oldest_datagram
                0x1000dbd8       0xd8 CMakeFiles/motor_control_by_mqtt.dir/C_/Program_Files/Raspberry_Pi/Pico_SDK_v1.5.1/pico-sdk/lib/lwip/src/core/ipv4/ip4_frag.c.obj
 .text.ip_reass_tmr
                0x1000dcb0       0x38 CMakeFiles/motor_control_by_mqtt.dir/C_/Program_Files/Raspberry_Pi/Pico_SDK_v1.5.1/pico-sdk/lib/lwip/src/core/ipv4/ip4_frag.c.obj
                0x1000dcb0                ip_reass_tmr
 .text.ip4_reass
                0x1000dce8      0x534 CMakeFiles/motor_control_by_mqtt.dir/C_/Program_Files/Raspberry_Pi/Pico_SDK_v1.5.1/pico-sdk/lib/lwip/src/core/ipv4/ip4_frag.c.obj
                0x1000dce8                ip4_reass
 .text.ip4_frag
                0x1000e21c      0x17c CMakeFiles/motor_control_by_mqtt.dir/C_/Program_Files/Raspberry_Pi/Pico_SDK_v1.5.1/pico-sdk/lib/lwip/src/core/ipv4/ip4_frag.c.obj
                0x1000e21c                ip4_frag
 .text.ip4_route
                0x1000e398       0x7c CMakeFiles/motor_control_by_mqtt.dir/C_/Program_Files/Raspberry_Pi/Pico_SDK_v1.5.1/pico-sdk/lib/lwip/src/core/ipv4/ip4.c.obj
                0x1000e398                ip4_route
 .text.ip4_input
                0x1000e414      0x2cc CMakeFiles/motor_control_by_mqtt.dir/C_/Program_Files/Raspberry_Pi/Pico_SDK_v1.5.1/pico-sdk/lib/lwip/src/core/ipv4/ip4.c.obj
                0x1000e414                ip4_input
 .text.ip4_output_if
                0x1000e6e0      0x190 CMakeFiles/motor_control_by_mqtt.dir/C_/Program_Files/Raspberry_Pi/Pico_SDK_v1.5.1/pico-sdk/lib/lwip/src/core/ipv4/ip4.c.obj
                0x1000e6e0                ip4_output_if
 .text.ip4_output_if_src
                0x1000e870      0x17c CMakeFiles/motor_control_by_mqtt.dir/C_/Program_Files/Raspberry_Pi/Pico_SDK_v1.5.1/pico-sdk/lib/lwip/src/core/ipv4/ip4.c.obj
                0x1000e870                ip4_output_if_src
 .text.ip4_addr_isbroadcast_u32
                0x1000e9ec       0x3c CMakeFiles/motor_control_by_mqtt.dir/C_/Program_Files/Raspberry_Pi/Pico_SDK_v1.5.1/pico-sdk/lib/lwip/src/core/ipv4/ip4_addr.c.obj
                0x1000e9ec                ip4_addr_isbroadcast_u32
 .text.ip4addr_aton
                0x1000ea28      0x188 CMakeFiles/motor_control_by_mqtt.dir/C_/Program_Files/Raspberry_Pi/Pico_SDK_v1.5.1/pico-sdk/lib/lwip/src/core/ipv4/ip4_addr.c.obj
                0x1000ea28                ip4addr_aton
 .text.ethernet_input
                0x1000ebb0       0xd0 CMakeFiles/motor_control_by_mqtt.dir/C_/Program_Files/Raspberry_Pi/Pico_SDK_v1.5.1/pico-sdk/lib/lwip/src/netif/ethernet.c.obj
                0x1000ebb0                ethernet_input
 .text.ethernet_output
                0x1000ec80       0x6c CMakeFiles/motor_control_by_mqtt.dir/C_/Program_Files/Raspberry_Pi/Pico_SDK_v1.5.1/pico-sdk/lib/lwip/src/netif/ethernet.c.obj
                0x1000ec80                ethernet_output
 .text.cyw43_arch_wifi_connect_bssid_until.part.0
                0x1000ecec       0xd8 CMakeFiles/motor_control_by_mqtt.dir/C_/Program_Files/Raspberry_Pi/Pico_SDK_v1.5.1/pico-sdk/src/rp2_common/pico_cyw43_arch/cyw43_arch.c.obj
 .text.cyw43_arch_set_async_context
                0x1000edc4        0xc CMakeFiles/motor_control_by_mqtt.dir/C_/Program_Files/Raspberry_Pi/Pico_SDK_v1.5.1/pico-sdk/src/rp2_common/pico_cyw43_arch/cyw43_arch.c.obj
                0x1000edc4                cyw43_arch_set_async_context
 .text.cyw43_arch_enable_sta_mode
                0x1000edd0       0x1c CMakeFiles/motor_control_by_mqtt.dir/C_/Program_Files/Raspberry_Pi/Pico_SDK_v1.5.1/pico-sdk/src/rp2_common/pico_cyw43_arch/cyw43_arch.c.obj
                0x1000edd0                cyw43_arch_enable_sta_mode
 .text.cyw43_arch_wifi_connect_timeout_ms
                0x1000edec       0x9c CMakeFiles/motor_control_by_mqtt.dir/C_/Program_Files/Raspberry_Pi/Pico_SDK_v1.5.1/pico-sdk/src/rp2_common/pico_cyw43_arch/cyw43_arch.c.obj
                0x1000edec                cyw43_arch_wifi_connect_timeout_ms
 .text.cyw43_arch_async_context
                0x1000ee88        0xc CMakeFiles/motor_control_by_mqtt.dir/C_/Program_Files/Raspberry_Pi/Pico_SDK_v1.5.1/pico-sdk/src/rp2_common/pico_cyw43_arch/cyw43_arch.c.obj
                0x1000ee88                cyw43_arch_async_context
 .text.cyw43_arch_init
                0x1000ee94       0x80 CMakeFiles/motor_control_by_mqtt.dir/C_/Program_Files/Raspberry_Pi/Pico_SDK_v1.5.1/pico-sdk/src/rp2_common/pico_cyw43_arch/cyw43_arch_threadsafe_background.c.obj
                0x1000ee94                cyw43_arch_init
 .text.ns_delay.constprop.0
                0x1000ef14       0x20 CMakeFiles/motor_control_by_mqtt.dir/C_/Program_Files/Raspberry_Pi/Pico_SDK_v1.5.1/pico-sdk/src/rp2_common/pico_cyw43_driver/cyw43_bus_pio_spi.c.obj
 .text.cyw43_spi_deinit
                0x1000ef34       0x7c CMakeFiles/motor_control_by_mqtt.dir/C_/Program_Files/Raspberry_Pi/Pico_SDK_v1.5.1/pico-sdk/src/rp2_common/pico_cyw43_driver/cyw43_bus_pio_spi.c.obj
                0x1000ef34                cyw43_spi_deinit
 .text.cyw43_spi_init
                0x1000efb0      0x154 CMakeFiles/motor_control_by_mqtt.dir/C_/Program_Files/Raspberry_Pi/Pico_SDK_v1.5.1/pico-sdk/src/rp2_common/pico_cyw43_driver/cyw43_bus_pio_spi.c.obj
                0x1000efb0                cyw43_spi_init
 .text.cyw43_spi_transfer
                0x1000f104      0x430 CMakeFiles/motor_control_by_mqtt.dir/C_/Program_Files/Raspberry_Pi/Pico_SDK_v1.5.1/pico-sdk/src/rp2_common/pico_cyw43_driver/cyw43_bus_pio_spi.c.obj
                0x1000f104                cyw43_spi_transfer
 .text.cyw43_spi_gpio_setup
                0x1000f534       0x3c CMakeFiles/motor_control_by_mqtt.dir/C_/Program_Files/Raspberry_Pi/Pico_SDK_v1.5.1/pico-sdk/src/rp2_common/pico_cyw43_driver/cyw43_bus_pio_spi.c.obj
                0x1000f534                cyw43_spi_gpio_setup
 .text.cyw43_spi_reset
                0x1000f570       0x28 CMakeFiles/motor_control_by_mqtt.dir/C_/Program_Files/Raspberry_Pi/Pico_SDK_v1.5.1/pico-sdk/src/rp2_common/pico_cyw43_driver/cyw43_bus_pio_spi.c.obj
                0x1000f570                cyw43_spi_reset
 .text.read_reg_u32_swap
                0x1000f598       0x3c CMakeFiles/motor_control_by_mqtt.dir/C_/Program_Files/Raspberry_Pi/Pico_SDK_v1.5.1/pico-sdk/src/rp2_common/pico_cyw43_driver/cyw43_bus_pio_spi.c.obj
                0x1000f598                read_reg_u32_swap
 .text.cyw43_read_reg_u32
                0x1000f5d4       0x6c CMakeFiles/motor_control_by_mqtt.dir/C_/Program_Files/Raspberry_Pi/Pico_SDK_v1.5.1/pico-sdk/src/rp2_common/pico_cyw43_driver/cyw43_bus_pio_spi.c.obj
                0x1000f5d4                cyw43_read_reg_u32
 .text.cyw43_read_reg_u16
                0x1000f640       0x6c CMakeFiles/motor_control_by_mqtt.dir/C_/Program_Files/Raspberry_Pi/Pico_SDK_v1.5.1/pico-sdk/src/rp2_common/pico_cyw43_driver/cyw43_bus_pio_spi.c.obj
                0x1000f640                cyw43_read_reg_u16
 .text.cyw43_read_reg_u8
                0x1000f6ac       0x6c CMakeFiles/motor_control_by_mqtt.dir/C_/Program_Files/Raspberry_Pi/Pico_SDK_v1.5.1/pico-sdk/src/rp2_common/pico_cyw43_driver/cyw43_bus_pio_spi.c.obj
                0x1000f6ac                cyw43_read_reg_u8
 .text.write_reg_u32_swap
                0x1000f718      0x1e0 CMakeFiles/motor_control_by_mqtt.dir/C_/Program_Files/Raspberry_Pi/Pico_SDK_v1.5.1/pico-sdk/src/rp2_common/pico_cyw43_driver/cyw43_bus_pio_spi.c.obj
                0x1000f718                write_reg_u32_swap
 .text.cyw43_write_reg_u32
                0x1000f8f8      0x200 CMakeFiles/motor_control_by_mqtt.dir/C_/Program_Files/Raspberry_Pi/Pico_SDK_v1.5.1/pico-sdk/src/rp2_common/pico_cyw43_driver/cyw43_bus_pio_spi.c.obj
                0x1000f8f8                cyw43_write_reg_u32
 .text.cyw43_write_reg_u16
                0x1000faf8      0x200 CMakeFiles/motor_control_by_mqtt.dir/C_/Program_Files/Raspberry_Pi/Pico_SDK_v1.5.1/pico-sdk/src/rp2_common/pico_cyw43_driver/cyw43_bus_pio_spi.c.obj
                0x1000faf8                cyw43_write_reg_u16
 .text.cyw43_write_reg_u8
                0x1000fcf8      0x200 CMakeFiles/motor_control_by_mqtt.dir/C_/Program_Files/Raspberry_Pi/Pico_SDK_v1.5.1/pico-sdk/src/rp2_common/pico_cyw43_driver/cyw43_bus_pio_spi.c.obj
                0x1000fcf8                cyw43_write_reg_u8
 .text.cyw43_read_bytes
                0x1000fef8       0x78 CMakeFiles/motor_control_by_mqtt.dir/C_/Program_Files/Raspberry_Pi/Pico_SDK_v1.5.1/pico-sdk/src/rp2_common/pico_cyw43_driver/cyw43_bus_pio_spi.c.obj
                0x1000fef8                cyw43_read_bytes
 .text.cyw43_write_bytes
                0x1000ff70       0xec CMakeFiles/motor_control_by_mqtt.dir/C_/Program_Files/Raspberry_Pi/Pico_SDK_v1.5.1/pico-sdk/src/rp2_common/pico_cyw43_driver/cyw43_bus_pio_spi.c.obj
                0x1000ff70                cyw43_write_bytes
 .text.cyw43_set_backplane_window
                0x1001005c       0x64 CMakeFiles/motor_control_by_mqtt.dir/C_/Program_Files/Raspberry_Pi/Pico_SDK_v1.5.1/pico-sdk/lib/cyw43-driver/src/cyw43_ll.c.obj
 .text.cyw43_ll_parse_async_event
                0x100100c0      0x13c CMakeFiles/motor_control_by_mqtt.dir/C_/Program_Files/Raspberry_Pi/Pico_SDK_v1.5.1/pico-sdk/lib/cyw43-driver/src/cyw43_ll.c.obj
 .text.cyw43_kso_set
                0x100101fc       0xa0 CMakeFiles/motor_control_by_mqtt.dir/C_/Program_Files/Raspberry_Pi/Pico_SDK_v1.5.1/pico-sdk/lib/cyw43-driver/src/cyw43_ll.c.obj
 .text.cyw43_ll_sdpcm_poll_device
                0x1001029c      0x238 CMakeFiles/motor_control_by_mqtt.dir/C_/Program_Files/Raspberry_Pi/Pico_SDK_v1.5.1/pico-sdk/lib/cyw43-driver/src/cyw43_ll.c.obj
 .text.cyw43_sdpcm_send_common
                0x100104d4       0xf0 CMakeFiles/motor_control_by_mqtt.dir/C_/Program_Files/Raspberry_Pi/Pico_SDK_v1.5.1/pico-sdk/lib/cyw43-driver/src/cyw43_ll.c.obj
 .text.cyw43_do_ioctl
                0x100105c4      0x110 CMakeFiles/motor_control_by_mqtt.dir/C_/Program_Files/Raspberry_Pi/Pico_SDK_v1.5.1/pico-sdk/lib/cyw43-driver/src/cyw43_ll.c.obj
 .text.cyw43_do_ioctl.constprop.0
                0x100106d4      0x108 CMakeFiles/motor_control_by_mqtt.dir/C_/Program_Files/Raspberry_Pi/Pico_SDK_v1.5.1/pico-sdk/lib/cyw43-driver/src/cyw43_ll.c.obj
 .text.cyw43_read_backplane.constprop.0
                0x100107dc       0xdc CMakeFiles/motor_control_by_mqtt.dir/C_/Program_Files/Raspberry_Pi/Pico_SDK_v1.5.1/pico-sdk/lib/cyw43-driver/src/cyw43_ll.c.obj
 .text.reset_device_core.constprop.0
                0x100108b8      0x3f0 CMakeFiles/motor_control_by_mqtt.dir/C_/Program_Files/Raspberry_Pi/Pico_SDK_v1.5.1/pico-sdk/lib/cyw43-driver/src/cyw43_ll.c.obj
 .text.cyw43_ll_init
                0x10010ca8       0x1c CMakeFiles/motor_control_by_mqtt.dir/C_/Program_Files/Raspberry_Pi/Pico_SDK_v1.5.1/pico-sdk/lib/cyw43-driver/src/cyw43_ll.c.obj
                0x10010ca8                cyw43_ll_init
 .text.cyw43_ll_deinit
                0x10010cc4        0x8 CMakeFiles/motor_control_by_mqtt.dir/C_/Program_Files/Raspberry_Pi/Pico_SDK_v1.5.1/pico-sdk/lib/cyw43-driver/src/cyw43_ll.c.obj
                0x10010cc4                cyw43_ll_deinit
 .text.cyw43_ll_send_ethernet
                0x10010ccc       0x60 CMakeFiles/motor_control_by_mqtt.dir/C_/Program_Files/Raspberry_Pi/Pico_SDK_v1.5.1/pico-sdk/lib/cyw43-driver/src/cyw43_ll.c.obj
                0x10010ccc                cyw43_ll_send_ethernet
 .text.cyw43_ll_process_packets
                0x10010d2c       0x54 CMakeFiles/motor_control_by_mqtt.dir/C_/Program_Files/Raspberry_Pi/Pico_SDK_v1.5.1/pico-sdk/lib/cyw43-driver/src/cyw43_ll.c.obj
                0x10010d2c                cyw43_ll_process_packets
 .text.cyw43_ll_ioctl
                0x10010d80       0x20 CMakeFiles/motor_control_by_mqtt.dir/C_/Program_Files/Raspberry_Pi/Pico_SDK_v1.5.1/pico-sdk/lib/cyw43-driver/src/cyw43_ll.c.obj
                0x10010d80                cyw43_ll_ioctl
 .text.cyw43_ll_bus_sleep
                0x10010da0       0x34 CMakeFiles/motor_control_by_mqtt.dir/C_/Program_Files/Raspberry_Pi/Pico_SDK_v1.5.1/pico-sdk/lib/cyw43-driver/src/cyw43_ll.c.obj
                0x10010da0                cyw43_ll_bus_sleep
 .text.cyw43_ll_bus_init
                0x10010dd4      0xbf0 CMakeFiles/motor_control_by_mqtt.dir/C_/Program_Files/Raspberry_Pi/Pico_SDK_v1.5.1/pico-sdk/lib/cyw43-driver/src/cyw43_ll.c.obj
                0x10010dd4                cyw43_ll_bus_init
 .text.cyw43_ll_wifi_on
                0x100119c4      0x240 CMakeFiles/motor_control_by_mqtt.dir/C_/Program_Files/Raspberry_Pi/Pico_SDK_v1.5.1/pico-sdk/lib/cyw43-driver/src/cyw43_ll.c.obj
                0x100119c4                cyw43_ll_wifi_on
 .text.cyw43_ll_wifi_get_mac
                0x10011c04       0x44 CMakeFiles/motor_control_by_mqtt.dir/C_/Program_Files/Raspberry_Pi/Pico_SDK_v1.5.1/pico-sdk/lib/cyw43-driver/src/cyw43_ll.c.obj
                0x10011c04                cyw43_ll_wifi_get_mac
 .text.cyw43_ll_wifi_pm
                0x10011c48      0x194 CMakeFiles/motor_control_by_mqtt.dir/C_/Program_Files/Raspberry_Pi/Pico_SDK_v1.5.1/pico-sdk/lib/cyw43-driver/src/cyw43_ll.c.obj
                0x10011c48                cyw43_ll_wifi_pm
 .text.cyw43_ll_wifi_join
                0x10011ddc      0x310 CMakeFiles/motor_control_by_mqtt.dir/C_/Program_Files/Raspberry_Pi/Pico_SDK_v1.5.1/pico-sdk/lib/cyw43-driver/src/cyw43_ll.c.obj
                0x10011ddc                cyw43_ll_wifi_join
 .text.cyw43_ll_wifi_set_wpa_auth
                0x100120ec       0x2c CMakeFiles/motor_control_by_mqtt.dir/C_/Program_Files/Raspberry_Pi/Pico_SDK_v1.5.1/pico-sdk/lib/cyw43-driver/src/cyw43_ll.c.obj
                0x100120ec                cyw43_ll_wifi_set_wpa_auth
 .text.cyw43_ll_wifi_rejoin
                0x10012118       0x1c CMakeFiles/motor_control_by_mqtt.dir/C_/Program_Files/Raspberry_Pi/Pico_SDK_v1.5.1/pico-sdk/lib/cyw43-driver/src/cyw43_ll.c.obj
                0x10012118                cyw43_ll_wifi_rejoin
 .text.cyw43_ll_wifi_ap_init
                0x10012134      0x2c4 CMakeFiles/motor_control_by_mqtt.dir/C_/Program_Files/Raspberry_Pi/Pico_SDK_v1.5.1/pico-sdk/lib/cyw43-driver/src/cyw43_ll.c.obj
                0x10012134                cyw43_ll_wifi_ap_init
 .text.cyw43_ll_wifi_ap_set_up
                0x100123f8       0x54 CMakeFiles/motor_control_by_mqtt.dir/C_/Program_Files/Raspberry_Pi/Pico_SDK_v1.5.1/pico-sdk/lib/cyw43-driver/src/cyw43_ll.c.obj
                0x100123f8                cyw43_ll_wifi_ap_set_up
 .text.cyw43_ll_has_work
                0x1001244c       0x14 CMakeFiles/motor_control_by_mqtt.dir/C_/Program_Files/Raspberry_Pi/Pico_SDK_v1.5.1/pico-sdk/lib/cyw43-driver/src/cyw43_ll.c.obj
                0x1001244c                cyw43_ll_has_work
 .text.cyw43_netif_init
                0x10012460       0x3c CMakeFiles/motor_control_by_mqtt.dir/C_/Program_Files/Raspberry_Pi/Pico_SDK_v1.5.1/pico-sdk/lib/cyw43-driver/src/cyw43_lwip.c.obj
 .text.cyw43_netif_output
                0x1001249c       0x34 CMakeFiles/motor_control_by_mqtt.dir/C_/Program_Files/Raspberry_Pi/Pico_SDK_v1.5.1/pico-sdk/lib/cyw43-driver/src/cyw43_lwip.c.obj
 .text.cyw43_cb_tcpip_init
                0x100124d0       0xfc CMakeFiles/motor_control_by_mqtt.dir/C_/Program_Files/Raspberry_Pi/Pico_SDK_v1.5.1/pico-sdk/lib/cyw43-driver/src/cyw43_lwip.c.obj
                0x100124d0                cyw43_cb_tcpip_init
 .text.cyw43_cb_tcpip_deinit
                0x100125cc       0x4c CMakeFiles/motor_control_by_mqtt.dir/C_/Program_Files/Raspberry_Pi/Pico_SDK_v1.5.1/pico-sdk/lib/cyw43-driver/src/cyw43_lwip.c.obj
                0x100125cc                cyw43_cb_tcpip_deinit
 .text.cyw43_cb_process_ethernet
                0x10012618       0x68 CMakeFiles/motor_control_by_mqtt.dir/C_/Program_Files/Raspberry_Pi/Pico_SDK_v1.5.1/pico-sdk/lib/cyw43-driver/src/cyw43_lwip.c.obj
                0x10012618                cyw43_cb_process_ethernet
 .text.cyw43_cb_tcpip_set_link_up
                0x10012680       0x18 CMakeFiles/motor_control_by_mqtt.dir/C_/Program_Files/Raspberry_Pi/Pico_SDK_v1.5.1/pico-sdk/lib/cyw43-driver/src/cyw43_lwip.c.obj
                0x10012680                cyw43_cb_tcpip_set_link_up
 .text.cyw43_cb_tcpip_set_link_down
                0x10012698       0x18 CMakeFiles/motor_control_by_mqtt.dir/C_/Program_Files/Raspberry_Pi/Pico_SDK_v1.5.1/pico-sdk/lib/cyw43-driver/src/cyw43_lwip.c.obj
                0x10012698                cyw43_cb_tcpip_set_link_down
 .text.cyw43_tcpip_link_status
                0x100126b0       0x34 CMakeFiles/motor_control_by_mqtt.dir/C_/Program_Files/Raspberry_Pi/Pico_SDK_v1.5.1/pico-sdk/lib/cyw43-driver/src/cyw43_lwip.c.obj
                0x100126b0                cyw43_tcpip_link_status
 .text.cyw43_poll_func
                0x100126e4       0xc0 CMakeFiles/motor_control_by_mqtt.dir/C_/Program_Files/Raspberry_Pi/Pico_SDK_v1.5.1/pico-sdk/lib/cyw43-driver/src/cyw43_ctrl.c.obj
 .text.cyw43_init
                0x100127a4       0x6c CMakeFiles/motor_control_by_mqtt.dir/C_/Program_Files/Raspberry_Pi/Pico_SDK_v1.5.1/pico-sdk/lib/cyw43-driver/src/cyw43_ctrl.c.obj
                0x100127a4                cyw43_init
 .text.cyw43_deinit
                0x10012810       0x90 CMakeFiles/motor_control_by_mqtt.dir/C_/Program_Files/Raspberry_Pi/Pico_SDK_v1.5.1/pico-sdk/lib/cyw43-driver/src/cyw43_ctrl.c.obj
                0x10012810                cyw43_deinit
 .text.cyw43_cb_read_host_interrupt_pin
                0x100128a0        0xc CMakeFiles/motor_control_by_mqtt.dir/C_/Program_Files/Raspberry_Pi/Pico_SDK_v1.5.1/pico-sdk/lib/cyw43-driver/src/cyw43_ctrl.c.obj
                0x100128a0                cyw43_cb_read_host_interrupt_pin
 .text.cyw43_cb_ensure_awake
                0x100128ac        0xc CMakeFiles/motor_control_by_mqtt.dir/C_/Program_Files/Raspberry_Pi/Pico_SDK_v1.5.1/pico-sdk/lib/cyw43-driver/src/cyw43_ctrl.c.obj
                0x100128ac                cyw43_cb_ensure_awake
 .text.cyw43_cb_process_async_event
                0x100128b8      0x228 CMakeFiles/motor_control_by_mqtt.dir/C_/Program_Files/Raspberry_Pi/Pico_SDK_v1.5.1/pico-sdk/lib/cyw43-driver/src/cyw43_ctrl.c.obj
                0x100128b8                cyw43_cb_process_async_event
 .text.cyw43_send_ethernet
                0x10012ae0       0xc0 CMakeFiles/motor_control_by_mqtt.dir/C_/Program_Files/Raspberry_Pi/Pico_SDK_v1.5.1/pico-sdk/lib/cyw43-driver/src/cyw43_ctrl.c.obj
                0x10012ae0                cyw43_send_ethernet
 .text.cyw43_wifi_get_mac
                0x10012ba0       0x10 CMakeFiles/motor_control_by_mqtt.dir/C_/Program_Files/Raspberry_Pi/Pico_SDK_v1.5.1/pico-sdk/lib/cyw43-driver/src/cyw43_ctrl.c.obj
                0x10012ba0                cyw43_wifi_get_mac
 .text.cyw43_wifi_set_up
                0x10012bb0      0x308 CMakeFiles/motor_control_by_mqtt.dir/C_/Program_Files/Raspberry_Pi/Pico_SDK_v1.5.1/pico-sdk/lib/cyw43-driver/src/cyw43_ctrl.c.obj
                0x10012bb0                cyw43_wifi_set_up
 .text.cyw43_wifi_link_status
                0x10012eb8       0x3c CMakeFiles/motor_control_by_mqtt.dir/C_/Program_Files/Raspberry_Pi/Pico_SDK_v1.5.1/pico-sdk/lib/cyw43-driver/src/cyw43_ctrl.c.obj
                0x10012eb8                cyw43_wifi_link_status
 .text.cyw43_wifi_join
                0x10012ef4       0xf4 CMakeFiles/motor_control_by_mqtt.dir/C_/Program_Files/Raspberry_Pi/Pico_SDK_v1.5.1/pico-sdk/lib/cyw43-driver/src/cyw43_ctrl.c.obj
                0x10012ef4                cyw43_wifi_join
 .text.pio_sm_unclaim
                0x10012fe8       0x20 CMakeFiles/motor_control_by_mqtt.dir/C_/Program_Files/Raspberry_Pi/Pico_SDK_v1.5.1/pico-sdk/src/rp2_common/hardware_pio/pio.c.obj
                0x10012fe8                pio_sm_unclaim
 .text.pio_claim_unused_sm
                0x10013008       0x3c CMakeFiles/motor_control_by_mqtt.dir/C_/Program_Files/Raspberry_Pi/Pico_SDK_v1.5.1/pico-sdk/src/rp2_common/hardware_pio/pio.c.obj
                0x10013008                pio_claim_unused_sm
 .text.pio_can_add_program
                0x10013044       0x68 CMakeFiles/motor_control_by_mqtt.dir/C_/Program_Files/Raspberry_Pi/Pico_SDK_v1.5.1/pico-sdk/src/rp2_common/hardware_pio/pio.c.obj
                0x10013044                pio_can_add_program
 .text.pio_add_program
                0x100130ac       0xc8 CMakeFiles/motor_control_by_mqtt.dir/C_/Program_Files/Raspberry_Pi/Pico_SDK_v1.5.1/pico-sdk/src/rp2_common/hardware_pio/pio.c.obj
                0x100130ac                pio_add_program
 .text.pio_remove_program
                0x10013174       0x34 CMakeFiles/motor_control_by_mqtt.dir/C_/Program_Files/Raspberry_Pi/Pico_SDK_v1.5.1/pico-sdk/src/rp2_common/hardware_pio/pio.c.obj
                0x10013174                pio_remove_program
 .text.pio_sm_set_pindirs_with_mask
                0x100131a8       0xa4 CMakeFiles/motor_control_by_mqtt.dir/C_/Program_Files/Raspberry_Pi/Pico_SDK_v1.5.1/pico-sdk/src/rp2_common/hardware_pio/pio.c.obj
                0x100131a8                pio_sm_set_pindirs_with_mask
 .text.pio_sm_set_consecutive_pindirs
                0x1001324c       0xb0 CMakeFiles/motor_control_by_mqtt.dir/C_/Program_Files/Raspberry_Pi/Pico_SDK_v1.5.1/pico-sdk/src/rp2_common/hardware_pio/pio.c.obj
                0x1001324c                pio_sm_set_consecutive_pindirs
 .text.dma_channel_unclaim
                0x100132fc       0x10 CMakeFiles/motor_control_by_mqtt.dir/C_/Program_Files/Raspberry_Pi/Pico_SDK_v1.5.1/pico-sdk/src/rp2_common/hardware_dma/dma.c.obj
                0x100132fc                dma_channel_unclaim
 .text.dma_claim_unused_channel
                0x1001330c       0x20 CMakeFiles/motor_control_by_mqtt.dir/C_/Program_Files/Raspberry_Pi/Pico_SDK_v1.5.1/pico-sdk/src/rp2_common/hardware_dma/dma.c.obj
                0x1001330c                dma_claim_unused_channel
 .text.dma_channel_cleanup
                0x1001332c       0x60 CMakeFiles/motor_control_by_mqtt.dir/C_/Program_Files/Raspberry_Pi/Pico_SDK_v1.5.1/pico-sdk/src/rp2_common/hardware_dma/dma.c.obj
                0x1001332c                dma_channel_cleanup
 .text.cyw43_sleep_timeout_reached
                0x1001338c       0x10 CMakeFiles/motor_control_by_mqtt.dir/C_/Program_Files/Raspberry_Pi/Pico_SDK_v1.5.1/pico-sdk/src/rp2_common/pico_cyw43_driver/cyw43_driver.c.obj
 .text.cyw43_irq_init
                0x1001339c       0x28 CMakeFiles/motor_control_by_mqtt.dir/C_/Program_Files/Raspberry_Pi/Pico_SDK_v1.5.1/pico-sdk/src/rp2_common/pico_cyw43_driver/cyw43_driver.c.obj
                0x1001339c                cyw43_irq_init
 .text.cyw43_irq_deinit
                0x100133c4       0x20 CMakeFiles/motor_control_by_mqtt.dir/C_/Program_Files/Raspberry_Pi/Pico_SDK_v1.5.1/pico-sdk/src/rp2_common/pico_cyw43_driver/cyw43_driver.c.obj
                0x100133c4                cyw43_irq_deinit
 .text.cyw43_gpio_irq_handler
                0x100133e4       0x44 CMakeFiles/motor_control_by_mqtt.dir/C_/Program_Files/Raspberry_Pi/Pico_SDK_v1.5.1/pico-sdk/src/rp2_common/pico_cyw43_driver/cyw43_driver.c.obj
 .text.cyw43_do_poll
                0x10013428       0x6c CMakeFiles/motor_control_by_mqtt.dir/C_/Program_Files/Raspberry_Pi/Pico_SDK_v1.5.1/pico-sdk/src/rp2_common/pico_cyw43_driver/cyw43_driver.c.obj
 .text.cyw43_post_poll_hook
                0x10013494       0x10 CMakeFiles/motor_control_by_mqtt.dir/C_/Program_Files/Raspberry_Pi/Pico_SDK_v1.5.1/pico-sdk/src/rp2_common/pico_cyw43_driver/cyw43_driver.c.obj
                0x10013494                cyw43_post_poll_hook
 .text.cyw43_schedule_internal_poll_dispatch
                0x100134a4       0x18 CMakeFiles/motor_control_by_mqtt.dir/C_/Program_Files/Raspberry_Pi/Pico_SDK_v1.5.1/pico-sdk/src/rp2_common/pico_cyw43_driver/cyw43_driver.c.obj
                0x100134a4                cyw43_schedule_internal_poll_dispatch
 .text.cyw43_driver_init
                0x100134bc       0x38 CMakeFiles/motor_control_by_mqtt.dir/C_/Program_Files/Raspberry_Pi/Pico_SDK_v1.5.1/pico-sdk/src/rp2_common/pico_cyw43_driver/cyw43_driver.c.obj
                0x100134bc                cyw43_driver_init
 .text.cyw43_driver_deinit
                0x100134f4       0x44 CMakeFiles/motor_control_by_mqtt.dir/C_/Program_Files/Raspberry_Pi/Pico_SDK_v1.5.1/pico-sdk/src/rp2_common/pico_cyw43_driver/cyw43_driver.c.obj
                0x100134f4                cyw43_driver_deinit
 .text.cyw43_hal_generate_laa_mac
                0x10013538       0x28 CMakeFiles/motor_control_by_mqtt.dir/C_/Program_Files/Raspberry_Pi/Pico_SDK_v1.5.1/pico-sdk/src/rp2_common/pico_cyw43_driver/cyw43_driver.c.obj
                0x10013538                cyw43_hal_generate_laa_mac
 .text.cyw43_hal_get_mac
                0x10013560       0x1c CMakeFiles/motor_control_by_mqtt.dir/C_/Program_Files/Raspberry_Pi/Pico_SDK_v1.5.1/pico-sdk/src/rp2_common/pico_cyw43_driver/cyw43_driver.c.obj
                0x10013560                cyw43_hal_get_mac
 .text.cyw43_thread_enter
                0x1001357c       0x14 CMakeFiles/motor_control_by_mqtt.dir/C_/Program_Files/Raspberry_Pi/Pico_SDK_v1.5.1/pico-sdk/src/rp2_common/pico_cyw43_driver/cyw43_driver.c.obj
                0x1001357c                cyw43_thread_enter
 .text.cyw43_thread_exit
                0x10013590       0x14 CMakeFiles/motor_control_by_mqtt.dir/C_/Program_Files/Raspberry_Pi/Pico_SDK_v1.5.1/pico-sdk/src/rp2_common/pico_cyw43_driver/cyw43_driver.c.obj
                0x10013590                cyw43_thread_exit
 .text.cyw43_await_background_or_timeout_us
                0x100135a4       0x34 CMakeFiles/motor_control_by_mqtt.dir/C_/Program_Files/Raspberry_Pi/Pico_SDK_v1.5.1/pico-sdk/src/rp2_common/pico_cyw43_driver/cyw43_driver.c.obj
                0x100135a4                cyw43_await_background_or_timeout_us
 .text.cyw43_delay_ms
                0x100135d8       0x44 CMakeFiles/motor_control_by_mqtt.dir/C_/Program_Files/Raspberry_Pi/Pico_SDK_v1.5.1/pico-sdk/src/rp2_common/pico_cyw43_driver/cyw43_driver.c.obj
                0x100135d8                cyw43_delay_ms
 .text.cyw43_delay_us
                0x1001361c       0x34 CMakeFiles/motor_control_by_mqtt.dir/C_/Program_Files/Raspberry_Pi/Pico_SDK_v1.5.1/pico-sdk/src/rp2_common/pico_cyw43_driver/cyw43_driver.c.obj
                0x1001361c                cyw43_delay_us
 .text.async_context_threadsafe_background_acquire_lock_blocking
                0x10013650        0xc CMakeFiles/motor_control_by_mqtt.dir/C_/Program_Files/Raspberry_Pi/Pico_SDK_v1.5.1/pico-sdk/src/rp2_common/pico_async_context/async_context_threadsafe_background.c.obj
 .text.alarm_handler
                0x1001365c       0x20 CMakeFiles/motor_control_by_mqtt.dir/C_/Program_Files/Raspberry_Pi/Pico_SDK_v1.5.1/pico-sdk/src/rp2_common/pico_async_context/async_context_threadsafe_background.c.obj
 .text.async_context_threadsafe_background_set_work_pending
                0x1001367c       0x1c CMakeFiles/motor_control_by_mqtt.dir/C_/Program_Files/Raspberry_Pi/Pico_SDK_v1.5.1/pico-sdk/src/rp2_common/pico_async_context/async_context_threadsafe_background.c.obj
 .text.process_under_lock
                0x10013698       0xc8 CMakeFiles/motor_control_by_mqtt.dir/C_/Program_Files/Raspberry_Pi/Pico_SDK_v1.5.1/pico-sdk/src/rp2_common/pico_async_context/async_context_threadsafe_background.c.obj
 .text.async_context_threadsafe_background_execute_sync
                0x10013760       0x30 CMakeFiles/motor_control_by_mqtt.dir/C_/Program_Files/Raspberry_Pi/Pico_SDK_v1.5.1/pico-sdk/src/rp2_common/pico_async_context/async_context_threadsafe_background.c.obj
                0x10013760                async_context_threadsafe_background_execute_sync
 .text.async_context_threadsafe_background_deinit
                0x10013790       0x54 CMakeFiles/motor_control_by_mqtt.dir/C_/Program_Files/Raspberry_Pi/Pico_SDK_v1.5.1/pico-sdk/src/rp2_common/pico_async_context/async_context_threadsafe_background.c.obj
 .text.low_priority_irq_handler
                0x100137e4       0x3c CMakeFiles/motor_control_by_mqtt.dir/C_/Program_Files/Raspberry_Pi/Pico_SDK_v1.5.1/pico-sdk/src/rp2_common/pico_async_context/async_context_threadsafe_background.c.obj
 .text.async_context_threadsafe_background_wait_for_work_until
                0x10013820        0xc CMakeFiles/motor_control_by_mqtt.dir/C_/Program_Files/Raspberry_Pi/Pico_SDK_v1.5.1/pico-sdk/src/rp2_common/pico_async_context/async_context_threadsafe_background.c.obj
 .text.async_context_threadsafe_background_wait_until
                0x1001382c       0x1c CMakeFiles/motor_control_by_mqtt.dir/C_/Program_Files/Raspberry_Pi/Pico_SDK_v1.5.1/pico-sdk/src/rp2_common/pico_async_context/async_context_threadsafe_background.c.obj
 .text.async_context_threadsafe_background_lock_check
                0x10013848       0x28 CMakeFiles/motor_control_by_mqtt.dir/C_/Program_Files/Raspberry_Pi/Pico_SDK_v1.5.1/pico-sdk/src/rp2_common/pico_async_context/async_context_threadsafe_background.c.obj
 .text.async_context_threadsafe_background_release_lock
                0x10013870       0x1c CMakeFiles/motor_control_by_mqtt.dir/C_/Program_Files/Raspberry_Pi/Pico_SDK_v1.5.1/pico-sdk/src/rp2_common/pico_async_context/async_context_threadsafe_background.c.obj
 .text.async_context_threadsafe_background_when_pending_worker
                0x1001388c       0x34 CMakeFiles/motor_control_by_mqtt.dir/C_/Program_Files/Raspberry_Pi/Pico_SDK_v1.5.1/pico-sdk/src/rp2_common/pico_async_context/async_context_threadsafe_background.c.obj
 .text.async_context_threadsafe_background_remove_at_time_worker
                0x100138c0       0x34 CMakeFiles/motor_control_by_mqtt.dir/C_/Program_Files/Raspberry_Pi/Pico_SDK_v1.5.1/pico-sdk/src/rp2_common/pico_async_context/async_context_threadsafe_background.c.obj
 .text.async_context_threadsafe_background_add_when_pending_worker
                0x100138f4       0x34 CMakeFiles/motor_control_by_mqtt.dir/C_/Program_Files/Raspberry_Pi/Pico_SDK_v1.5.1/pico-sdk/src/rp2_common/pico_async_context/async_context_threadsafe_background.c.obj
 .text.async_context_threadsafe_background_add_at_time_worker