Archive member included to satisfy reference by file (symbol)

c:/progra~1/raspbe~1/picosd~1.1/gcc-ar~1/bin/../lib/gcc/arm-none-eabi/10.3.1/thumb/v6-m/nofp\libgcc.a(_dvmd_tls.o)
                              CMakeFiles/motor_control_by_mqtt.dir/C_/Program_Files/Raspberry_Pi/Pico_SDK_v1.5.1/pico-sdk/src/rp2_common/pico_divider/divider.S.obj (__aeabi_idiv0)
c:/progra~1/raspbe~1/picosd~1.1/gcc-ar~1/bin/../lib/gcc/arm-none-eabi/10.3.1/../../../../arm-none-eabi/lib/thumb/v6-m/nofp\libc.a(lib_a-atoi.o)
                              CMakeFiles/motor_control_by_mqtt.dir/main.c.obj (atoi)
c:/progra~1/raspbe~1/picosd~1.1/gcc-ar~1/bin/../lib/gcc/arm-none-eabi/10.3.1/../../../../arm-none-eabi/lib/thumb/v6-m/nofp\libc.a(lib_a-calloc.o)
                              CMakeFiles/motor_control_by_mqtt.dir/C_/Program_Files/Raspberry_Pi/Pico_SDK_v1.5.1/pico-sdk/src/rp2_common/pico_malloc/pico_malloc.c.obj (calloc)
c:/progra~1/raspbe~1/picosd~1.1/gcc-ar~1/bin/../lib/gcc/arm-none-eabi/10.3.1/../../../../arm-none-eabi/lib/thumb/v6-m/nofp\libc.a(lib_a-callocr.o)
                              c:/progra~1/raspbe~1/picosd~1.1/gcc-ar~1/bin/../lib/gcc/arm-none-eabi/10.3.1/../../../../arm-none-eabi/lib/thumb/v6-m/nofp\libc.a(lib_a-calloc.o) (_calloc_r)
c:/progra~1/raspbe~1/picosd~1.1/gcc-ar~1/bin/../lib/gcc/arm-none-eabi/10.3.1/../../../../arm-none-eabi/lib/thumb/v6-m/nofp\libc.a(lib_a-ctype_.o)
                              CMakeFiles/motor_control_by_mqtt.dir/main.c.obj (_ctype_)
c:/progra~1/raspbe~1/picosd~1.1/gcc-ar~1/bin/../lib/gcc/arm-none-eabi/10.3.1/../../../../arm-none-eabi/lib/thumb/v6-m/nofp\libc.a(lib_a-errno.o)
                              c:/progra~1/raspbe~1/picosd~1.1/gcc-ar~1/bin/../lib/gcc/arm-none-eabi/10.3.1/../../../../arm-none-eabi/lib/thumb/v6-m/nofp\libc.a(lib_a-callocr.o) (__errno)
c:/progra~1/raspbe~1/picosd~1.1/gcc-ar~1/bin/../lib/gcc/arm-none-eabi/10.3.1/../../../../arm-none-eabi/lib/thumb/v6-m/nofp\libc.a(lib_a-impure.o)
                              c:/progra~1/raspbe~1/picosd~1.1/gcc-ar~1/bin/../lib/gcc/arm-none-eabi/10.3.1/../../../../arm-none-eabi/lib/thumb/v6-m/nofp\libc.a(lib_a-calloc.o) (_impure_ptr)
c:/progra~1/raspbe~1/picosd~1.1/gcc-ar~1/bin/../lib/gcc/arm-none-eabi/10.3.1/../../../../arm-none-eabi/lib/thumb/v6-m/nofp\libc.a(lib_a-init.o)
                              c:/progra~1/raspbe~1/picosd~1.1/gcc-ar~1/bin/../lib/gcc/arm-none-eabi/10.3.1/../../../../arm-none-eabi/lib/thumb/v6-m/nofp/crt0.o (__libc_init_array)
c:/progra~1/raspbe~1/picosd~1.1/gcc-ar~1/bin/../lib/gcc/arm-none-eabi/10.3.1/../../../../arm-none-eabi/lib/thumb/v6-m/nofp\libc.a(lib_a-malloc.o)
                              CMakeFiles/motor_control_by_mqtt.dir/C_/Program_Files/Raspberry_Pi/Pico_SDK_v1.5.1/pico-sdk/src/rp2_common/pico_malloc/pico_malloc.c.obj (malloc)
c:/progra~1/raspbe~1/picosd~1.1/gcc-ar~1/bin/../lib/gcc/arm-none-eabi/10.3.1/../../../../arm-none-eabi/lib/thumb/v6-m/nofp\libc.a(lib_a-mallocr.o)
                              c:/progra~1/raspbe~1/picosd~1.1/gcc-ar~1/bin/../lib/gcc/arm-none-eabi/10.3.1/../../../../arm-none-eabi/lib/thumb/v6-m/nofp\libc.a(lib_a-callocr.o) (_malloc_r)
c:/progra~1/raspbe~1/picosd~1.1/gcc-ar~1/bin/../lib/gcc/arm-none-eabi/10.3.1/../../../../arm-none-eabi/lib/thumb/v6-m/nofp\libc.a(lib_a-memcmp.o)
                              CMakeFiles/motor_control_by_mqtt.dir/C_/Program_Files/Raspberry_Pi/Pico_SDK_v1.5.1/pico-sdk/lib/lwip/src/netif/ethernet.c.obj (memcmp)
c:/progra~1/raspbe~1/picosd~1.1/gcc-ar~1/bin/../lib/gcc/arm-none-eabi/10.3.1/../../../../arm-none-eabi/lib/thumb/v6-m/nofp\libc.a(lib_a-memmove.o)
                              CMakeFiles/motor_control_by_mqtt.dir/C_/Program_Files/Raspberry_Pi/Pico_SDK_v1.5.1/pico-sdk/lib/lwip/src/core/def.c.obj (memmove)
c:/progra~1/raspbe~1/picosd~1.1/gcc-ar~1/bin/../lib/gcc/arm-none-eabi/10.3.1/../../../../arm-none-eabi/lib/thumb/v6-m/nofp\libc.a(lib_a-mlock.o)
                              c:/progra~1/raspbe~1/picosd~1.1/gcc-ar~1/bin/../lib/gcc/arm-none-eabi/10.3.1/../../../../arm-none-eabi/lib/thumb/v6-m/nofp\libc.a(lib_a-mallocr.o) (__malloc_lock)
c:/progra~1/raspbe~1/picosd~1.1/gcc-ar~1/bin/../lib/gcc/arm-none-eabi/10.3.1/../../../../arm-none-eabi/lib/thumb/v6-m/nofp\libc.a(lib_a-realloc.o)
                              CMakeFiles/motor_control_by_mqtt.dir/C_/Program_Files/Raspberry_Pi/Pico_SDK_v1.5.1/pico-sdk/src/rp2_common/pico_malloc/pico_malloc.c.obj (realloc)
c:/progra~1/raspbe~1/picosd~1.1/gcc-ar~1/bin/../lib/gcc/arm-none-eabi/10.3.1/../../../../arm-none-eabi/lib/thumb/v6-m/nofp\libc.a(lib_a-reallocr.o)
                              c:/progra~1/raspbe~1/picosd~1.1/gcc-ar~1/bin/../lib/gcc/arm-none-eabi/10.3.1/../../../../arm-none-eabi/lib/thumb/v6-m/nofp\libc.a(lib_a-realloc.o) (_realloc_r)
c:/progra~1/raspbe~1/picosd~1.1/gcc-ar~1/bin/../lib/gcc/arm-none-eabi/10.3.1/../../../../arm-none-eabi/lib/thumb/v6-m/nofp\libc.a(lib_a-sbrkr.o)
[...]
Memory Configuration

Name             Origin             Length             Attributes
FLASH            0x10000000         0x00200000         xr
RAM              0x20000000         0x00040000         xrw
SCRATCH_X        0x20040000         0x00001000         xrw
SCRATCH_Y        0x20041000         0x00001000         xrw
*default*        0x00000000         0xffffffff

Linker script and memory map

LOAD c:/progra~1/raspbe~1/picosd~1.1/gcc-ar~1/bin/../lib/gcc/arm-none-eabi/10.3.1/thumb/v6-m/nofp/crti.o
LOAD c:/progra~1/raspbe~1/picosd~1.1/gcc-ar~1/bin/../lib/gcc/arm-none-eabi/10.3.1/thumb/v6-m/nofp/crtbegin.o
LOAD c:/progra~1/raspbe~1/picosd~1.1/gcc-ar~1/bin/../lib/gcc/arm-none-eabi/10.3.1/../../../../arm-none-eabi/lib/thumb/v6-m/nofp/crt0.o

.flash_begin    0x10000000        0x0
                0x10000000                __flash_binary_start = .

.boot2          0x10000000      0x100
                0x10000000                __boot2_start__ = .
 *(.boot2)
 .boot2         0x10000000      0x100 C:\Users\meb_c\AppData\Local\Temp\ccUQ3i4k.o
                0x10000100                __boot2_end__ = .
                0x00000001                ASSERT (((__boot2_end__ - __boot2_start__) == 0x100), ERROR: Pico second stage bootloader must be 256 bytes in size)

.text           0x10000100    0x197d0
                0x10000100                __logical_binary_start = .
 *(.vectors)
 .vectors       0x10000100       0xd4 CMakeFiles/motor_control_by_mqtt.dir/C_/Program_Files/Raspberry_Pi/Pico_SDK_v1.5.1/pico-sdk/src/rp2_common/pico_standard_link/crt0.S.obj
                0x10000100                __VECTOR_TABLE
                0x10000100                __vectors
                0x100001c0                isr_invalid
                0x100001c0                __default_isrs_start
                0x100001c2                isr_nmi
                0x100001c4                isr_hardfault
                0x100001c6                isr_svcall
                0x100001c8                isr_pendsv
                0x100001ca                isr_systick
                0x100001cc                isr_irq23
                0x100001cc                isr_irq18
                0x100001cc                isr_irq11
                0x100001cc                isr_irq28
                0x100001cc                isr_irq19
                0x100001cc                isr_irq0
                0x100001cc                isr_irq6
                0x100001cc                isr_irq5
                0x100001cc                isr_irq12
                0x100001cc                isr_irq22
                0x100001cc                isr_irq31
                0x100001cc                isr_irq17
                0x100001cc                isr_irq27
                0x100001cc                isr_irq30
                0x100001cc                isr_irq2
                0x100001cc                isr_irq10
                0x100001cc                isr_irq8
                0x100001cc                isr_irq24
                0x100001cc                isr_irq1
                0x100001cc                isr_irq7
                0x100001cc                isr_irq21
                0x100001cc                isr_irq20
                0x100001cc                isr_irq15
                0x100001cc                isr_irq25
                0x100001cc                isr_irq13
                0x100001cc                __unhandled_user_irq
                0x100001cc                isr_irq4
                0x100001cc                isr_irq16
                0x100001cc                isr_irq29
                0x100001cc                isr_irq26
                0x100001cc                __default_isrs_end
                0x100001cc                isr_irq3
                0x100001cc                isr_irq14
                0x100001cc                isr_irq9
                0x100001d2                unhandled_user_irq_num_in_r0
 *(.binary_info_header)
 .binary_info_header
                0x100001d4       0x14 CMakeFiles/motor_control_by_mqtt.dir/C_/Program_Files/Raspberry_Pi/Pico_SDK_v1.5.1/pico-sdk/src/rp2_common/pico_standard_link/crt0.S.obj
                0x100001e8                __binary_info_header_end = .
 *(.reset)
 .reset         0x100001e8       0xa0 CMakeFiles/motor_control_by_mqtt.dir/C_/Program_Files/Raspberry_Pi/Pico_SDK_v1.5.1/pico-sdk/src/rp2_common/pico_standard_link/crt0.S.obj
                0x100001e8                _entry_point
 .reset         0x10000288       0x30 CMakeFiles/motor_control_by_mqtt.dir/C_/Program_Files/Raspberry_Pi/Pico_SDK_v1.5.1/pico-sdk/src/rp2_common/pico_standard_link/binary_info.c.obj
 *(.init)
 .init          0x100002b8        0x4 c:/progra~1/raspbe~1/picosd~1.1/gcc-ar~1/bin/../lib/gcc/arm-none-eabi/10.3.1/thumb/v6-m/nofp/crti.o
                0x100002b8                _init
 *(EXCLUDE_FILE(*libm.a: *libc.a:*lib_a-mem*.o *libgcc.a:) .text*)
 .text          0x100002bc       0x48 c:/progra~1/raspbe~1/picosd~1.1/gcc-ar~1/bin/../lib/gcc/arm-none-eabi/10.3.1/thumb/v6-m/nofp/crtbegin.o
 .text.mqtt_request_cb
                0x10000304        0xc CMakeFiles/motor_control_by_mqtt.dir/main.c.obj
 .text.mqtt_incoming_publish_cb
                0x10000310       0x10 CMakeFiles/motor_control_by_mqtt.dir/main.c.obj
 .text.mqtt_incoming_data_cb
                0x10000320      0x108 CMakeFiles/motor_control_by_mqtt.dir/main.c.obj
 .text.mqtt_connection_cb
                0x10000428       0x58 CMakeFiles/motor_control_by_mqtt.dir/main.c.obj
 .text.startup.main
                0x10000480      0x22c CMakeFiles/motor_control_by_mqtt.dir/main.c.obj
                0x10000480                main
 .text.board_button_read
                0x100006ac       0x10 CMakeFiles/motor_control_by_mqtt.dir/C_/Program_Files/Raspberry_Pi/Pico_SDK_v1.5.1/pico-sdk/lib/tinyusb/hw/bsp/rp2040/family.c.obj
                0x100006ac                board_button_read
 .text.lwip_timeout_reached
                0x100006bc        0x8 CMakeFiles/motor_control_by_mqtt.dir/C_/Program_Files/Raspberry_Pi/Pico_SDK_v1.5.1/pico-sdk/src/rp2_common/pico_lwip/lwip_nosys.c.obj
 .text.update_next_timeout
                0x100006c4       0x6c CMakeFiles/motor_control_by_mqtt.dir/C_/Program_Files/Raspberry_Pi/Pico_SDK_v1.5.1/pico-sdk/src/rp2_common/pico_lwip/lwip_nosys.c.obj
 .text.lwip_nosys_init
                0x10000730       0x30 CMakeFiles/motor_control_by_mqtt.dir/C_/Program_Files/Raspberry_Pi/Pico_SDK_v1.5.1/pico-sdk/src/rp2_common/pico_lwip/lwip_nosys.c.obj
                0x10000730                lwip_nosys_init
 .text.lwip_nosys_deinit
                0x10000760       0x20 CMakeFiles/motor_control_by_mqtt.dir/C_/Program_Files/Raspberry_Pi/Pico_SDK_v1.5.1/pico-sdk/src/rp2_common/pico_lwip/lwip_nosys.c.obj
                0x10000760                lwip_nosys_deinit
 .text.sys_arch_protect
                0x10000780        0x4 CMakeFiles/motor_control_by_mqtt.dir/C_/Program_Files/Raspberry_Pi/Pico_SDK_v1.5.1/pico-sdk/src/rp2_common/pico_lwip/lwip_nosys.c.obj
                0x10000780                sys_arch_protect
 .text.sys_arch_unprotect
                0x10000784        0x4 CMakeFiles/motor_control_by_mqtt.dir/C_/Program_Files/Raspberry_Pi/Pico_SDK_v1.5.1/pico-sdk/src/rp2_common/pico_lwip/lwip_nosys.c.obj
                0x10000784                sys_arch_unprotect
 .text.sys_now  0x10000788       0x20 CMakeFiles/motor_control_by_mqtt.dir/C_/Program_Files/Raspberry_Pi/Pico_SDK_v1.5.1/pico-sdk/src/rp2_common/pico_lwip/lwip_nosys.c.obj
                0x10000788                sys_now
 .text.async_context_base_add_at_time_worker
                0x100007a8       0x28 CMakeFiles/motor_control_by_mqtt.dir/C_/Program_Files/Raspberry_Pi/Pico_SDK_v1.5.1/pico-sdk/src/rp2_common/pico_async_context/async_context_base.c.obj
                0x100007a8                async_context_base_add_at_time_worker
 .text.async_context_base_remove_at_time_worker
                0x100007d0       0x28 CMakeFiles/motor_control_by_mqtt.dir/C_/Program_Files/Raspberry_Pi/Pico_SDK_v1.5.1/pico-sdk/src/rp2_common/pico_async_context/async_context_base.c.obj
                0x100007d0                async_context_base_remove_at_time_worker
 .text.async_context_base_add_when_pending_worker
                0x100007f8       0x24 CMakeFiles/motor_control_by_mqtt.dir/C_/Program_Files/Raspberry_Pi/Pico_SDK_v1.5.1/pico-sdk/src/rp2_common/pico_async_context/async_context_base.c.obj
                0x100007f8                async_context_base_add_when_pending_worker
 .text.async_context_base_remove_when_pending_worker
                0x1000081c       0x28 CMakeFiles/motor_control_by_mqtt.dir/C_/Program_Files/Raspberry_Pi/Pico_SDK_v1.5.1/pico-sdk/src/rp2_common/pico_async_context/async_context_base.c.obj
                0x1000081c                async_context_base_remove_when_pending_worker
 .text.async_context_base_execute_once
                0x10000844       0xe8 CMakeFiles/motor_control_by_mqtt.dir/C_/Program_Files/Raspberry_Pi/Pico_SDK_v1.5.1/pico-sdk/src/rp2_common/pico_async_context/async_context_base.c.obj
                0x10000844                async_context_base_execute_once
 .text.running_on_fpga
                0x1000092c       0x10 CMakeFiles/motor_control_by_mqtt.dir/C_/Program_Files/Raspberry_Pi/Pico_SDK_v1.5.1/pico-sdk/src/rp2_common/pico_platform/platform.c.obj
                0x1000092c                running_on_fpga
 .text.splitmix64
                0x1000093c       0x5c CMakeFiles/motor_control_by_mqtt.dir/C_/Program_Files/Raspberry_Pi/Pico_SDK_v1.5.1/pico-sdk/src/rp2_common/pico_rand/rand.c.obj
 .text.xoroshiro128ss
                0x10000998       0x90 CMakeFiles/motor_control_by_mqtt.dir/C_/Program_Files/Raspberry_Pi/Pico_SDK_v1.5.1/pico-sdk/src/rp2_common/pico_rand/rand.c.obj
 .text.get_rand_64
                0x10000a28      0x484 CMakeFiles/motor_control_by_mqtt.dir/C_/Program_Files/Raspberry_Pi/Pico_SDK_v1.5.1/pico-sdk/src/rp2_common/pico_rand/rand.c.obj
                0x10000a28                get_rand_64
 .text.get_rand_32
                0x10000eac        0x8 CMakeFiles/motor_control_by_mqtt.dir/C_/Program_Files/Raspberry_Pi/Pico_SDK_v1.5.1/pico-sdk/src/rp2_common/pico_rand/rand.c.obj
                0x10000eac                get_rand_32
 .text.startup._retrieve_unique_id_on_boot
                0x10000eb4       0x10 CMakeFiles/motor_control_by_mqtt.dir/C_/Program_Files/Raspberry_Pi/Pico_SDK_v1.5.1/pico-sdk/src/rp2_common/pico_unique_id/unique_id.c.obj
 .text.pico_get_unique_board_id
                0x10000ec4       0x10 CMakeFiles/motor_control_by_mqtt.dir/C_/Program_Files/Raspberry_Pi/Pico_SDK_v1.5.1/pico-sdk/src/rp2_common/pico_unique_id/unique_id.c.obj
                0x10000ec4                pico_get_unique_board_id
 .text.pico_get_unique_board_id_string
                0x10000ed4      0x1a8 CMakeFiles/motor_control_by_mqtt.dir/C_/Program_Files/Raspberry_Pi/Pico_SDK_v1.5.1/pico-sdk/src/rp2_common/pico_unique_id/unique_id.c.obj
                0x10000ed4                pico_get_unique_board_id_string
 .text.flash_get_unique_id
                0x1000107c       0x40 CMakeFiles/motor_control_by_mqtt.dir/C_/Program_Files/Raspberry_Pi/Pico_SDK_v1.5.1/pico-sdk/src/rp2_common/hardware_flash/flash.c.obj
                0x1000107c                flash_get_unique_id
 .text.hw_claim_lock
                0x100010bc       0x18 CMakeFiles/motor_control_by_mqtt.dir/C_/Program_Files/Raspberry_Pi/Pico_SDK_v1.5.1/pico-sdk/src/rp2_common/hardware_claim/claim.c.obj
                0x100010bc                hw_claim_lock
 .text.hw_claim_unlock
                0x100010d4       0x14 CMakeFiles/motor_control_by_mqtt.dir/C_/Program_Files/Raspberry_Pi/Pico_SDK_v1.5.1/pico-sdk/src/rp2_common/hardware_claim/claim.c.obj
                0x100010d4                hw_claim_unlock
 .text.hw_claim_or_assert
                0x100010e8       0x44 CMakeFiles/motor_control_by_mqtt.dir/C_/Program_Files/Raspberry_Pi/Pico_SDK_v1.5.1/pico-sdk/src/rp2_common/hardware_claim/claim.c.obj
                0x100010e8                hw_claim_or_assert
 .text.hw_claim_unused_from_range
                0x1000112c       0x9c CMakeFiles/motor_control_by_mqtt.dir/C_/Program_Files/Raspberry_Pi/Pico_SDK_v1.5.1/pico-sdk/src/rp2_common/hardware_claim/claim.c.obj
                0x1000112c                hw_claim_unused_from_range
 .text.hw_claim_clear
                0x100011c8       0x38 CMakeFiles/motor_control_by_mqtt.dir/C_/Program_Files/Raspberry_Pi/Pico_SDK_v1.5.1/pico-sdk/src/rp2_common/hardware_claim/claim.c.obj
                0x100011c8                hw_claim_clear
 .text.spin_locks_reset
                0x10001200       0x1c CMakeFiles/motor_control_by_mqtt.dir/C_/Program_Files/Raspberry_Pi/Pico_SDK_v1.5.1/pico-sdk/src/rp2_common/hardware_sync/sync.c.obj
                0x10001200                spin_locks_reset
 .text.next_striped_spin_lock_num
                0x1000121c       0x18 CMakeFiles/motor_control_by_mqtt.dir/C_/Program_Files/Raspberry_Pi/Pico_SDK_v1.5.1/pico-sdk/src/rp2_common/hardware_sync/sync.c.obj
                0x1000121c                next_striped_spin_lock_num
 .text.spin_lock_claim_unused
                0x10001234       0x20 CMakeFiles/motor_control_by_mqtt.dir/C_/Program_Files/Raspberry_Pi/Pico_SDK_v1.5.1/pico-sdk/src/rp2_common/hardware_sync/sync.c.obj
                0x10001234                spin_lock_claim_unused
 .text.rom_func_lookup
                0x10001254       0x10 CMakeFiles/motor_control_by_mqtt.dir/C_/Program_Files/Raspberry_Pi/Pico_SDK_v1.5.1/pico-sdk/src/rp2_common/pico_bootrom/bootrom.c.obj
                0x10001254                rom_func_lookup
 .text.rom_data_lookup
                0x10001264       0x10 CMakeFiles/motor_control_by_mqtt.dir/C_/Program_Files/Raspberry_Pi/Pico_SDK_v1.5.1/pico-sdk/src/rp2_common/pico_bootrom/bootrom.c.obj
                0x10001264                rom_data_lookup
 .text.rom_funcs_lookup
                0x10001274       0x44 CMakeFiles/motor_control_by_mqtt.dir/C_/Program_Files/Raspberry_Pi/Pico_SDK_v1.5.1/pico-sdk/src/rp2_common/pico_bootrom/bootrom.c.obj
                0x10001274                rom_funcs_lookup
 .text.clocks_init
                0x100012b8      0x2d0 CMakeFiles/motor_control_by_mqtt.dir/C_/Program_Files/Raspberry_Pi/Pico_SDK_v1.5.1/pico-sdk/src/rp2_common/hardware_clocks/clocks.c.obj
                0x100012b8                clocks_init
 .text.clock_get_hz
                0x10001588        0xc CMakeFiles/motor_control_by_mqtt.dir/C_/Program_Files/Raspberry_Pi/Pico_SDK_v1.5.1/pico-sdk/src/rp2_common/hardware_clocks/clocks.c.obj
                0x10001588                clock_get_hz
 .text.gpio_set_function
                0x10001594       0x30 CMakeFiles/motor_control_by_mqtt.dir/C_/Program_Files/Raspberry_Pi/Pico_SDK_v1.5.1/pico-sdk/src/rp2_common/hardware_gpio/gpio.c.obj
                0x10001594                gpio_set_function
 .text.gpio_set_pulls
                0x100015c4       0x30 CMakeFiles/motor_control_by_mqtt.dir/C_/Program_Files/Raspberry_Pi/Pico_SDK_v1.5.1/pico-sdk/src/rp2_common/hardware_gpio/gpio.c.obj
                0x100015c4                gpio_set_pulls
 .text.gpio_set_input_hysteresis_enabled
                0x100015f4       0x28 CMakeFiles/motor_control_by_mqtt.dir/C_/Program_Files/Raspberry_Pi/Pico_SDK_v1.5.1/pico-sdk/src/rp2_common/hardware_gpio/gpio.c.obj
                0x100015f4                gpio_set_input_hysteresis_enabled
 .text.gpio_set_irq_enabled
                0x1000161c       0x54 CMakeFiles/motor_control_by_mqtt.dir/C_/Program_Files/Raspberry_Pi/Pico_SDK_v1.5.1/pico-sdk/src/rp2_common/hardware_gpio/gpio.c.obj
                0x1000161c                gpio_set_irq_enabled
 .text.gpio_add_raw_irq_handler_with_order_priority_masked
                0x10001670       0x44 CMakeFiles/motor_control_by_mqtt.dir/C_/Program_Files/Raspberry_Pi/Pico_SDK_v1.5.1/pico-sdk/src/rp2_common/hardware_gpio/gpio.c.obj
                0x10001670                gpio_add_raw_irq_handler_with_order_priority_masked
 .text.gpio_remove_raw_irq_handler_masked
                0x100016b4       0x20 CMakeFiles/motor_control_by_mqtt.dir/C_/Program_Files/Raspberry_Pi/Pico_SDK_v1.5.1/pico-sdk/src/rp2_common/hardware_gpio/gpio.c.obj
                0x100016b4                gpio_remove_raw_irq_handler_masked
 .text.gpio_init
                0x100016d4       0x3c CMakeFiles/motor_control_by_mqtt.dir/C_/Program_Files/Raspberry_Pi/Pico_SDK_v1.5.1/pico-sdk/src/rp2_common/hardware_gpio/gpio.c.obj
                0x100016d4                gpio_init
 .text.irq_set_enabled
                0x10001710       0x24 CMakeFiles/motor_control_by_mqtt.dir/C_/Program_Files/Raspberry_Pi/Pico_SDK_v1.5.1/pico-sdk/src/rp2_common/hardware_irq/irq.c.obj
                0x10001710                irq_set_enabled
 .text.irq_set_pending
                0x10001734       0x10 CMakeFiles/motor_control_by_mqtt.dir/C_/Program_Files/Raspberry_Pi/Pico_SDK_v1.5.1/pico-sdk/src/rp2_common/hardware_irq/irq.c.obj
                0x10001734                irq_set_pending
 .text.irq_has_shared_handler
                0x10001744       0x2c CMakeFiles/motor_control_by_mqtt.dir/C_/Program_Files/Raspberry_Pi/Pico_SDK_v1.5.1/pico-sdk/src/rp2_common/hardware_irq/irq.c.obj
                0x10001744                irq_has_shared_handler
 .text.irq_get_vtable_handler
                0x10001770       0x10 CMakeFiles/motor_control_by_mqtt.dir/C_/Program_Files/Raspberry_Pi/Pico_SDK_v1.5.1/pico-sdk/src/rp2_common/hardware_irq/irq.c.obj
                0x10001770                irq_get_vtable_handler
 .text.irq_set_exclusive_handler
                0x10001780       0x54 CMakeFiles/motor_control_by_mqtt.dir/C_/Program_Files/Raspberry_Pi/Pico_SDK_v1.5.1/pico-sdk/src/rp2_common/hardware_irq/irq.c.obj
                0x10001780                irq_set_exclusive_handler
 .text.irq_add_shared_handler
                0x100017d4      0x1e8 CMakeFiles/motor_control_by_mqtt.dir/C_/Program_Files/Raspberry_Pi/Pico_SDK_v1.5.1/pico-sdk/src/rp2_common/hardware_irq/irq.c.obj
                0x100017d4                irq_add_shared_handler
 .text.irq_remove_handler
                0x100019bc      0x1b0 CMakeFiles/motor_control_by_mqtt.dir/C_/Program_Files/Raspberry_Pi/Pico_SDK_v1.5.1/pico-sdk/src/rp2_common/hardware_irq/irq.c.obj
                0x100019bc                irq_remove_handler
 .text.irq_set_priority
                0x10001b6c       0x28 CMakeFiles/motor_control_by_mqtt.dir/C_/Program_Files/Raspberry_Pi/Pico_SDK_v1.5.1/pico-sdk/src/rp2_common/hardware_irq/irq.c.obj
                0x10001b6c                irq_set_priority
 .text.irq_add_tail_to_free_list
                0x10001b94       0xb4 CMakeFiles/motor_control_by_mqtt.dir/C_/Program_Files/Raspberry_Pi/Pico_SDK_v1.5.1/pico-sdk/src/rp2_common/hardware_irq/irq.c.obj
                0x10001b94                irq_add_tail_to_free_list
 .text.irq_init_priorities
                0x10001c48       0x24 CMakeFiles/motor_control_by_mqtt.dir/C_/Program_Files/Raspberry_Pi/Pico_SDK_v1.5.1/pico-sdk/src/rp2_common/hardware_irq/irq.c.obj
                0x10001c48                irq_init_priorities
 .text.user_irq_unclaim
                0x10001c6c       0x14 CMakeFiles/motor_control_by_mqtt.dir/C_/Program_Files/Raspberry_Pi/Pico_SDK_v1.5.1/pico-sdk/src/rp2_common/hardware_irq/irq.c.obj
                0x10001c6c                user_irq_unclaim
 .text.user_irq_claim_unused
                0x10001c80       0x28 CMakeFiles/motor_control_by_mqtt.dir/C_/Program_Files/Raspberry_Pi/Pico_SDK_v1.5.1/pico-sdk/src/rp2_common/hardware_irq/irq.c.obj
                0x10001c80                user_irq_claim_unused
 .text.sem_init
                0x10001ca8       0x20 CMakeFiles/motor_control_by_mqtt.dir/C_/Program_Files/Raspberry_Pi/Pico_SDK_v1.5.1/pico-sdk/src/common/pico_sync/sem.c.obj
                0x10001ca8                sem_init
 .text.lock_init
                0x10001cc8       0x10 CMakeFiles/motor_control_by_mqtt.dir/C_/Program_Files/Raspberry_Pi/Pico_SDK_v1.5.1/pico-sdk/src/common/pico_sync/lock_core.c.obj
                0x10001cc8                lock_init
 .text.mutex_init
                0x10001cd8       0x1c CMakeFiles/motor_control_by_mqtt.dir/C_/Program_Files/Raspberry_Pi/Pico_SDK_v1.5.1/pico-sdk/src/common/pico_sync/mutex.c.obj
                0x10001cd8                mutex_init
 .text.recursive_mutex_init
                0x10001cf4       0x1c CMakeFiles/motor_control_by_mqtt.dir/C_/Program_Files/Raspberry_Pi/Pico_SDK_v1.5.1/pico-sdk/src/common/pico_sync/mutex.c.obj
                0x10001cf4                recursive_mutex_init
 .text.critical_section_init
                0x10001d10       0x20 CMakeFiles/motor_control_by_mqtt.dir/C_/Program_Files/Raspberry_Pi/Pico_SDK_v1.5.1/pico-sdk/src/common/pico_sync/critical_section.c.obj
                0x10001d10                critical_section_init
 .text.critical_section_init_with_lock_num
                0x10001d30       0x14 CMakeFiles/motor_control_by_mqtt.dir/C_/Program_Files/Raspberry_Pi/Pico_SDK_v1.5.1/pico-sdk/src/common/pico_sync/critical_section.c.obj
                0x10001d30                critical_section_init_with_lock_num
 .text.timer_pool_entry_comparator
                0x10001d44       0x34 CMakeFiles/motor_control_by_mqtt.dir/C_/Program_Files/Raspberry_Pi/Pico_SDK_v1.5.1/pico-sdk/src/common/pico_time/time.c.obj
                0x10001d44                timer_pool_entry_comparator
 .text.sleep_until_callback
                0x10001d78       0x30 CMakeFiles/motor_control_by_mqtt.dir/C_/Program_Files/Raspberry_Pi/Pico_SDK_v1.5.1/pico-sdk/src/common/pico_time/time.c.obj
 .text.add_alarm_under_lock.isra.0
                0x10001da8      0x100 CMakeFiles/motor_control_by_mqtt.dir/C_/Program_Files/Raspberry_Pi/Pico_SDK_v1.5.1/pico-sdk/src/common/pico_time/time.c.obj
 .text.alarm_pool_alarm_callback
                0x10001ea8      0x1bc CMakeFiles/motor_control_by_mqtt.dir/C_/Program_Files/Raspberry_Pi/Pico_SDK_v1.5.1/pico-sdk/src/common/pico_time/time.c.obj
 .text.alarm_pool_init_default
                0x10002064       0x6c CMakeFiles/motor_control_by_mqtt.dir/C_/Program_Files/Raspberry_Pi/Pico_SDK_v1.5.1/pico-sdk/src/common/pico_time/time.c.obj
                0x10002064                alarm_pool_init_default
 .text.alarm_pool_get_default
                0x100020d0        0x8 CMakeFiles/motor_control_by_mqtt.dir/C_/Program_Files/Raspberry_Pi/Pico_SDK_v1.5.1/pico-sdk/src/common/pico_time/time.c.obj
                0x100020d0                alarm_pool_get_default
 .text.alarm_pool_add_alarm_at
                0x100020d8      0x178 CMakeFiles/motor_control_by_mqtt.dir/C_/Program_Files/Raspberry_Pi/Pico_SDK_v1.5.1/pico-sdk/src/common/pico_time/time.c.obj
                0x100020d8                alarm_pool_add_alarm_at
 .text.alarm_pool_cancel_alarm
                0x10002250       0x78 CMakeFiles/motor_control_by_mqtt.dir/C_/Program_Files/Raspberry_Pi/Pico_SDK_v1.5.1/pico-sdk/src/common/pico_time/time.c.obj
                0x10002250                alarm_pool_cancel_alarm
 .text.alarm_pool_core_num
                0x100022c8        0x4 CMakeFiles/motor_control_by_mqtt.dir/C_/Program_Files/Raspberry_Pi/Pico_SDK_v1.5.1/pico-sdk/src/common/pico_time/time.c.obj
                0x100022c8                alarm_pool_core_num
 .text.sleep_until
                0x100022cc       0xc4 CMakeFiles/motor_control_by_mqtt.dir/C_/Program_Files/Raspberry_Pi/Pico_SDK_v1.5.1/pico-sdk/src/common/pico_time/time.c.obj
                0x100022cc                sleep_until
 .text.sleep_ms
                0x10002390       0x34 CMakeFiles/motor_control_by_mqtt.dir/C_/Program_Files/Raspberry_Pi/Pico_SDK_v1.5.1/pico-sdk/src/common/pico_time/time.c.obj
                0x10002390                sleep_ms
 .text.best_effort_wfe_or_timeout
                0x100023c4       0xd4 CMakeFiles/motor_control_by_mqtt.dir/C_/Program_Files/Raspberry_Pi/Pico_SDK_v1.5.1/pico-sdk/src/common/pico_time/time.c.obj
                0x100023c4                best_effort_wfe_or_timeout
 .text.hardware_alarm_irq_handler
                0x10002498       0xbc CMakeFiles/motor_control_by_mqtt.dir/C_/Program_Files/Raspberry_Pi/Pico_SDK_v1.5.1/pico-sdk/src/rp2_common/hardware_timer/timer.c.obj
 .text.hardware_alarm_claim
                0x10002554       0x18 CMakeFiles/motor_control_by_mqtt.dir/C_/Program_Files/Raspberry_Pi/Pico_SDK_v1.5.1/pico-sdk/src/rp2_common/hardware_timer/timer.c.obj
                0x10002554                hardware_alarm_claim
 .text.time_us_64
                0x1000256c       0x14 CMakeFiles/motor_control_by_mqtt.dir/C_/Program_Files/Raspberry_Pi/Pico_SDK_v1.5.1/pico-sdk/src/rp2_common/hardware_timer/timer.c.obj
                0x1000256c                time_us_64
 .text.busy_wait_until
                0x10002580       0x20 CMakeFiles/motor_control_by_mqtt.dir/C_/Program_Files/Raspberry_Pi/Pico_SDK_v1.5.1/pico-sdk/src/rp2_common/hardware_timer/timer.c.obj
                0x10002580                busy_wait_until
 .text.hardware_alarm_set_callback
                0x100025a0       0x8c CMakeFiles/motor_control_by_mqtt.dir/C_/Program_Files/Raspberry_Pi/Pico_SDK_v1.5.1/pico-sdk/src/rp2_common/hardware_timer/timer.c.obj
                0x100025a0                hardware_alarm_set_callback
 .text.hardware_alarm_set_target
                0x1000262c       0xd4 CMakeFiles/motor_control_by_mqtt.dir/C_/Program_Files/Raspberry_Pi/Pico_SDK_v1.5.1/pico-sdk/src/rp2_common/hardware_timer/timer.c.obj
                0x1000262c                hardware_alarm_set_target
 .text.hardware_alarm_cancel
                0x10002700       0x3c CMakeFiles/motor_control_by_mqtt.dir/C_/Program_Files/Raspberry_Pi/Pico_SDK_v1.5.1/pico-sdk/src/rp2_common/hardware_timer/timer.c.obj
                0x10002700                hardware_alarm_cancel
 .text.ph_merge_nodes
                0x1000273c       0x68 CMakeFiles/motor_control_by_mqtt.dir/C_/Program_Files/Raspberry_Pi/Pico_SDK_v1.5.1/pico-sdk/src/common/pico_util/pheap.c.obj
 .text.ph_post_alloc_init
                0x100027a4       0x3c CMakeFiles/motor_control_by_mqtt.dir/C_/Program_Files/Raspberry_Pi/Pico_SDK_v1.5.1/pico-sdk/src/common/pico_util/pheap.c.obj
                0x100027a4                ph_post_alloc_init
 .text.ph_merge_two_pass
                0x100027e0       0x90 CMakeFiles/motor_control_by_mqtt.dir/C_/Program_Files/Raspberry_Pi/Pico_SDK_v1.5.1/pico-sdk/src/common/pico_util/pheap.c.obj
                0x100027e0                ph_merge_two_pass
 .text.ph_remove_any_head
                0x10002870      0x100 CMakeFiles/motor_control_by_mqtt.dir/C_/Program_Files/Raspberry_Pi/Pico_SDK_v1.5.1/pico-sdk/src/common/pico_util/pheap.c.obj
 .text.ph_remove_head
                0x10002970      0x104 CMakeFiles/motor_control_by_mqtt.dir/C_/Program_Files/Raspberry_Pi/Pico_SDK_v1.5.1/pico-sdk/src/common/pico_util/pheap.c.obj
                0x10002970                ph_remove_head
 .text.ph_remove_and_free_node
                0x10002a74       0x7c CMakeFiles/motor_control_by_mqtt.dir/C_/Program_Files/Raspberry_Pi/Pico_SDK_v1.5.1/pico-sdk/src/common/pico_util/pheap.c.obj
                0x10002a74                ph_remove_and_free_node
 .text.pll_init
                0x10002af0       0xa0 CMakeFiles/motor_control_by_mqtt.dir/C_/Program_Files/Raspberry_Pi/Pico_SDK_v1.5.1/pico-sdk/src/rp2_common/hardware_pll/pll.c.obj
                0x10002af0                pll_init
 .text.watchdog_start_tick
                0x10002b90       0x10 CMakeFiles/motor_control_by_mqtt.dir/C_/Program_Files/Raspberry_Pi/Pico_SDK_v1.5.1/pico-sdk/src/rp2_common/hardware_watchdog/watchdog.c.obj
                0x10002b90                watchdog_start_tick
 .text.watchdog_reboot
                0x10002ba0       0x98 CMakeFiles/motor_control_by_mqtt.dir/C_/Program_Files/Raspberry_Pi/Pico_SDK_v1.5.1/pico-sdk/src/rp2_common/hardware_watchdog/watchdog.c.obj
                0x10002ba0                watchdog_reboot
 .text.xosc_init
                0x10002c38       0x28 CMakeFiles/motor_control_by_mqtt.dir/C_/Program_Files/Raspberry_Pi/Pico_SDK_v1.5.1/pico-sdk/src/rp2_common/hardware_xosc/xosc.c.obj
                0x10002c38                xosc_init
 .text.lwip_init
                0x10002c60       0x24 CMakeFiles/motor_control_by_mqtt.dir/C_/Program_Files/Raspberry_Pi/Pico_SDK_v1.5.1/pico-sdk/lib/lwip/src/core/init.c.obj
                0x10002c60                lwip_init
 .text.lwip_htons
                0x10002c84        0x8 CMakeFiles/motor_control_by_mqtt.dir/C_/Program_Files/Raspberry_Pi/Pico_SDK_v1.5.1/pico-sdk/lib/lwip/src/core/def.c.obj
                0x10002c84                lwip_htons
 .text.lwip_htonl
                0x10002c8c        0x4 CMakeFiles/motor_control_by_mqtt.dir/C_/Program_Files/Raspberry_Pi/Pico_SDK_v1.5.1/pico-sdk/lib/lwip/src/core/def.c.obj
                0x10002c8c                lwip_htonl
 .text.dns_call_found
                0x10002c90      0x134 CMakeFiles/motor_control_by_mqtt.dir/C_/Program_Files/Raspberry_Pi/Pico_SDK_v1.5.1/pico-sdk/lib/lwip/src/core/dns.c.obj
 .text.dns_send.isra.0
                0x10002dc4      0x168 CMakeFiles/motor_control_by_mqtt.dir/C_/Program_Files/Raspberry_Pi/Pico_SDK_v1.5.1/pico-sdk/lib/lwip/src/core/dns.c.obj
 .text.dns_init
                0x10002f2c        0x4 CMakeFiles/motor_control_by_mqtt.dir/C_/Program_Files/Raspberry_Pi/Pico_SDK_v1.5.1/pico-sdk/lib/lwip/src/core/dns.c.obj
                0x10002f2c                dns_init
 .text.dns_setserver
                0x10002f30       0x2c CMakeFiles/motor_control_by_mqtt.dir/C_/Program_Files/Raspberry_Pi/Pico_SDK_v1.5.1/pico-sdk/lib/lwip/src/core/dns.c.obj
                0x10002f30                dns_setserver
 .text.dns_tmr  0x10002f5c      0x138 CMakeFiles/motor_control_by_mqtt.dir/C_/Program_Files/Raspberry_Pi/Pico_SDK_v1.5.1/pico-sdk/lib/lwip/src/core/dns.c.obj
                0x10002f5c                dns_tmr
 .text.lwip_standard_chksum
                0x10003094       0xd8 CMakeFiles/motor_control_by_mqtt.dir/C_/Program_Files/Raspberry_Pi/Pico_SDK_v1.5.1/pico-sdk/lib/lwip/src/core/inet_chksum.c.obj
                0x10003094                lwip_standard_chksum
 .text.inet_chksum_pseudo
                0x1000316c       0xb4 CMakeFiles/motor_control_by_mqtt.dir/C_/Program_Files/Raspberry_Pi/Pico_SDK_v1.5.1/pico-sdk/lib/lwip/src/core/inet_chksum.c.obj
                0x1000316c                inet_chksum_pseudo
 .text.ip_chksum_pseudo
                0x10003220       0x10 CMakeFiles/motor_control_by_mqtt.dir/C_/Program_Files/Raspberry_Pi/Pico_SDK_v1.5.1/pico-sdk/lib/lwip/src/core/inet_chksum.c.obj
                0x10003220                ip_chksum_pseudo
 .text.inet_chksum
                0x10003230        0xc CMakeFiles/motor_control_by_mqtt.dir/C_/Program_Files/Raspberry_Pi/Pico_SDK_v1.5.1/pico-sdk/lib/lwip/src/core/inet_chksum.c.obj
                0x10003230                inet_chksum
 .text.inet_chksum_pbuf
                0x1000323c       0x6c CMakeFiles/motor_control_by_mqtt.dir/C_/Program_Files/Raspberry_Pi/Pico_SDK_v1.5.1/pico-sdk/lib/lwip/src/core/inet_chksum.c.obj
                0x1000323c                inet_chksum_pbuf
 .text.mem_init
                0x100032a8       0x40 CMakeFiles/motor_control_by_mqtt.dir/C_/Program_Files/Raspberry_Pi/Pico_SDK_v1.5.1/pico-sdk/lib/lwip/src/core/mem.c.obj
                0x100032a8                mem_init
 .text.mem_free
                0x100032e8      0x11c CMakeFiles/motor_control_by_mqtt.dir/C_/Program_Files/Raspberry_Pi/Pico_SDK_v1.5.1/pico-sdk/lib/lwip/src/core/mem.c.obj
                0x100032e8                mem_free
 .text.mem_trim
                0x10003404      0x110 CMakeFiles/motor_control_by_mqtt.dir/C_/Program_Files/Raspberry_Pi/Pico_SDK_v1.5.1/pico-sdk/lib/lwip/src/core/mem.c.obj
                0x10003404                mem_trim
 .text.mem_malloc
                0x10003514      0x120 CMakeFiles/motor_control_by_mqtt.dir/C_/Program_Files/Raspberry_Pi/Pico_SDK_v1.5.1/pico-sdk/lib/lwip/src/core/mem.c.obj
                0x10003514                mem_malloc
 .text.mem_calloc
                0x10003634       0x28 CMakeFiles/motor_control_by_mqtt.dir/C_/Program_Files/Raspberry_Pi/Pico_SDK_v1.5.1/pico-sdk/lib/lwip/src/core/mem.c.obj
                0x10003634                mem_calloc
 .text.memp_init
                0x1000365c       0x6c CMakeFiles/motor_control_by_mqtt.dir/C_/Program_Files/Raspberry_Pi/Pico_SDK_v1.5.1/pico-sdk/lib/lwip/src/core/memp.c.obj
                0x1000365c                memp_init
 .text.memp_malloc
                0x100036c8       0x3c CMakeFiles/motor_control_by_mqtt.dir/C_/Program_Files/Raspberry_Pi/Pico_SDK_v1.5.1/pico-sdk/lib/lwip/src/core/memp.c.obj
                0x100036c8                memp_malloc
 .text.memp_free
                0x10003704       0x38 CMakeFiles/motor_control_by_mqtt.dir/C_/Program_Files/Raspberry_Pi/Pico_SDK_v1.5.1/pico-sdk/lib/lwip/src/core/memp.c.obj
                0x10003704                memp_free
 .text.netif_null_output_ip4
                0x1000373c        0x8 CMakeFiles/motor_control_by_mqtt.dir/C_/Program_Files/Raspberry_Pi/Pico_SDK_v1.5.1/pico-sdk/lib/lwip/src/core/netif.c.obj
 .text.netif_do_set_ipaddr.isra.0
                0x10003744       0x70 CMakeFiles/motor_control_by_mqtt.dir/C_/Program_Files/Raspberry_Pi/Pico_SDK_v1.5.1/pico-sdk/lib/lwip/src/core/netif.c.obj
 .text.netif_init
                0x100037b4        0x4 CMakeFiles/motor_control_by_mqtt.dir/C_/Program_Files/Raspberry_Pi/Pico_SDK_v1.5.1/pico-sdk/lib/lwip/src/core/netif.c.obj
                0x100037b4                netif_init
 .text.netif_add
                0x100037b8      0x144 CMakeFiles/motor_control_by_mqtt.dir/C_/Program_Files/Raspberry_Pi/Pico_SDK_v1.5.1/pico-sdk/lib/lwip/src/core/netif.c.obj
                0x100037b8                netif_add
 .text.netif_set_addr
                0x100038fc       0xb8 CMakeFiles/motor_control_by_mqtt.dir/C_/Program_Files/Raspberry_Pi/Pico_SDK_v1.5.1/pico-sdk/lib/lwip/src/core/netif.c.obj
                0x100038fc                netif_set_addr
 .text.netif_remove
                0x100039b4       0x94 CMakeFiles/motor_control_by_mqtt.dir/C_/Program_Files/Raspberry_Pi/Pico_SDK_v1.5.1/pico-sdk/lib/lwip/src/core/netif.c.obj
                0x100039b4                netif_remove
 .text.netif_set_default
                0x10003a48        0xc CMakeFiles/motor_control_by_mqtt.dir/C_/Program_Files/Raspberry_Pi/Pico_SDK_v1.5.1/pico-sdk/lib/lwip/src/core/netif.c.obj
                0x10003a48                netif_set_default
 .text.netif_set_up
                0x10003a54       0x40 CMakeFiles/motor_control_by_mqtt.dir/C_/Program_Files/Raspberry_Pi/Pico_SDK_v1.5.1/pico-sdk/lib/lwip/src/core/netif.c.obj
                0x10003a54                netif_set_up
 .text.netif_set_link_up
                0x10003a94       0x44 CMakeFiles/motor_control_by_mqtt.dir/C_/Program_Files/Raspberry_Pi/Pico_SDK_v1.5.1/pico-sdk/lib/lwip/src/core/netif.c.obj
                0x10003a94                netif_set_link_up
 .text.netif_set_link_down
                0x10003ad8       0x20 CMakeFiles/motor_control_by_mqtt.dir/C_/Program_Files/Raspberry_Pi/Pico_SDK_v1.5.1/pico-sdk/lib/lwip/src/core/netif.c.obj
                0x10003ad8                netif_set_link_down
 .text.netif_get_by_index
                0x10003af8       0x2c CMakeFiles/motor_control_by_mqtt.dir/C_/Program_Files/Raspberry_Pi/Pico_SDK_v1.5.1/pico-sdk/lib/lwip/src/core/netif.c.obj
                0x10003af8                netif_get_by_index
 .text.pbuf_free.part.0
                0x10003b24       0x7c CMakeFiles/motor_control_by_mqtt.dir/C_/Program_Files/Raspberry_Pi/Pico_SDK_v1.5.1/pico-sdk/lib/lwip/src/core/pbuf.c.obj
 .text.pbuf_free_ooseq
                0x10003ba0       0x34 CMakeFiles/motor_control_by_mqtt.dir/C_/Program_Files/Raspberry_Pi/Pico_SDK_v1.5.1/pico-sdk/lib/lwip/src/core/pbuf.c.obj
                0x10003ba0                pbuf_free_ooseq
 .text.pbuf_alloc
                0x10003bd4      0x130 CMakeFiles/motor_control_by_mqtt.dir/C_/Program_Files/Raspberry_Pi/Pico_SDK_v1.5.1/pico-sdk/lib/lwip/src/core/pbuf.c.obj
                0x10003bd4                pbuf_alloc
 .text.pbuf_realloc
                0x10003d04       0x88 CMakeFiles/motor_control_by_mqtt.dir/C_/Program_Files/Raspberry_Pi/Pico_SDK_v1.5.1/pico-sdk/lib/lwip/src/core/pbuf.c.obj
                0x10003d04                pbuf_realloc
 .text.pbuf_add_header
                0x10003d8c       0x54 CMakeFiles/motor_control_by_mqtt.dir/C_/Program_Files/Raspberry_Pi/Pico_SDK_v1.5.1/pico-sdk/lib/lwip/src/core/pbuf.c.obj
                0x10003d8c                pbuf_add_header
 .text.pbuf_remove_header
                0x10003de0       0x44 CMakeFiles/motor_control_by_mqtt.dir/C_/Program_Files/Raspberry_Pi/Pico_SDK_v1.5.1/pico-sdk/lib/lwip/src/core/pbuf.c.obj
                0x10003de0                pbuf_remove_header
 .text.pbuf_header_force
                0x10003e24       0x74 CMakeFiles/motor_control_by_mqtt.dir/C_/Program_Files/Raspberry_Pi/Pico_SDK_v1.5.1/pico-sdk/lib/lwip/src/core/pbuf.c.obj
                0x10003e24                pbuf_header_force
 .text.pbuf_free
                0x10003e98       0x18 CMakeFiles/motor_control_by_mqtt.dir/C_/Program_Files/Raspberry_Pi/Pico_SDK_v1.5.1/pico-sdk/lib/lwip/src/core/pbuf.c.obj
                0x10003e98                pbuf_free
 .text.pbuf_clen
                0x10003eb0       0x14 CMakeFiles/motor_control_by_mqtt.dir/C_/Program_Files/Raspberry_Pi/Pico_SDK_v1.5.1/pico-sdk/lib/lwip/src/core/pbuf.c.obj
                0x10003eb0                pbuf_clen
 .text.pbuf_ref
                0x10003ec4       0x28 CMakeFiles/motor_control_by_mqtt.dir/C_/Program_Files/Raspberry_Pi/Pico_SDK_v1.5.1/pico-sdk/lib/lwip/src/core/pbuf.c.obj
                0x10003ec4                pbuf_ref
 .text.pbuf_cat
                0x10003eec       0x3c CMakeFiles/motor_control_by_mqtt.dir/C_/Program_Files/Raspberry_Pi/Pico_SDK_v1.5.1/pico-sdk/lib/lwip/src/core/pbuf.c.obj
                0x10003eec                pbuf_cat
 .text.pbuf_chain
                0x10003f28       0x64 CMakeFiles/motor_control_by_mqtt.dir/C_/Program_Files/Raspberry_Pi/Pico_SDK_v1.5.1/pico-sdk/lib/lwip/src/core/pbuf.c.obj
                0x10003f28                pbuf_chain
 .text.pbuf_copy_partial_pbuf
                0x10003f8c      0x13c CMakeFiles/motor_control_by_mqtt.dir/C_/Program_Files/Raspberry_Pi/Pico_SDK_v1.5.1/pico-sdk/lib/lwip/src/core/pbuf.c.obj
                0x10003f8c                pbuf_copy_partial_pbuf
 .text.pbuf_copy
                0x100040c8       0x18 CMakeFiles/motor_control_by_mqtt.dir/C_/Program_Files/Raspberry_Pi/Pico_SDK_v1.5.1/pico-sdk/lib/lwip/src/core/pbuf.c.obj
                0x100040c8                pbuf_copy
 .text.pbuf_copy_partial
                0x100040e0       0x70 CMakeFiles/motor_control_by_mqtt.dir/C_/Program_Files/Raspberry_Pi/Pico_SDK_v1.5.1/pico-sdk/lib/lwip/src/core/pbuf.c.obj
                0x100040e0                pbuf_copy_partial
 .text.pbuf_get_contiguous
                0x10004150       0xa0 CMakeFiles/motor_control_by_mqtt.dir/C_/Program_Files/Raspberry_Pi/Pico_SDK_v1.5.1/pico-sdk/lib/lwip/src/core/pbuf.c.obj
                0x10004150                pbuf_get_contiguous
 .text.pbuf_take
                0x100041f0       0x78 CMakeFiles/motor_control_by_mqtt.dir/C_/Program_Files/Raspberry_Pi/Pico_SDK_v1.5.1/pico-sdk/lib/lwip/src/core/pbuf.c.obj
                0x100041f0                pbuf_take
 .text.pbuf_take_at
                0x10004268       0xc0 CMakeFiles/motor_control_by_mqtt.dir/C_/Program_Files/Raspberry_Pi/Pico_SDK_v1.5.1/pico-sdk/lib/lwip/src/core/pbuf.c.obj
                0x10004268                pbuf_take_at
 .text.pbuf_clone
                0x10004328       0x30 CMakeFiles/motor_control_by_mqtt.dir/C_/Program_Files/Raspberry_Pi/Pico_SDK_v1.5.1/pico-sdk/lib/lwip/src/core/pbuf.c.obj
                0x10004328                pbuf_clone
 .text.pbuf_get_at
                0x10004358       0x20 CMakeFiles/motor_control_by_mqtt.dir/C_/Program_Files/Raspberry_Pi/Pico_SDK_v1.5.1/pico-sdk/lib/lwip/src/core/pbuf.c.obj
                0x10004358                pbuf_get_at
 .text.pbuf_put_at
                0x10004378       0x1c CMakeFiles/motor_control_by_mqtt.dir/C_/Program_Files/Raspberry_Pi/Pico_SDK_v1.5.1/pico-sdk/lib/lwip/src/core/pbuf.c.obj
                0x10004378                pbuf_put_at
 .text.raw_input
                0x10004394       0xf0 CMakeFiles/motor_control_by_mqtt.dir/C_/Program_Files/Raspberry_Pi/Pico_SDK_v1.5.1/pico-sdk/lib/lwip/src/core/raw.c.obj
                0x10004394                raw_input
 .text.raw_netif_ip_addr_changed
                0x10004484       0x40 CMakeFiles/motor_control_by_mqtt.dir/C_/Program_Files/Raspberry_Pi/Pico_SDK_v1.5.1/pico-sdk/lib/lwip/src/core/raw.c.obj
                0x10004484                raw_netif_ip_addr_changed
 .text.stats_init
                0x100044c4        0x4 CMakeFiles/motor_control_by_mqtt.dir/C_/Program_Files/Raspberry_Pi/Pico_SDK_v1.5.1/pico-sdk/lib/lwip/src/core/stats.c.obj
                0x100044c4                stats_init
 .text.tcp_close_shutdown_fin
                0x100044c8       0x58 CMakeFiles/motor_control_by_mqtt.dir/C_/Program_Files/Raspberry_Pi/Pico_SDK_v1.5.1/pico-sdk/lib/lwip/src/core/tcp.c.obj
 .text.tcp_pcb_purge.part.0
                0x10004520       0xc4 CMakeFiles/motor_control_by_mqtt.dir/C_/Program_Files/Raspberry_Pi/Pico_SDK_v1.5.1/pico-sdk/lib/lwip/src/core/tcp.c.obj
 .text.tcp_init
                0x100045e4       0x20 CMakeFiles/motor_control_by_mqtt.dir/C_/Program_Files/Raspberry_Pi/Pico_SDK_v1.5.1/pico-sdk/lib/lwip/src/core/tcp.c.obj
                0x100045e4                tcp_init
 .text.tcp_free
                0x10004604       0x1c CMakeFiles/motor_control_by_mqtt.dir/C_/Program_Files/Raspberry_Pi/Pico_SDK_v1.5.1/pico-sdk/lib/lwip/src/core/tcp.c.obj
                0x10004604                tcp_free
 .text.tcp_bind
                0x10004620       0xf8 CMakeFiles/motor_control_by_mqtt.dir/C_/Program_Files/Raspberry_Pi/Pico_SDK_v1.5.1/pico-sdk/lib/lwip/src/core/tcp.c.obj
                0x10004620                tcp_bind
 .text.tcp_update_rcv_ann_wnd
                0x10004718       0x60 CMakeFiles/motor_control_by_mqtt.dir/C_/Program_Files/Raspberry_Pi/Pico_SDK_v1.5.1/pico-sdk/lib/lwip/src/core/tcp.c.obj
                0x10004718                tcp_update_rcv_ann_wnd
 .text.tcp_recved
                0x10004778       0x98 CMakeFiles/motor_control_by_mqtt.dir/C_/Program_Files/Raspberry_Pi/Pico_SDK_v1.5.1/pico-sdk/lib/lwip/src/core/tcp.c.obj
                0x10004778                tcp_recved
 .text.tcp_connect
                0x10004810      0x1a8 CMakeFiles/motor_control_by_mqtt.dir/C_/Program_Files/Raspberry_Pi/Pico_SDK_v1.5.1/pico-sdk/lib/lwip/src/core/tcp.c.obj
                0x10004810                tcp_connect
 .text.tcp_slowtmr
                0x100049b8      0x4dc CMakeFiles/motor_control_by_mqtt.dir/C_/Program_Files/Raspberry_Pi/Pico_SDK_v1.5.1/pico-sdk/lib/lwip/src/core/tcp.c.obj
                0x100049b8                tcp_slowtmr
 .text.tcp_segs_free
                0x10004e94       0x38 CMakeFiles/motor_control_by_mqtt.dir/C_/Program_Files/Raspberry_Pi/Pico_SDK_v1.5.1/pico-sdk/lib/lwip/src/core/tcp.c.obj
                0x10004e94                tcp_segs_free
 .text.tcp_seg_free
                0x10004ecc       0x1c CMakeFiles/motor_control_by_mqtt.dir/C_/Program_Files/Raspberry_Pi/Pico_SDK_v1.5.1/pico-sdk/lib/lwip/src/core/tcp.c.obj
                0x10004ecc                tcp_seg_free
 .text.tcp_seg_copy
                0x10004ee8       0x2c CMakeFiles/motor_control_by_mqtt.dir/C_/Program_Files/Raspberry_Pi/Pico_SDK_v1.5.1/pico-sdk/lib/lwip/src/core/tcp.c.obj
                0x10004ee8                tcp_seg_copy
 .text.tcp_arg  0x10004f14        0x8 CMakeFiles/motor_control_by_mqtt.dir/C_/Program_Files/Raspberry_Pi/Pico_SDK_v1.5.1/pico-sdk/lib/lwip/src/core/tcp.c.obj
                0x10004f14                tcp_arg
 .text.tcp_recv
                0x10004f1c       0x1c CMakeFiles/motor_control_by_mqtt.dir/C_/Program_Files/Raspberry_Pi/Pico_SDK_v1.5.1/pico-sdk/lib/lwip/src/core/tcp.c.obj
                0x10004f1c                tcp_recv
 .text.tcp_sent
                0x10004f38       0x1c CMakeFiles/motor_control_by_mqtt.dir/C_/Program_Files/Raspberry_Pi/Pico_SDK_v1.5.1/pico-sdk/lib/lwip/src/core/tcp.c.obj
                0x10004f38                tcp_sent
 .text.tcp_err  0x10004f54       0x1c CMakeFiles/motor_control_by_mqtt.dir/C_/Program_Files/Raspberry_Pi/Pico_SDK_v1.5.1/pico-sdk/lib/lwip/src/core/tcp.c.obj
                0x10004f54                tcp_err
 .text.tcp_poll
                0x10004f70       0x20 CMakeFiles/motor_control_by_mqtt.dir/C_/Program_Files/Raspberry_Pi/Pico_SDK_v1.5.1/pico-sdk/lib/lwip/src/core/tcp.c.obj
                0x10004f70                tcp_poll
 .text.tcp_pcb_purge
                0x10004f90       0x18 CMakeFiles/motor_control_by_mqtt.dir/C_/Program_Files/Raspberry_Pi/Pico_SDK_v1.5.1/pico-sdk/lib/lwip/src/core/tcp.c.obj
                0x10004f90                tcp_pcb_purge
 .text.tcp_pcb_remove
                0x10004fa8       0xc8 CMakeFiles/motor_control_by_mqtt.dir/C_/Program_Files/Raspberry_Pi/Pico_SDK_v1.5.1/pico-sdk/lib/lwip/src/core/tcp.c.obj
                0x10004fa8                tcp_pcb_remove
 .text.tcp_abandon
                0x10005070      0x1ac CMakeFiles/motor_control_by_mqtt.dir/C_/Program_Files/Raspberry_Pi/Pico_SDK_v1.5.1/pico-sdk/lib/lwip/src/core/tcp.c.obj
                0x10005070                tcp_abandon
 .text.tcp_abort
                0x1000521c        0xc CMakeFiles/motor_control_by_mqtt.dir/C_/Program_Files/Raspberry_Pi/Pico_SDK_v1.5.1/pico-sdk/lib/lwip/src/core/tcp.c.obj
                0x1000521c                tcp_abort
 .text.tcp_alloc
                0x10005228      0x1cc CMakeFiles/motor_control_by_mqtt.dir/C_/Program_Files/Raspberry_Pi/Pico_SDK_v1.5.1/pico-sdk/lib/lwip/src/core/tcp.c.obj
                0x10005228                tcp_alloc
 .text.tcp_new_ip_type
                0x100053f4      0x1ac CMakeFiles/motor_control_by_mqtt.dir/C_/Program_Files/Raspberry_Pi/Pico_SDK_v1.5.1/pico-sdk/lib/lwip/src/core/tcp.c.obj
                0x100053f4                tcp_new_ip_type
 .text.tcp_close_shutdown
                0x100055a0      0x18c CMakeFiles/motor_control_by_mqtt.dir/C_/Program_Files/Raspberry_Pi/Pico_SDK_v1.5.1/pico-sdk/lib/lwip/src/core/tcp.c.obj
 .text.tcp_recv_null
                0x1000572c       0xd4 CMakeFiles/motor_control_by_mqtt.dir/C_/Program_Files/Raspberry_Pi/Pico_SDK_v1.5.1/pico-sdk/lib/lwip/src/core/tcp.c.obj
                0x1000572c                tcp_recv_null
 .text.tcp_process_refused_data
                0x10005800       0x78 CMakeFiles/motor_control_by_mqtt.dir/C_/Program_Files/Raspberry_Pi/Pico_SDK_v1.5.1/pico-sdk/lib/lwip/src/core/tcp.c.obj
                0x10005800                tcp_process_refused_data
 .text.tcp_fasttmr
                0x10005878       0x98 CMakeFiles/motor_control_by_mqtt.dir/C_/Program_Files/Raspberry_Pi/Pico_SDK_v1.5.1/pico-sdk/lib/lwip/src/core/tcp.c.obj
                0x10005878                tcp_fasttmr
 .text.tcp_tmr  0x10005910       0x20 CMakeFiles/motor_control_by_mqtt.dir/C_/Program_Files/Raspberry_Pi/Pico_SDK_v1.5.1/pico-sdk/lib/lwip/src/core/tcp.c.obj
                0x10005910                tcp_tmr
 .text.tcp_close
                0x10005930      0x174 CMakeFiles/motor_control_by_mqtt.dir/C_/Program_Files/Raspberry_Pi/Pico_SDK_v1.5.1/pico-sdk/lib/lwip/src/core/tcp.c.obj
                0x10005930                tcp_close
 .text.tcp_next_iss
                0x10005aa4       0x28 CMakeFiles/motor_control_by_mqtt.dir/C_/Program_Files/Raspberry_Pi/Pico_SDK_v1.5.1/pico-sdk/lib/lwip/src/core/tcp.c.obj
                0x10005aa4                tcp_next_iss
 .text.tcp_eff_send_mss_netif
                0x10005acc       0x38 CMakeFiles/motor_control_by_mqtt.dir/C_/Program_Files/Raspberry_Pi/Pico_SDK_v1.5.1/pico-sdk/lib/lwip/src/core/tcp.c.obj
                0x10005acc                tcp_eff_send_mss_netif
 .text.tcp_netif_ip_addr_changed
                0x10005b04       0x9c CMakeFiles/motor_control_by_mqtt.dir/C_/Program_Files/Raspberry_Pi/Pico_SDK_v1.5.1/pico-sdk/lib/lwip/src/core/tcp.c.obj
                0x10005b04                tcp_netif_ip_addr_changed
 .text.tcp_free_ooseq
                0x10005ba0       0x40 CMakeFiles/motor_control_by_mqtt.dir/C_/Program_Files/Raspberry_Pi/Pico_SDK_v1.5.1/pico-sdk/lib/lwip/src/core/tcp.c.obj
                0x10005ba0                tcp_free_ooseq
 .text.tcp_parseopt
                0x10005be0      0x190 CMakeFiles/motor_control_by_mqtt.dir/C_/Program_Files/Raspberry_Pi/Pico_SDK_v1.5.1/pico-sdk/lib/lwip/src/core/tcp_in.c.obj
 .text.tcp_oos_insert_segment
                0x10005d70       0xe0 CMakeFiles/motor_control_by_mqtt.dir/C_/Program_Files/Raspberry_Pi/Pico_SDK_v1.5.1/pico-sdk/lib/lwip/src/core/tcp_in.c.obj
 .text.tcp_free_acked_segments.constprop.0
                0x10005e50       0xdc CMakeFiles/motor_control_by_mqtt.dir/C_/Program_Files/Raspberry_Pi/Pico_SDK_v1.5.1/pico-sdk/lib/lwip/src/core/tcp_in.c.obj
 .text.tcp_receive
                0x10005f2c      0xa4c CMakeFiles/motor_control_by_mqtt.dir/C_/Program_Files/Raspberry_Pi/Pico_SDK_v1.5.1/pico-sdk/lib/lwip/src/core/tcp_in.c.obj
 .text.tcp_input
                0x10006978      0xda4 CMakeFiles/motor_control_by_mqtt.dir/C_/Program_Files/Raspberry_Pi/Pico_SDK_v1.5.1/pico-sdk/lib/lwip/src/core/tcp_in.c.obj
                0x10006978                tcp_input
 .text.tcp_trigger_input_pcb_close
                0x1000771c       0x10 CMakeFiles/motor_control_by_mqtt.dir/C_/Program_Files/Raspberry_Pi/Pico_SDK_v1.5.1/pico-sdk/lib/lwip/src/core/tcp_in.c.obj
                0x1000771c                tcp_trigger_input_pcb_close
 .text.tcp_create_segment
                0x1000772c       0xf8 CMakeFiles/motor_control_by_mqtt.dir/C_/Program_Files/Raspberry_Pi/Pico_SDK_v1.5.1/pico-sdk/lib/lwip/src/core/tcp_out.c.obj
 .text.tcp_output_control_segment
                0x10007824       0xc0 CMakeFiles/motor_control_by_mqtt.dir/C_/Program_Files/Raspberry_Pi/Pico_SDK_v1.5.1/pico-sdk/lib/lwip/src/core/tcp_out.c.obj
 .text.tcp_output_alloc_header.constprop.0
                0x100078e4       0xcc CMakeFiles/motor_control_by_mqtt.dir/C_/Program_Files/Raspberry_Pi/Pico_SDK_v1.5.1/pico-sdk/lib/lwip/src/core/tcp_out.c.obj
 .text.tcp_write
                0x100079b0      0x494 CMakeFiles/motor_control_by_mqtt.dir/C_/Program_Files/Raspberry_Pi/Pico_SDK_v1.5.1/pico-sdk/lib/lwip/src/core/tcp_out.c.obj
                0x100079b0                tcp_write
 .text.tcp_split_unsent_seg
                0x10007e44      0x1c4 CMakeFiles/motor_control_by_mqtt.dir/C_/Program_Files/Raspberry_Pi/Pico_SDK_v1.5.1/pico-sdk/lib/lwip/src/core/tcp_out.c.obj
                0x10007e44                tcp_split_unsent_seg
 .text.tcp_send_fin
                0x10008008      0x12c CMakeFiles/motor_control_by_mqtt.dir/C_/Program_Files/Raspberry_Pi/Pico_SDK_v1.5.1/pico-sdk/lib/lwip/src/core/tcp_out.c.obj
                0x10008008                tcp_send_fin
 .text.tcp_enqueue_flags
                0x10008134      0x124 CMakeFiles/motor_control_by_mqtt.dir/C_/Program_Files/Raspberry_Pi/Pico_SDK_v1.5.1/pico-sdk/lib/lwip/src/core/tcp_out.c.obj
                0x10008134                tcp_enqueue_flags
 .text.tcp_rexmit_rto_prepare
                0x10008258       0x9c CMakeFiles/motor_control_by_mqtt.dir/C_/Program_Files/Raspberry_Pi/Pico_SDK_v1.5.1/pico-sdk/lib/lwip/src/core/tcp_out.c.obj
                0x10008258                tcp_rexmit_rto_prepare
 .text.tcp_rexmit
                0x100082f4       0x9c CMakeFiles/motor_control_by_mqtt.dir/C_/Program_Files/Raspberry_Pi/Pico_SDK_v1.5.1/pico-sdk/lib/lwip/src/core/tcp_out.c.obj
                0x100082f4                tcp_rexmit
 .text.tcp_rexmit_fast
                0x10008390       0x64 CMakeFiles/motor_control_by_mqtt.dir/C_/Program_Files/Raspberry_Pi/Pico_SDK_v1.5.1/pico-sdk/lib/lwip/src/core/tcp_out.c.obj
                0x10008390                tcp_rexmit_fast
 .text.tcp_rst  0x100083f4       0xe8 CMakeFiles/motor_control_by_mqtt.dir/C_/Program_Files/Raspberry_Pi/Pico_SDK_v1.5.1/pico-sdk/lib/lwip/src/core/tcp_out.c.obj
                0x100083f4                tcp_rst
 .text.tcp_rst_netif
                0x100084dc      0x130 CMakeFiles/motor_control_by_mqtt.dir/C_/Program_Files/Raspberry_Pi/Pico_SDK_v1.5.1/pico-sdk/lib/lwip/src/core/tcp_out.c.obj
                0x100084dc                tcp_rst_netif
 .text.tcp_send_empty_ack
                0x1000860c       0x54 CMakeFiles/motor_control_by_mqtt.dir/C_/Program_Files/Raspberry_Pi/Pico_SDK_v1.5.1/pico-sdk/lib/lwip/src/core/tcp_out.c.obj
                0x1000860c                tcp_send_empty_ack
 .text.tcp_output
                0x10008660      0x46c CMakeFiles/motor_control_by_mqtt.dir/C_/Program_Files/Raspberry_Pi/Pico_SDK_v1.5.1/pico-sdk/lib/lwip/src/core/tcp_out.c.obj
                0x10008660                tcp_output
 .text.tcp_rexmit_rto_commit
                0x10008acc       0x24 CMakeFiles/motor_control_by_mqtt.dir/C_/Program_Files/Raspberry_Pi/Pico_SDK_v1.5.1/pico-sdk/lib/lwip/src/core/tcp_out.c.obj
                0x10008acc                tcp_rexmit_rto_commit
 .text.tcp_rexmit_rto
                0x10008af0       0xa4 CMakeFiles/motor_control_by_mqtt.dir/C_/Program_Files/Raspberry_Pi/Pico_SDK_v1.5.1/pico-sdk/lib/lwip/src/core/tcp_out.c.obj
                0x10008af0                tcp_rexmit_rto
 .text.tcp_keepalive
                0x10008b94       0xe0 CMakeFiles/motor_control_by_mqtt.dir/C_/Program_Files/Raspberry_Pi/Pico_SDK_v1.5.1/pico-sdk/lib/lwip/src/core/tcp_out.c.obj
                0x10008b94                tcp_keepalive
 .text.tcp_zero_window_probe
                0x10008c74      0x108 CMakeFiles/motor_control_by_mqtt.dir/C_/Program_Files/Raspberry_Pi/Pico_SDK_v1.5.1/pico-sdk/lib/lwip/src/core/tcp_out.c.obj
                0x10008c74                tcp_zero_window_probe
 .text.sys_timeout_abs
                0x10008d7c       0x48 CMakeFiles/motor_control_by_mqtt.dir/C_/Program_Files/Raspberry_Pi/Pico_SDK_v1.5.1/pico-sdk/lib/lwip/src/core/timeouts.c.obj
 .text.lwip_cyclic_timer
                0x10008dc4       0x38 CMakeFiles/motor_control_by_mqtt.dir/C_/Program_Files/Raspberry_Pi/Pico_SDK_v1.5.1/pico-sdk/lib/lwip/src/core/timeouts.c.obj
 .text.tcpip_tcp_timer
                0x10008dfc       0x3c CMakeFiles/motor_control_by_mqtt.dir/C_/Program_Files/Raspberry_Pi/Pico_SDK_v1.5.1/pico-sdk/lib/lwip/src/core/timeouts.c.obj
 .text.tcp_timer_needed
                0x10008e38       0x40 CMakeFiles/motor_control_by_mqtt.dir/C_/Program_Files/Raspberry_Pi/Pico_SDK_v1.5.1/pico-sdk/lib/lwip/src/core/timeouts.c.obj
                0x10008e38                tcp_timer_needed
 .text.sys_timeouts_init
                0x10008e78       0x90 CMakeFiles/motor_control_by_mqtt.dir/C_/Program_Files/Raspberry_Pi/Pico_SDK_v1.5.1/pico-sdk/lib/lwip/src/core/timeouts.c.obj
                0x10008e78                sys_timeouts_init
 .text.sys_timeout
                0x10008f08       0x60 CMakeFiles/motor_control_by_mqtt.dir/C_/Program_Files/Raspberry_Pi/Pico_SDK_v1.5.1/pico-sdk/lib/lwip/src/core/timeouts.c.obj
                0x10008f08                sys_timeout
 .text.sys_untimeout
                0x10008f68       0x40 CMakeFiles/motor_control_by_mqtt.dir/C_/Program_Files/Raspberry_Pi/Pico_SDK_v1.5.1/pico-sdk/lib/lwip/src/core/timeouts.c.obj
                0x10008f68                sys_untimeout
 .text.sys_check_timeouts
                0x10008fa8       0x68 CMakeFiles/motor_control_by_mqtt.dir/C_/Program_Files/Raspberry_Pi/Pico_SDK_v1.5.1/pico-sdk/lib/lwip/src/core/timeouts.c.obj
                0x10008fa8                sys_check_timeouts
 .text.sys_timeouts_sleeptime
                0x10009010       0x28 CMakeFiles/motor_control_by_mqtt.dir/C_/Program_Files/Raspberry_Pi/Pico_SDK_v1.5.1/pico-sdk/lib/lwip/src/core/timeouts.c.obj
                0x10009010                sys_timeouts_sleeptime
 .text.udp_init
                0x10009038       0x20 CMakeFiles/motor_control_by_mqtt.dir/C_/Program_Files/Raspberry_Pi/Pico_SDK_v1.5.1/pico-sdk/lib/lwip/src/core/udp.c.obj
                0x10009038                udp_init
 .text.udp_input
                0x10009058      0x24c CMakeFiles/motor_control_by_mqtt.dir/C_/Program_Files/Raspberry_Pi/Pico_SDK_v1.5.1/pico-sdk/lib/lwip/src/core/udp.c.obj
                0x10009058                udp_input
 .text.udp_bind
                0x100092a4      0x10c CMakeFiles/motor_control_by_mqtt.dir/C_/Program_Files/Raspberry_Pi/Pico_SDK_v1.5.1/pico-sdk/lib/lwip/src/core/udp.c.obj
                0x100092a4                udp_bind
 .text.udp_sendto_if_src
                0x100093b0      0x130 CMakeFiles/motor_control_by_mqtt.dir/C_/Program_Files/Raspberry_Pi/Pico_SDK_v1.5.1/pico-sdk/lib/lwip/src/core/udp.c.obj
                0x100093b0                udp_sendto_if_src
 .text.udp_sendto_if
                0x100094e0       0x48 CMakeFiles/motor_control_by_mqtt.dir/C_/Program_Files/Raspberry_Pi/Pico_SDK_v1.5.1/pico-sdk/lib/lwip/src/core/udp.c.obj
                0x100094e0                udp_sendto_if
 .text.udp_sendto
                0x10009528       0x7c CMakeFiles/motor_control_by_mqtt.dir/C_/Program_Files/Raspberry_Pi/Pico_SDK_v1.5.1/pico-sdk/lib/lwip/src/core/udp.c.obj
                0x10009528                udp_sendto
 .text.udp_connect
                0x100095a4       0x64 CMakeFiles/motor_control_by_mqtt.dir/C_/Program_Files/Raspberry_Pi/Pico_SDK_v1.5.1/pico-sdk/lib/lwip/src/core/udp.c.obj
                0x100095a4                udp_connect
 .text.udp_recv
                0x10009608        0xc CMakeFiles/motor_control_by_mqtt.dir/C_/Program_Files/Raspberry_Pi/Pico_SDK_v1.5.1/pico-sdk/lib/lwip/src/core/udp.c.obj
                0x10009608                udp_recv
 .text.udp_remove
                0x10009614       0x3c CMakeFiles/motor_control_by_mqtt.dir/C_/Program_Files/Raspberry_Pi/Pico_SDK_v1.5.1/pico-sdk/lib/lwip/src/core/udp.c.obj
                0x10009614                udp_remove
 .text.udp_new  0x10009650       0x1c CMakeFiles/motor_control_by_mqtt.dir/C_/Program_Files/Raspberry_Pi/Pico_SDK_v1.5.1/pico-sdk/lib/lwip/src/core/udp.c.obj
                0x10009650                udp_new
 .text.udp_netif_ip_addr_changed
                0x1000966c       0x40 CMakeFiles/motor_control_by_mqtt.dir/C_/Program_Files/Raspberry_Pi/Pico_SDK_v1.5.1/pico-sdk/lib/lwip/src/core/udp.c.obj
                0x1000966c                udp_netif_ip_addr_changed
 .text.dhcp_create_msg
                0x100096ac      0x16c CMakeFiles/motor_control_by_mqtt.dir/C_/Program_Files/Raspberry_Pi/Pico_SDK_v1.5.1/pico-sdk/lib/lwip/src/core/ipv4/dhcp.c.obj
 .text.dhcp_inc_pcb_refcount
                0x10009818       0x6c CMakeFiles/motor_control_by_mqtt.dir/C_/Program_Files/Raspberry_Pi/Pico_SDK_v1.5.1/pico-sdk/lib/lwip/src/core/ipv4/dhcp.c.obj
 .text.dhcp_bind
                0x10009884      0x140 CMakeFiles/motor_control_by_mqtt.dir/C_/Program_Files/Raspberry_Pi/Pico_SDK_v1.5.1/pico-sdk/lib/lwip/src/core/ipv4/dhcp.c.obj
 .text.dhcp_option_hostname.isra.0
                0x100099c4       0x8c CMakeFiles/motor_control_by_mqtt.dir/C_/Program_Files/Raspberry_Pi/Pico_SDK_v1.5.1/pico-sdk/lib/lwip/src/core/ipv4/dhcp.c.obj
 .text.dhcp_handle_ack.isra.0
                0x10009a50       0xcc CMakeFiles/motor_control_by_mqtt.dir/C_/Program_Files/Raspberry_Pi/Pico_SDK_v1.5.1/pico-sdk/lib/lwip/src/core/ipv4/dhcp.c.obj
 .text.dhcp_reboot.isra.0
                0x10009b1c      0x1e4 CMakeFiles/motor_control_by_mqtt.dir/C_/Program_Files/Raspberry_Pi/Pico_SDK_v1.5.1/pico-sdk/lib/lwip/src/core/ipv4/dhcp.c.obj
 .text.dhcp_discover
                0x10009d00      0x198 CMakeFiles/motor_control_by_mqtt.dir/C_/Program_Files/Raspberry_Pi/Pico_SDK_v1.5.1/pico-sdk/lib/lwip/src/core/ipv4/dhcp.c.obj
 .text.dhcp_select.isra.0
                0x10009e98      0x268 CMakeFiles/motor_control_by_mqtt.dir/C_/Program_Files/Raspberry_Pi/Pico_SDK_v1.5.1/pico-sdk/lib/lwip/src/core/ipv4/dhcp.c.obj
 .text.dhcp_recv
                0x1000a100      0x494 CMakeFiles/motor_control_by_mqtt.dir/C_/Program_Files/Raspberry_Pi/Pico_SDK_v1.5.1/pico-sdk/lib/lwip/src/core/ipv4/dhcp.c.obj
 .text.dhcp_set_struct
                0x1000a594       0x44 CMakeFiles/motor_control_by_mqtt.dir/C_/Program_Files/Raspberry_Pi/Pico_SDK_v1.5.1/pico-sdk/lib/lwip/src/core/ipv4/dhcp.c.obj
                0x1000a594                dhcp_set_struct
 .text.dhcp_network_changed_link_up
                0x1000a5d8       0x40 CMakeFiles/motor_control_by_mqtt.dir/C_/Program_Files/Raspberry_Pi/Pico_SDK_v1.5.1/pico-sdk/lib/lwip/src/core/ipv4/dhcp.c.obj
                0x1000a5d8                dhcp_network_changed_link_up
 .text.dhcp_renew
                0x1000a618      0x1b8 CMakeFiles/motor_control_by_mqtt.dir/C_/Program_Files/Raspberry_Pi/Pico_SDK_v1.5.1/pico-sdk/lib/lwip/src/core/ipv4/dhcp.c.obj
                0x1000a618                dhcp_renew
 .text.dhcp_release_and_stop
                0x1000a7d0      0x180 CMakeFiles/motor_control_by_mqtt.dir/C_/Program_Files/Raspberry_Pi/Pico_SDK_v1.5.1/pico-sdk/lib/lwip/src/core/ipv4/dhcp.c.obj
                0x1000a7d0                dhcp_release_and_stop
 .text.dhcp_start
                0x1000a950       0xb0 CMakeFiles/motor_control_by_mqtt.dir/C_/Program_Files/Raspberry_Pi/Pico_SDK_v1.5.1/pico-sdk/lib/lwip/src/core/ipv4/dhcp.c.obj
                0x1000a950                dhcp_start
 .text.dhcp_coarse_tmr
                0x1000aa00      0x238 CMakeFiles/motor_control_by_mqtt.dir/C_/Program_Files/Raspberry_Pi/Pico_SDK_v1.5.1/pico-sdk/lib/lwip/src/core/ipv4/dhcp.c.obj
                0x1000aa00                dhcp_coarse_tmr
 .text.dhcp_fine_tmr
                0x1000ac38       0x78 CMakeFiles/motor_control_by_mqtt.dir/C_/Program_Files/Raspberry_Pi/Pico_SDK_v1.5.1/pico-sdk/lib/lwip/src/core/ipv4/dhcp.c.obj
                0x1000ac38                dhcp_fine_tmr
 .text.dhcp_stop
                0x1000acb0      0x180 CMakeFiles/motor_control_by_mqtt.dir/C_/Program_Files/Raspberry_Pi/Pico_SDK_v1.5.1/pico-sdk/lib/lwip/src/core/ipv4/dhcp.c.obj
                0x1000acb0                dhcp_stop
 .text.etharp_find_entry
                0x1000ae30     0x1fbc CMakeFiles/motor_control_by_mqtt.dir/C_/Program_Files/Raspberry_Pi/Pico_SDK_v1.5.1/pico-sdk/lib/lwip/src/core/ipv4/etharp.c.obj
 .text.etharp_raw
                0x1000cdec       0xec CMakeFiles/motor_control_by_mqtt.dir/C_/Program_Files/Raspberry_Pi/Pico_SDK_v1.5.1/pico-sdk/lib/lwip/src/core/ipv4/etharp.c.obj
 .text.etharp_output_to_arp_index
                0x1000ced8       0xe4 CMakeFiles/motor_control_by_mqtt.dir/C_/Program_Files/Raspberry_Pi/Pico_SDK_v1.5.1/pico-sdk/lib/lwip/src/core/ipv4/etharp.c.obj
 .text.etharp_tmr
                0x1000cfbc       0x94 CMakeFiles/motor_control_by_mqtt.dir/C_/Program_Files/Raspberry_Pi/Pico_SDK_v1.5.1/pico-sdk/lib/lwip/src/core/ipv4/etharp.c.obj
                0x1000cfbc                etharp_tmr
 .text.etharp_cleanup_netif
                0x1000d050      0x188 CMakeFiles/motor_control_by_mqtt.dir/C_/Program_Files/Raspberry_Pi/Pico_SDK_v1.5.1/pico-sdk/lib/lwip/src/core/ipv4/etharp.c.obj
                0x1000d050                etharp_cleanup_netif
 .text.etharp_input
                0x1000d1d8      0x1b0 CMakeFiles/motor_control_by_mqtt.dir/C_/Program_Files/Raspberry_Pi/Pico_SDK_v1.5.1/pico-sdk/lib/lwip/src/core/ipv4/etharp.c.obj
                0x1000d1d8                etharp_input
 .text.etharp_query
                0x1000d388      0x1c0 CMakeFiles/motor_control_by_mqtt.dir/C_/Program_Files/Raspberry_Pi/Pico_SDK_v1.5.1/pico-sdk/lib/lwip/src/core/ipv4/etharp.c.obj
                0x1000d388                etharp_query
 .text.etharp_output
                0x1000d548      0x24c CMakeFiles/motor_control_by_mqtt.dir/C_/Program_Files/Raspberry_Pi/Pico_SDK_v1.5.1/pico-sdk/lib/lwip/src/core/ipv4/etharp.c.obj
                0x1000d548                etharp_output
 .text.etharp_request
                0x1000d794       0x2c CMakeFiles/motor_control_by_mqtt.dir/C_/Program_Files/Raspberry_Pi/Pico_SDK_v1.5.1/pico-sdk/lib/lwip/src/core/ipv4/etharp.c.obj
                0x1000d794                etharp_request
 .text.icmp_input
                0x1000d7c0      0x1e8 CMakeFiles/motor_control_by_mqtt.dir/C_/Program_Files/Raspberry_Pi/Pico_SDK_v1.5.1/pico-sdk/lib/lwip/src/core/ipv4/icmp.c.obj
                0x1000d7c0                icmp_input
 .text.icmp_dest_unreach
                0x1000d9a8       0xd0 CMakeFiles/motor_control_by_mqtt.dir/C_/Program_Files/Raspberry_Pi/Pico_SDK_v1.5.1/pico-sdk/lib/lwip/src/core/ipv4/icmp.c.obj
                0x1000d9a8                icmp_dest_unreach
 .text.icmp_time_exceeded
                0x1000da78       0xd0 CMakeFiles/motor_control_by_mqtt.dir/C_/Program_Files/Raspberry_Pi/Pico_SDK_v1.5.1/pico-sdk/lib/lwip/src/core/ipv4/icmp.c.obj
                0x1000da78                icmp_time_exceeded
 .text.ip_reass_free_complete_datagram
                0x1000db48      0x114 CMakeFiles/motor_control_by_mqtt.dir/C_/Program_Files/Raspberry_Pi/Pico_SDK_v1.5.1/pico-sdk/lib/lwip/src/core/ipv4/ip4_frag.c.obj
 .text.ip_reass_remove_oldest_datagram
                0x1000dc5c       0xd8 CMakeFiles/motor_control_by_mqtt.dir/C_/Program_Files/Raspberry_Pi/Pico_SDK_v1.5.1/pico-sdk/lib/lwip/src/core/ipv4/ip4_frag.c.obj
 .text.ip_reass_tmr
                0x1000dd34       0x38 CMakeFiles/motor_control_by_mqtt.dir/C_/Program_Files/Raspberry_Pi/Pico_SDK_v1.5.1/pico-sdk/lib/lwip/src/core/ipv4/ip4_frag.c.obj
                0x1000dd34                ip_reass_tmr
 .text.ip4_reass
                0x1000dd6c      0x534 CMakeFiles/motor_control_by_mqtt.dir/C_/Program_Files/Raspberry_Pi/Pico_SDK_v1.5.1/pico-sdk/lib/lwip/src/core/ipv4/ip4_frag.c.obj
                0x1000dd6c                ip4_reass
 .text.ip4_frag
                0x1000e2a0      0x17c CMakeFiles/motor_control_by_mqtt.dir/C_/Program_Files/Raspberry_Pi/Pico_SDK_v1.5.1/pico-sdk/lib/lwip/src/core/ipv4/ip4_frag.c.obj
                0x1000e2a0                ip4_frag
 .text.ip4_route
                0x1000e41c       0x7c CMakeFiles/motor_control_by_mqtt.dir/C_/Program_Files/Raspberry_Pi/Pico_SDK_v1.5.1/pico-sdk/lib/lwip/src/core/ipv4/ip4.c.obj
                0x1000e41c                ip4_route
 .text.ip4_input
                0x1000e498      0x2cc CMakeFiles/motor_control_by_mqtt.dir/C_/Program_Files/Raspberry_Pi/Pico_SDK_v1.5.1/pico-sdk/lib/lwip/src/core/ipv4/ip4.c.obj
                0x1000e498                ip4_input
 .text.ip4_output_if
                0x1000e764      0x190 CMakeFiles/motor_control_by_mqtt.dir/C_/Program_Files/Raspberry_Pi/Pico_SDK_v1.5.1/pico-sdk/lib/lwip/src/core/ipv4/ip4.c.obj
                0x1000e764                ip4_output_if
 .text.ip4_output_if_src
                0x1000e8f4      0x17c CMakeFiles/motor_control_by_mqtt.dir/C_/Program_Files/Raspberry_Pi/Pico_SDK_v1.5.1/pico-sdk/lib/lwip/src/core/ipv4/ip4.c.obj
                0x1000e8f4                ip4_output_if_src
 .text.ip4_addr_isbroadcast_u32
                0x1000ea70       0x3c CMakeFiles/motor_control_by_mqtt.dir/C_/Program_Files/Raspberry_Pi/Pico_SDK_v1.5.1/pico-sdk/lib/lwip/src/core/ipv4/ip4_addr.c.obj
                0x1000ea70                ip4_addr_isbroadcast_u32
 .text.ip4addr_aton
                0x1000eaac      0x188 CMakeFiles/motor_control_by_mqtt.dir/C_/Program_Files/Raspberry_Pi/Pico_SDK_v1.5.1/pico-sdk/lib/lwip/src/core/ipv4/ip4_addr.c.obj
                0x1000eaac                ip4addr_aton
 .text.ethernet_input
                0x1000ec34       0xd0 CMakeFiles/motor_control_by_mqtt.dir/C_/Program_Files/Raspberry_Pi/Pico_SDK_v1.5.1/pico-sdk/lib/lwip/src/netif/ethernet.c.obj
                0x1000ec34                ethernet_input
 .text.ethernet_output
                0x1000ed04       0x6c CMakeFiles/motor_control_by_mqtt.dir/C_/Program_Files/Raspberry_Pi/Pico_SDK_v1.5.1/pico-sdk/lib/lwip/src/netif/ethernet.c.obj
                0x1000ed04                ethernet_output
 .text.cyw43_arch_wifi_connect_bssid_until.part.0
                0x1000ed70       0xd8 CMakeFiles/motor_control_by_mqtt.dir/C_/Program_Files/Raspberry_Pi/Pico_SDK_v1.5.1/pico-sdk/src/rp2_common/pico_cyw43_arch/cyw43_arch.c.obj
 .text.cyw43_arch_set_async_context
                0x1000ee48        0xc CMakeFiles/motor_control_by_mqtt.dir/C_/Program_Files/Raspberry_Pi/Pico_SDK_v1.5.1/pico-sdk/src/rp2_common/pico_cyw43_arch/cyw43_arch.c.obj
                0x1000ee48                cyw43_arch_set_async_context
 .text.cyw43_arch_enable_sta_mode
                0x1000ee54       0x1c CMakeFiles/motor_control_by_mqtt.dir/C_/Program_Files/Raspberry_Pi/Pico_SDK_v1.5.1/pico-sdk/src/rp2_common/pico_cyw43_arch/cyw43_arch.c.obj
                0x1000ee54                cyw43_arch_enable_sta_mode
 .text.cyw43_arch_wifi_connect_timeout_ms
                0x1000ee70       0x9c CMakeFiles/motor_control_by_mqtt.dir/C_/Program_Files/Raspberry_Pi/Pico_SDK_v1.5.1/pico-sdk/src/rp2_common/pico_cyw43_arch/cyw43_arch.c.obj
                0x1000ee70                cyw43_arch_wifi_connect_timeout_ms
 .text.cyw43_arch_async_context
                0x1000ef0c        0xc CMakeFiles/motor_control_by_mqtt.dir/C_/Program_Files/Raspberry_Pi/Pico_SDK_v1.5.1/pico-sdk/src/rp2_common/pico_cyw43_arch/cyw43_arch.c.obj
                0x1000ef0c                cyw43_arch_async_context
 .text.cyw43_arch_init
                0x1000ef18       0x80 CMakeFiles/motor_control_by_mqtt.dir/C_/Program_Files/Raspberry_Pi/Pico_SDK_v1.5.1/pico-sdk/src/rp2_common/pico_cyw43_arch/cyw43_arch_threadsafe_background.c.obj
                0x1000ef18                cyw43_arch_init
 .text.ns_delay.constprop.0
                0x1000ef98       0x20 CMakeFiles/motor_control_by_mqtt.dir/C_/Program_Files/Raspberry_Pi/Pico_SDK_v1.5.1/pico-sdk/src/rp2_common/pico_cyw43_driver/cyw43_bus_pio_spi.c.obj
 .text.cyw43_spi_deinit
                0x1000efb8       0x7c CMakeFiles/motor_control_by_mqtt.dir/C_/Program_Files/Raspberry_Pi/Pico_SDK_v1.5.1/pico-sdk/src/rp2_common/pico_cyw43_driver/cyw43_bus_pio_spi.c.obj
                0x1000efb8                cyw43_spi_deinit
 .text.cyw43_spi_init
                0x1000f034      0x154 CMakeFiles/motor_control_by_mqtt.dir/C_/Program_Files/Raspberry_Pi/Pico_SDK_v1.5.1/pico-sdk/src/rp2_common/pico_cyw43_driver/cyw43_bus_pio_spi.c.obj
                0x1000f034                cyw43_spi_init
 .text.cyw43_spi_transfer
                0x1000f188      0x430 CMakeFiles/motor_control_by_mqtt.dir/C_/Program_Files/Raspberry_Pi/Pico_SDK_v1.5.1/pico-sdk/src/rp2_common/pico_cyw43_driver/cyw43_bus_pio_spi.c.obj
                0x1000f188                cyw43_spi_transfer
 .text.cyw43_spi_gpio_setup
                0x1000f5b8       0x3c CMakeFiles/motor_control_by_mqtt.dir/C_/Program_Files/Raspberry_Pi/Pico_SDK_v1.5.1/pico-sdk/src/rp2_common/pico_cyw43_driver/cyw43_bus_pio_spi.c.obj
                0x1000f5b8                cyw43_spi_gpio_setup
 .text.cyw43_spi_reset
                0x1000f5f4       0x28 CMakeFiles/motor_control_by_mqtt.dir/C_/Program_Files/Raspberry_Pi/Pico_SDK_v1.5.1/pico-sdk/src/rp2_common/pico_cyw43_driver/cyw43_bus_pio_spi.c.obj
                0x1000f5f4                cyw43_spi_reset
 .text.read_reg_u32_swap
                0x1000f61c       0x3c CMakeFiles/motor_control_by_mqtt.dir/C_/Program_Files/Raspberry_Pi/Pico_SDK_v1.5.1/pico-sdk/src/rp2_common/pico_cyw43_driver/cyw43_bus_pio_spi.c.obj
                0x1000f61c                read_reg_u32_swap
 .text.cyw43_read_reg_u32
                0x1000f658       0x6c CMakeFiles/motor_control_by_mqtt.dir/C_/Program_Files/Raspberry_Pi/Pico_SDK_v1.5.1/pico-sdk/src/rp2_common/pico_cyw43_driver/cyw43_bus_pio_spi.c.obj
                0x1000f658                cyw43_read_reg_u32
 .text.cyw43_read_reg_u16
                0x1000f6c4       0x6c CMakeFiles/motor_control_by_mqtt.dir/C_/Program_Files/Raspberry_Pi/Pico_SDK_v1.5.1/pico-sdk/src/rp2_common/pico_cyw43_driver/cyw43_bus_pio_spi.c.obj
                0x1000f6c4                cyw43_read_reg_u16
 .text.cyw43_read_reg_u8
                0x1000f730       0x6c CMakeFiles/motor_control_by_mqtt.dir/C_/Program_Files/Raspberry_Pi/Pico_SDK_v1.5.1/pico-sdk/src/rp2_common/pico_cyw43_driver/cyw43_bus_pio_spi.c.obj
                0x1000f730                cyw43_read_reg_u8
 .text.write_reg_u32_swap
                0x1000f79c      0x1e0 CMakeFiles/motor_control_by_mqtt.dir/C_/Program_Files/Raspberry_Pi/Pico_SDK_v1.5.1/pico-sdk/src/rp2_common/pico_cyw43_driver/cyw43_bus_pio_spi.c.obj
                0x1000f79c                write_reg_u32_swap
 .text.cyw43_write_reg_u32
                0x1000f97c      0x200 CMakeFiles/motor_control_by_mqtt.dir/C_/Program_Files/Raspberry_Pi/Pico_SDK_v1.5.1/pico-sdk/src/rp2_common/pico_cyw43_driver/cyw43_bus_pio_spi.c.obj
                0x1000f97c                cyw43_write_reg_u32
 .text.cyw43_write_reg_u16
                0x1000fb7c      0x200 CMakeFiles/motor_control_by_mqtt.dir/C_/Program_Files/Raspberry_Pi/Pico_SDK_v1.5.1/pico-sdk/src/rp2_common/pico_cyw43_driver/cyw43_bus_pio_spi.c.obj
                0x1000fb7c                cyw43_write_reg_u16
 .text.cyw43_write_reg_u8
                0x1000fd7c      0x200 CMakeFiles/motor_control_by_mqtt.dir/C_/Program_Files/Raspberry_Pi/Pico_SDK_v1.5.1/pico-sdk/src/rp2_common/pico_cyw43_driver/cyw43_bus_pio_spi.c.obj
                0x1000fd7c                cyw43_write_reg_u8
 .text.cyw43_read_bytes
                0x1000ff7c       0x78 CMakeFiles/motor_control_by_mqtt.dir/C_/Program_Files/Raspberry_Pi/Pico_SDK_v1.5.1/pico-sdk/src/rp2_common/pico_cyw43_driver/cyw43_bus_pio_spi.c.obj
                0x1000ff7c                cyw43_read_bytes
 .text.cyw43_write_bytes
                0x1000fff4       0xec CMakeFiles/motor_control_by_mqtt.dir/C_/Program_Files/Raspberry_Pi/Pico_SDK_v1.5.1/pico-sdk/src/rp2_common/pico_cyw43_driver/cyw43_bus_pio_spi.c.obj
                0x1000fff4                cyw43_write_bytes
 .text.cyw43_set_backplane_window
                0x100100e0       0x64 CMakeFiles/motor_control_by_mqtt.dir/C_/Program_Files/Raspberry_Pi/Pico_SDK_v1.5.1/pico-sdk/lib/cyw43-driver/src/cyw43_ll.c.obj
 .text.cyw43_ll_parse_async_event
                0x10010144      0x13c CMakeFiles/motor_control_by_mqtt.dir/C_/Program_Files/Raspberry_Pi/Pico_SDK_v1.5.1/pico-sdk/lib/cyw43-driver/src/cyw43_ll.c.obj
 .text.cyw43_kso_set
                0x10010280       0xa0 CMakeFiles/motor_control_by_mqtt.dir/C_/Program_Files/Raspberry_Pi/Pico_SDK_v1.5.1/pico-sdk/lib/cyw43-driver/src/cyw43_ll.c.obj
 .text.cyw43_ll_sdpcm_poll_device
                0x10010320      0x238 CMakeFiles/motor_control_by_mqtt.dir/C_/Program_Files/Raspberry_Pi/Pico_SDK_v1.5.1/pico-sdk/lib/cyw43-driver/src/cyw43_ll.c.obj
 .text.cyw43_sdpcm_send_common
                0x10010558       0xf0 CMakeFiles/motor_control_by_mqtt.dir/C_/Program_Files/Raspberry_Pi/Pico_SDK_v1.5.1/pico-sdk/lib/cyw43-driver/src/cyw43_ll.c.obj
 .text.cyw43_do_ioctl
                0x10010648      0x110 CMakeFiles/motor_control_by_mqtt.dir/C_/Program_Files/Raspberry_Pi/Pico_SDK_v1.5.1/pico-sdk/lib/cyw43-driver/src/cyw43_ll.c.obj
 .text.cyw43_do_ioctl.constprop.0
                0x10010758      0x108 CMakeFiles/motor_control_by_mqtt.dir/C_/Program_Files/Raspberry_Pi/Pico_SDK_v1.5.1/pico-sdk/lib/cyw43-driver/src/cyw43_ll.c.obj
 .text.cyw43_read_backplane.constprop.0
                0x10010860       0xdc CMakeFiles/motor_control_by_mqtt.dir/C_/Program_Files/Raspberry_Pi/Pico_SDK_v1.5.1/pico-sdk/lib/cyw43-driver/src/cyw43_ll.c.obj
 .text.reset_device_core.constprop.0
                0x1001093c      0x3f0 CMakeFiles/motor_control_by_mqtt.dir/C_/Program_Files/Raspberry_Pi/Pico_SDK_v1.5.1/pico-sdk/lib/cyw43-driver/src/cyw43_ll.c.obj
 .text.cyw43_ll_init
                0x10010d2c       0x1c CMakeFiles/motor_control_by_mqtt.dir/C_/Program_Files/Raspberry_Pi/Pico_SDK_v1.5.1/pico-sdk/lib/cyw43-driver/src/cyw43_ll.c.obj
                0x10010d2c                cyw43_ll_init
 .text.cyw43_ll_deinit
                0x10010d48        0x8 CMakeFiles/motor_control_by_mqtt.dir/C_/Program_Files/Raspberry_Pi/Pico_SDK_v1.5.1/pico-sdk/lib/cyw43-driver/src/cyw43_ll.c.obj
                0x10010d48                cyw43_ll_deinit
 .text.cyw43_ll_send_ethernet
                0x10010d50       0x60 CMakeFiles/motor_control_by_mqtt.dir/C_/Program_Files/Raspberry_Pi/Pico_SDK_v1.5.1/pico-sdk/lib/cyw43-driver/src/cyw43_ll.c.obj
                0x10010d50                cyw43_ll_send_ethernet
 .text.cyw43_ll_process_packets
                0x10010db0       0x54 CMakeFiles/motor_control_by_mqtt.dir/C_/Program_Files/Raspberry_Pi/Pico_SDK_v1.5.1/pico-sdk/lib/cyw43-driver/src/cyw43_ll.c.obj
                0x10010db0                cyw43_ll_process_packets
 .text.cyw43_ll_ioctl
                0x10010e04       0x20 CMakeFiles/motor_control_by_mqtt.dir/C_/Program_Files/Raspberry_Pi/Pico_SDK_v1.5.1/pico-sdk/lib/cyw43-driver/src/cyw43_ll.c.obj
                0x10010e04                cyw43_ll_ioctl
 .text.cyw43_ll_bus_sleep
                0x10010e24       0x34 CMakeFiles/motor_control_by_mqtt.dir/C_/Program_Files/Raspberry_Pi/Pico_SDK_v1.5.1/pico-sdk/lib/cyw43-driver/src/cyw43_ll.c.obj
                0x10010e24                cyw43_ll_bus_sleep
 .text.cyw43_ll_bus_init
                0x10010e58      0xbf0 CMakeFiles/motor_control_by_mqtt.dir/C_/Program_Files/Raspberry_Pi/Pico_SDK_v1.5.1/pico-sdk/lib/cyw43-driver/src/cyw43_ll.c.obj
                0x10010e58                cyw43_ll_bus_init
 .text.cyw43_ll_wifi_on
                0x10011a48      0x240 CMakeFiles/motor_control_by_mqtt.dir/C_/Program_Files/Raspberry_Pi/Pico_SDK_v1.5.1/pico-sdk/lib/cyw43-driver/src/cyw43_ll.c.obj
                0x10011a48                cyw43_ll_wifi_on
 .text.cyw43_ll_wifi_get_mac
                0x10011c88       0x44 CMakeFiles/motor_control_by_mqtt.dir/C_/Program_Files/Raspberry_Pi/Pico_SDK_v1.5.1/pico-sdk/lib/cyw43-driver/src/cyw43_ll.c.obj
                0x10011c88                cyw43_ll_wifi_get_mac
 .text.cyw43_ll_wifi_pm
                0x10011ccc      0x194 CMakeFiles/motor_control_by_mqtt.dir/C_/Program_Files/Raspberry_Pi/Pico_SDK_v1.5.1/pico-sdk/lib/cyw43-driver/src/cyw43_ll.c.obj
                0x10011ccc                cyw43_ll_wifi_pm
 .text.cyw43_ll_wifi_join
                0x10011e60      0x310 CMakeFiles/motor_control_by_mqtt.dir/C_/Program_Files/Raspberry_Pi/Pico_SDK_v1.5.1/pico-sdk/lib/cyw43-driver/src/cyw43_ll.c.obj
                0x10011e60                cyw43_ll_wifi_join
 .text.cyw43_ll_wifi_set_wpa_auth
                0x10012170       0x2c CMakeFiles/motor_control_by_mqtt.dir/C_/Program_Files/Raspberry_Pi/Pico_SDK_v1.5.1/pico-sdk/lib/cyw43-driver/src/cyw43_ll.c.obj
                0x10012170                cyw43_ll_wifi_set_wpa_auth
 .text.cyw43_ll_wifi_rejoin
                0x1001219c       0x1c CMakeFiles/motor_control_by_mqtt.dir/C_/Program_Files/Raspberry_Pi/Pico_SDK_v1.5.1/pico-sdk/lib/cyw43-driver/src/cyw43_ll.c.obj
                0x1001219c                cyw43_ll_wifi_rejoin
 .text.cyw43_ll_wifi_ap_init
                0x100121b8      0x2c4 CMakeFiles/motor_control_by_mqtt.dir/C_/Program_Files/Raspberry_Pi/Pico_SDK_v1.5.1/pico-sdk/lib/cyw43-driver/src/cyw43_ll.c.obj
                0x100121b8                cyw43_ll_wifi_ap_init
 .text.cyw43_ll_wifi_ap_set_up
                0x1001247c       0x54 CMakeFiles/motor_control_by_mqtt.dir/C_/Program_Files/Raspberry_Pi/Pico_SDK_v1.5.1/pico-sdk/lib/cyw43-driver/src/cyw43_ll.c.obj
                0x1001247c                cyw43_ll_wifi_ap_set_up
 .text.cyw43_ll_has_work
                0x100124d0       0x14 CMakeFiles/motor_control_by_mqtt.dir/C_/Program_Files/Raspberry_Pi/Pico_SDK_v1.5.1/pico-sdk/lib/cyw43-driver/src/cyw43_ll.c.obj
                0x100124d0                cyw43_ll_has_work
 .text.cyw43_netif_init
                0x100124e4       0x3c CMakeFiles/motor_control_by_mqtt.dir/C_/Program_Files/Raspberry_Pi/Pico_SDK_v1.5.1/pico-sdk/lib/cyw43-driver/src/cyw43_lwip.c.obj
 .text.cyw43_netif_output
                0x10012520       0x34 CMakeFiles/motor_control_by_mqtt.dir/C_/Program_Files/Raspberry_Pi/Pico_SDK_v1.5.1/pico-sdk/lib/cyw43-driver/src/cyw43_lwip.c.obj
 .text.cyw43_cb_tcpip_init
                0x10012554       0xfc CMakeFiles/motor_control_by_mqtt.dir/C_/Program_Files/Raspberry_Pi/Pico_SDK_v1.5.1/pico-sdk/lib/cyw43-driver/src/cyw43_lwip.c.obj
                0x10012554                cyw43_cb_tcpip_init
 .text.cyw43_cb_tcpip_deinit
                0x10012650       0x4c CMakeFiles/motor_control_by_mqtt.dir/C_/Program_Files/Raspberry_Pi/Pico_SDK_v1.5.1/pico-sdk/lib/cyw43-driver/src/cyw43_lwip.c.obj
                0x10012650                cyw43_cb_tcpip_deinit
 .text.cyw43_cb_process_ethernet
                0x1001269c       0x68 CMakeFiles/motor_control_by_mqtt.dir/C_/Program_Files/Raspberry_Pi/Pico_SDK_v1.5.1/pico-sdk/lib/cyw43-driver/src/cyw43_lwip.c.obj
                0x1001269c                cyw43_cb_process_ethernet
 .text.cyw43_cb_tcpip_set_link_up
                0x10012704       0x18 CMakeFiles/motor_control_by_mqtt.dir/C_/Program_Files/Raspberry_Pi/Pico_SDK_v1.5.1/pico-sdk/lib/cyw43-driver/src/cyw43_lwip.c.obj
                0x10012704                cyw43_cb_tcpip_set_link_up
 .text.cyw43_cb_tcpip_set_link_down
                0x1001271c       0x18 CMakeFiles/motor_control_by_mqtt.dir/C_/Program_Files/Raspberry_Pi/Pico_SDK_v1.5.1/pico-sdk/lib/cyw43-driver/src/cyw43_lwip.c.obj
                0x1001271c                cyw43_cb_tcpip_set_link_down
 .text.cyw43_tcpip_link_status
                0x10012734       0x34 CMakeFiles/motor_control_by_mqtt.dir/C_/Program_Files/Raspberry_Pi/Pico_SDK_v1.5.1/pico-sdk/lib/cyw43-driver/src/cyw43_lwip.c.obj
                0x10012734                cyw43_tcpip_link_status
 .text.cyw43_poll_func
                0x10012768       0xc0 CMakeFiles/motor_control_by_mqtt.dir/C_/Program_Files/Raspberry_Pi/Pico_SDK_v1.5.1/pico-sdk/lib/cyw43-driver/src/cyw43_ctrl.c.obj
 .text.cyw43_init
                0x10012828       0x6c CMakeFiles/motor_control_by_mqtt.dir/C_/Program_Files/Raspberry_Pi/Pico_SDK_v1.5.1/pico-sdk/lib/cyw43-driver/src/cyw43_ctrl.c.obj
                0x10012828                cyw43_init
 .text.cyw43_deinit
                0x10012894       0x90 CMakeFiles/motor_control_by_mqtt.dir/C_/Program_Files/Raspberry_Pi/Pico_SDK_v1.5.1/pico-sdk/lib/cyw43-driver/src/cyw43_ctrl.c.obj
                0x10012894                cyw43_deinit
 .text.cyw43_cb_read_host_interrupt_pin
                0x10012924        0xc CMakeFiles/motor_control_by_mqtt.dir/C_/Program_Files/Raspberry_Pi/Pico_SDK_v1.5.1/pico-sdk/lib/cyw43-driver/src/cyw43_ctrl.c.obj
                0x10012924                cyw43_cb_read_host_interrupt_pin
 .text.cyw43_cb_ensure_awake
                0x10012930        0xc CMakeFiles/motor_control_by_mqtt.dir/C_/Program_Files/Raspberry_Pi/Pico_SDK_v1.5.1/pico-sdk/lib/cyw43-driver/src/cyw43_ctrl.c.obj
                0x10012930                cyw43_cb_ensure_awake
 .text.cyw43_cb_process_async_event
                0x1001293c      0x228 CMakeFiles/motor_control_by_mqtt.dir/C_/Program_Files/Raspberry_Pi/Pico_SDK_v1.5.1/pico-sdk/lib/cyw43-driver/src/cyw43_ctrl.c.obj
                0x1001293c                cyw43_cb_process_async_event
 .text.cyw43_send_ethernet
                0x10012b64       0xc0 CMakeFiles/motor_control_by_mqtt.dir/C_/Program_Files/Raspberry_Pi/Pico_SDK_v1.5.1/pico-sdk/lib/cyw43-driver/src/cyw43_ctrl.c.obj
                0x10012b64                cyw43_send_ethernet
 .text.cyw43_wifi_get_mac
                0x10012c24       0x10 CMakeFiles/motor_control_by_mqtt.dir/C_/Program_Files/Raspberry_Pi/Pico_SDK_v1.5.1/pico-sdk/lib/cyw43-driver/src/cyw43_ctrl.c.obj
                0x10012c24                cyw43_wifi_get_mac
 .text.cyw43_wifi_set_up
                0x10012c34      0x308 CMakeFiles/motor_control_by_mqtt.dir/C_/Program_Files/Raspberry_Pi/Pico_SDK_v1.5.1/pico-sdk/lib/cyw43-driver/src/cyw43_ctrl.c.obj
                0x10012c34                cyw43_wifi_set_up
 .text.cyw43_wifi_link_status
                0x10012f3c       0x3c CMakeFiles/motor_control_by_mqtt.dir/C_/Program_Files/Raspberry_Pi/Pico_SDK_v1.5.1/pico-sdk/lib/cyw43-driver/src/cyw43_ctrl.c.obj
                0x10012f3c                cyw43_wifi_link_status
 .text.cyw43_wifi_join
                0x10012f78       0xf4 CMakeFiles/motor_control_by_mqtt.dir/C_/Program_Files/Raspberry_Pi/Pico_SDK_v1.5.1/pico-sdk/lib/cyw43-driver/src/cyw43_ctrl.c.obj
                0x10012f78                cyw43_wifi_join
 .text.pio_sm_unclaim
                0x1001306c       0x20 CMakeFiles/motor_control_by_mqtt.dir/C_/Program_Files/Raspberry_Pi/Pico_SDK_v1.5.1/pico-sdk/src/rp2_common/hardware_pio/pio.c.obj
                0x1001306c                pio_sm_unclaim
 .text.pio_claim_unused_sm
                0x1001308c       0x3c CMakeFiles/motor_control_by_mqtt.dir/C_/Program_Files/Raspberry_Pi/Pico_SDK_v1.5.1/pico-sdk/src/rp2_common/hardware_pio/pio.c.obj
                0x1001308c                pio_claim_unused_sm
 .text.pio_can_add_program
                0x100130c8       0x68 CMakeFiles/motor_control_by_mqtt.dir/C_/Program_Files/Raspberry_Pi/Pico_SDK_v1.5.1/pico-sdk/src/rp2_common/hardware_pio/pio.c.obj
                0x100130c8                pio_can_add_program
 .text.pio_add_program
                0x10013130       0xc8 CMakeFiles/motor_control_by_mqtt.dir/C_/Program_Files/Raspberry_Pi/Pico_SDK_v1.5.1/pico-sdk/src/rp2_common/hardware_pio/pio.c.obj
                0x10013130                pio_add_program
 .text.pio_remove_program
                0x100131f8       0x34 CMakeFiles/motor_control_by_mqtt.dir/C_/Program_Files/Raspberry_Pi/Pico_SDK_v1.5.1/pico-sdk/src/rp2_common/hardware_pio/pio.c.obj
                0x100131f8                pio_remove_program
 .text.pio_sm_set_pindirs_with_mask
                0x1001322c       0xa4 CMakeFiles/motor_control_by_mqtt.dir/C_/Program_Files/Raspberry_Pi/Pico_SDK_v1.5.1/pico-sdk/src/rp2_common/hardware_pio/pio.c.obj
                0x1001322c                pio_sm_set_pindirs_with_mask
 .text.pio_sm_set_consecutive_pindirs
                0x100132d0       0xb0 CMakeFiles/motor_control_by_mqtt.dir/C_/Program_Files/Raspberry_Pi/Pico_SDK_v1.5.1/pico-sdk/src/rp2_common/hardware_pio/pio.c.obj
                0x100132d0                pio_sm_set_consecutive_pindirs
 .text.dma_channel_unclaim
                0x10013380       0x10 CMakeFiles/motor_control_by_mqtt.dir/C_/Program_Files/Raspberry_Pi/Pico_SDK_v1.5.1/pico-sdk/src/rp2_common/hardware_dma/dma.c.obj
                0x10013380                dma_channel_unclaim
 .text.dma_claim_unused_channel
                0x10013390       0x20 CMakeFiles/motor_control_by_mqtt.dir/C_/Program_Files/Raspberry_Pi/Pico_SDK_v1.5.1/pico-sdk/src/rp2_common/hardware_dma/dma.c.obj
                0x10013390                dma_claim_unused_channel
 .text.dma_channel_cleanup
                0x100133b0       0x60 CMakeFiles/motor_control_by_mqtt.dir/C_/Program_Files/Raspberry_Pi/Pico_SDK_v1.5.1/pico-sdk/src/rp2_common/hardware_dma/dma.c.obj
                0x100133b0                dma_channel_cleanup
 .text.cyw43_sleep_timeout_reached
                0x10013410       0x10 CMakeFiles/motor_control_by_mqtt.dir/C_/Program_Files/Raspberry_Pi/Pico_SDK_v1.5.1/pico-sdk/src/rp2_common/pico_cyw43_driver/cyw43_driver.c.obj
 .text.cyw43_irq_init
                0x10013420       0x28 CMakeFiles/motor_control_by_mqtt.dir/C_/Program_Files/Raspberry_Pi/Pico_SDK_v1.5.1/pico-sdk/src/rp2_common/pico_cyw43_driver/cyw43_driver.c.obj
                0x10013420                cyw43_irq_init
 .text.cyw43_irq_deinit
                0x10013448       0x20 CMakeFiles/motor_control_by_mqtt.dir/C_/Program_Files/Raspberry_Pi/Pico_SDK_v1.5.1/pico-sdk/src/rp2_common/pico_cyw43_driver/cyw43_driver.c.obj
                0x10013448                cyw43_irq_deinit
 .text.cyw43_gpio_irq_handler
                0x10013468       0x44 CMakeFiles/motor_control_by_mqtt.dir/C_/Program_Files/Raspberry_Pi/Pico_SDK_v1.5.1/pico-sdk/src/rp2_common/pico_cyw43_driver/cyw43_driver.c.obj
 .text.cyw43_do_poll
                0x100134ac       0x6c CMakeFiles/motor_control_by_mqtt.dir/C_/Program_Files/Raspberry_Pi/Pico_SDK_v1.5.1/pico-sdk/src/rp2_common/pico_cyw43_driver/cyw43_driver.c.obj
 .text.cyw43_post_poll_hook
                0x10013518       0x10 CMakeFiles/motor_control_by_mqtt.dir/C_/Program_Files/Raspberry_Pi/Pico_SDK_v1.5.1/pico-sdk/src/rp2_common/pico_cyw43_driver/cyw43_driver.c.obj
                0x10013518                cyw43_post_poll_hook
 .text.cyw43_schedule_internal_poll_dispatch
                0x10013528       0x18 CMakeFiles/motor_control_by_mqtt.dir/C_/Program_Files/Raspberry_Pi/Pico_SDK_v1.5.1/pico-sdk/src/rp2_common/pico_cyw43_driver/cyw43_driver.c.obj
                0x10013528                cyw43_schedule_internal_poll_dispatch
 .text.cyw43_driver_init
                0x10013540       0x38 CMakeFiles/motor_control_by_mqtt.dir/C_/Program_Files/Raspberry_Pi/Pico_SDK_v1.5.1/pico-sdk/src/rp2_common/pico_cyw43_driver/cyw43_driver.c.obj
                0x10013540                cyw43_driver_init
 .text.cyw43_driver_deinit
                0x10013578       0x44 CMakeFiles/motor_control_by_mqtt.dir/C_/Program_Files/Raspberry_Pi/Pico_SDK_v1.5.1/pico-sdk/src/rp2_common/pico_cyw43_driver/cyw43_driver.c.obj
                0x10013578                cyw43_driver_deinit
 .text.cyw43_hal_generate_laa_mac
                0x100135bc       0x28 CMakeFiles/motor_control_by_mqtt.dir/C_/Program_Files/Raspberry_Pi/Pico_SDK_v1.5.1/pico-sdk/src/rp2_common/pico_cyw43_driver/cyw43_driver.c.obj
                0x100135bc                cyw43_hal_generate_laa_mac
 .text.cyw43_hal_get_mac
                0x100135e4       0x1c CMakeFiles/motor_control_by_mqtt.dir/C_/Program_Files/Raspberry_Pi/Pico_SDK_v1.5.1/pico-sdk/src/rp2_common/pico_cyw43_driver/cyw43_driver.c.obj
                0x100135e4                cyw43_hal_get_mac
 .text.cyw43_thread_enter
                0x10013600       0x14 CMakeFiles/motor_control_by_mqtt.dir/C_/Program_Files/Raspberry_Pi/Pico_SDK_v1.5.1/pico-sdk/src/rp2_common/pico_cyw43_driver/cyw43_driver.c.obj
                0x10013600                cyw43_thread_enter
 .text.cyw43_thread_exit
                0x10013614       0x14 CMakeFiles/motor_control_by_mqtt.dir/C_/Program_Files/Raspberry_Pi/Pico_SDK_v1.5.1/pico-sdk/src/rp2_common/pico_cyw43_driver/cyw43_driver.c.obj
                0x10013614                cyw43_thread_exit
 .text.cyw43_await_background_or_timeout_us
                0x10013628       0x34 CMakeFiles/motor_control_by_mqtt.dir/C_/Program_Files/Raspberry_Pi/Pico_SDK_v1.5.1/pico-sdk/src/rp2_common/pico_cyw43_driver/cyw43_driver.c.obj
                0x10013628                cyw43_await_background_or_timeout_us
 .text.cyw43_delay_ms
                0x1001365c       0x44 CMakeFiles/motor_control_by_mqtt.dir/C_/Program_Files/Raspberry_Pi/Pico_SDK_v1.5.1/pico-sdk/src/rp2_common/pico_cyw43_driver/cyw43_driver.c.obj
                0x1001365c                cyw43_delay_ms
 .text.cyw43_delay_us
                0x100136a0       0x34 CMakeFiles/motor_control_by_mqtt.dir/C_/Program_Files/Raspberry_Pi/Pico_SDK_v1.5.1/pico-sdk/src/rp2_common/pico_cyw43_driver/cyw43_driver.c.obj
                0x100136a0                cyw43_delay_us
 .text.async_context_threadsafe_background_acquire_lock_blocking
                0x100136d4        0xc CMakeFiles/motor_control_by_mqtt.dir/C_/Program_Files/Raspberry_Pi/Pico_SDK_v1.5.1/pico-sdk/src/rp2_common/pico_async_context/async_context_threadsafe_background.c.obj
 .text.alarm_handler
                0x100136e0       0x20 CMakeFiles/motor_control_by_mqtt.dir/C_/Program_Files/Raspberry_Pi/Pico_SDK_v1.5.1/pico-sdk/src/rp2_common/pico_async_context/async_context_threadsafe_background.c.obj
 .text.async_context_threadsafe_background_set_work_pending
                0x10013700       0x1c CMakeFiles/motor_control_by_mqtt.dir/C_/Program_Files/Raspberry_Pi/Pico_SDK_v1.5.1/pico-sdk/src/rp2_common/pico_async_context/async_context_threadsafe_background.c.obj
 .text.process_under_lock
                0x1001371c       0xc8 CMakeFiles/motor_control_by_mqtt.dir/C_/Program_Files/Raspberry_Pi/Pico_SDK_v1.5.1/pico-sdk/src/rp2_common/pico_async_context/async_context_threadsafe_background.c.obj
 .text.async_context_threadsafe_background_execute_sync
                0x100137e4       0x30 CMakeFiles/motor_control_by_mqtt.dir/C_/Program_Files/Raspberry_Pi/Pico_SDK_v1.5.1/pico-sdk/src/rp2_common/pico_async_context/async_context_threadsafe_background.c.obj
                0x100137e4                async_context_threadsafe_background_execute_sync
 .text.async_context_threadsafe_background_deinit
                0x10013814       0x54 CMakeFiles/motor_control_by_mqtt.dir/C_/Program_Files/Raspberry_Pi/Pico_SDK_v1.5.1/pico-sdk/src/rp2_common/pico_async_context/async_context_threadsafe_background.c.obj
 .text.low_priority_irq_handler
                0x10013868       0x3c CMakeFiles/motor_control_by_mqtt.dir/C_/Program_Files/Raspberry_Pi/Pico_SDK_v1.5.1/pico-sdk/src/rp2_common/pico_async_context/async_context_threadsafe_background.c.obj
 .text.async_context_threadsafe_background_wait_for_work_until
                0x100138a4        0xc CMakeFiles/motor_control_by_mqtt.dir/C_/Program_Files/Raspberry_Pi/Pico_SDK_v1.5.1/pico-sdk/src/rp2_common/pico_async_context/async_context_threadsafe_background.c.obj
 .text.async_context_threadsafe_background_wait_until
                0x100138b0       0x1c CMakeFiles/motor_control_by_mqtt.dir/C_/Program_Files/Raspberry_Pi/Pico_SDK_v1.5.1/pico-sdk/src/rp2_common/pico_async_context/async_context_threadsafe_background.c.obj
 .text.async_context_threadsafe_background_lock_check
                0x100138cc       0x28 CMakeFiles/motor_control_by_mqtt.dir/C_/Program_Files/Raspberry_Pi/Pico_SDK_v1.5.1/pico-sdk/src/rp2_common/pico_async_context/async_context_threadsafe_background.c.obj
 .text.async_context_threadsafe_background_release_lock
                0x100138f4       0x1c CMakeFiles/motor_control_by_mqtt.dir/C_/Program_Files/Raspberry_Pi/Pico_SDK_v1.5.1/pico-sdk/src/rp2_common/pico_async_context/async_context_threadsafe_background.c.obj
 .text.async_context_threadsafe_background_when_pending_worker
                0x10013910       0x34 CMakeFiles/motor_control_by_mqtt.dir/C_/Program_Files/Raspberry_Pi/Pico_SDK_v1.5.1/pico-sdk/src/rp2_common/pico_async_context/async_context_threadsafe_background.c.obj
 .text.async_context_threadsafe_background_remove_at_time_worker
                0x10013944       0x34 CMakeFiles/motor_control_by_mqtt.dir/C_/Program_Files/Raspberry_Pi/Pico_SDK_v1.5.1/pico-sdk/src/rp2_common/pico_async_context/async_context_threadsafe_background.c.obj
 .text.async_context_threadsafe_background_add_when_pending_worker